
Running 345 tests using 1 worker

  ok   1 [setup] › tests\setup\auth.setup.ts:3:1 › authenticate (5.9s)
  ok   2 [unauthenticated] › tests\auth.spec.ts:3:1 › Login page loads (1.4s)
  ok   3 [unauthenticated] › tests\auth.spec.ts:9:1 › Login with valid credentials (4.1s)
  ok   4 [unauthenticated] › tests\auth.spec.ts:17:1 › Login with wrong password shows error (2.5s)
  ok   5 [authenticated] › tests\access-policies.full.spec.ts:69:1 › Access Policies stats → verify all 5 cards render with numbers (2.6s)
  ok   6 [authenticated] › tests\access-policies.full.spec.ts:82:3 › Access Policy CRUD › Create Policy → verify appears in table (2.9s)
  ok   7 [authenticated] › tests\access-policies.full.spec.ts:91:3 › Access Policy CRUD › Edit Policy → verify changes saved (2.6s)
  ok   8 [authenticated] › tests\access-policies.full.spec.ts:112:3 › Access Policy CRUD › Delete Policy → verify removed (2.9s)
  ok   9 [authenticated] › tests\access-policies.full.spec.ts:139:3 › Filters › Filter by Status → verify correct items shown (2.1s)
  ok  10 [authenticated] › tests\access-policies.full.spec.ts:148:3 › Filters › Filter by Effect → verify correct items shown (2.3s)
  ok  11 [authenticated] › tests\access-policies.full.spec.ts:157:3 › Filters › Filter by Resource → verify correct items shown (2.6s)
  ok  12 [authenticated] › tests\access-policies.full.spec.ts:166:3 › Filters › Filter by Action → verify correct items shown (2.4s)
  ok  13 [authenticated] › tests\access-policies.full.spec.ts:178:1 › Search Access Policies → verify filtered results (5.5s)
  ok  14 [authenticated] › tests\access-policies.full.spec.ts:208:1 › Empty state → shown when filters match nothing (2.6s)
  ok  15 [authenticated] › tests\categories.full.spec.ts:89:1 › Categories: root category appears in tree after creation (2.9s)
  x   16 [authenticated] › tests\categories.full.spec.ts:100:1 › Categories: create root category via UI modal → appears in tree (3.0s)
  ok  17 [authenticated] › tests\categories.full.spec.ts:125:1 › Categories: subcategory shown under parent when expanded (3.2s)
  x   18 [authenticated] › tests\categories.full.spec.ts:148:1 › Categories: rename category via Edit modal → updated in tree (3.5s)
  ok  19 [authenticated] › tests\categories.full.spec.ts:176:1 › Categories: delete leaf category → removed from tree (3.7s)
  ok  20 [authenticated] › tests\categories.full.spec.ts:204:1 › Categories: delete blocked when has subcategories → shows exact backend message (3.6s)
  x   21 [authenticated] › tests\categories.full.spec.ts:224:1 › Categories: delete blocked when has courses → shows exact backend message (5.1s)
  x   22 [authenticated] › tests\categories.full.spec.ts:256:1 › Categories: CourseForm category picker shows categories by UUID, not free text (3.1s)
  x   23 [authenticated] › tests\certificate-placeholders.full.spec.ts:155:1 › Template editor — unrecognized {{token}} warns immediately, valid chips never do (30.1s)
  ok  24 [authenticated] › tests\certificate-placeholders.full.spec.ts:180:1 › PDF generation strips an unrecognized {{...}} placeholder even when it reaches the saved template directly via the API (7.0s)
  x   25 [authenticated] › tests\certificates.full.spec.ts:151:1 › Create template — layout saved, bad hex color rejected client-side (30.1s)
  ok  26 [authenticated] › tests\certificates.full.spec.ts:190:1 › Edit template — PATCH body always carries the FULL layout, never a diff (5.3s)
  ok  27 [authenticated] › tests\certificates.full.spec.ts:229:1 › Delete template — confirm mentions surviving certificates, issued cert keeps working (7.9s)
  x   28 [authenticated] › tests\certificates.full.spec.ts:267:1 › Issue certificate — success case, appears in the list (30.1s)
  x   29 [authenticated] › tests\certificates.full.spec.ts:293:1 › Issue with certificateEnabled=false — exact backend message + link to course settings (30.1s)
  x   30 [authenticated] › tests\certificates.full.spec.ts:322:1 › Issue duplicate (course,user) pair — exact message + Reissue shortcut (30.1s)
  x   31 [authenticated] › tests\certificates.full.spec.ts:361:1 › Revoke certificate — succeeds, Revoke action disabled once already revoked (9.8s)
  x   32 [authenticated] › tests\certificates.full.spec.ts:392:1 › Reissue — confirm dialog states old QR/PDF stop working, new code differs from old (8.6s)
  x   33 [authenticated] › tests\certificates.full.spec.ts:423:1 › PDF download — fetched with Bearer header (not a bare anchor), not a document navigation (9.3s)
  x   34 [authenticated] › tests\certificates.full.spec.ts:443:1 › PDF download on a revoked certificate — handled as an error state, no broken download (15.9s)
  x   35 [authenticated] › tests\certificates.full.spec.ts:498:3 › Public verify page (no auth) › valid code — success state with student/course/date (2.2s)
  ok  36 [authenticated] › tests\certificates.full.spec.ts:515:3 › Public verify page (no auth) › revoked code — warning state, no certificate details (4.1s)
  ok  37 [authenticated] › tests\certificates.full.spec.ts:524:3 › Public verify page (no auth) › unknown code — not-found state (963ms)
  ok  38 [authenticated] › tests\certificates.full.spec.ts:529:3 › Public verify page (no auth) › malformed code — not-found state, no DB hit needed (736ms)
  ok  39 [authenticated] › tests\certificates.full.spec.ts:537:1 › Public verify API — no Authorization header, always 200 (90ms)
  x   40 [authenticated] › tests\competencies.full.spec.ts:77:1 › Competencies page loads with header, stats cards and tabs (11.7s)
  ok  41 [authenticated] › tests\competencies.full.spec.ts:90:1 › Create Competency creates a skill and it appears in the Competency List tab (11.5s)
  x   42 [authenticated] › tests\competencies.full.spec.ts:121:1 › Creating a framework and adding the competency as a required skill (15.6s)
  -   43 [authenticated] › tests\competencies.full.spec.ts:163:1 › Recording an assessment updates the user, surfaces a skill gap, and renders in User Progress
  ok  44 [authenticated] › tests\competencies.full.spec.ts:212:1 › Overview analytics charts render (2.5s)
  ok  45 [authenticated] › tests\competencies.full.spec.ts:229:1 › Competency Matrix header button switches to Overview and scrolls the matrix into view (2.3s)
  x   46 [authenticated] › tests\competencies.full.spec.ts:249:1 › Import/Export tab: export downloads a CSV and import creates a competency (13.1s)
  ok  47 [authenticated] › tests\competencies.full.spec.ts:308:1 › Settings tab: updating the passing threshold persists via PATCH and survives reload (3.7s)
  ok  48 [authenticated] › tests\content-library.full.spec.ts:89:3 › Known backend bugs (real API — expected RED until Hassan fixes them) › POST /content/confirm currently 500s on a valid sign+PUT+confirm chain (6.6s)
  ok  49 [authenticated] › tests\content-library.full.spec.ts:107:3 › Known backend bugs (real API — expected RED until Hassan fixes them) › GET /content always returns an empty content array despite a nonzero pagination.total (3.0s)
  x   50 [authenticated] › tests\content-library.full.spec.ts:121:1 › Upload dialog has NO type picker — SCORM/QUIZ structurally cannot be offered for upload (7.8s)
  ok  51 [authenticated] › tests\content-library.full.spec.ts:131:1 › Non-allowed MIME type blocked client-side — no /sign request fired (2.5s)
  ok  52 [authenticated] › tests\content-library.full.spec.ts:146:1 › Full 3-step upload — sign → PUT → confirm, row appears only after confirm succeeds (* mock) (9.9s)
  ok  53 [authenticated] › tests\content-library.full.spec.ts:174:1 › Tag normalization — whatever the server returns is re-rendered as-is, never fought client-side (* mock) (2.5s)
  ok  54 [authenticated] › tests\content-library.full.spec.ts:201:1 › Legacy row with fileUrl:null hides the download action (* mock) (2.1s)
  ok  55 [authenticated] › tests\content-library.full.spec.ts:211:1 › Delete — confirm dialog mentions removing the stored file, DELETE fires (* mock) (3.2s)
  ok  56 [authenticated] › tests\content-library.full.spec.ts:239:1 › Edit metadata — PATCH sends only changed fields, file fields never included (* mock) (3.2s)
  ok  57 [authenticated] › tests\content-library.full.spec.ts:269:1 › Overview guide "Upload Content" switches to Content tab and opens the upload dialog (5.9s)
  ok  58 [authenticated] › tests\course-approval.full.spec.ts:102:1 › Approval: Approve button visible on Pending row, confirm dialog → POST approve (8.5s)
  ok  59 [authenticated] › tests\course-approval.full.spec.ts:134:1 › Approval: Approve dismissed by confirm cancel → no API call (9.3s)
  x   60 [authenticated] › tests\course-approval.full.spec.ts:162:1 › Approval: Reject modal opens, validates required reason, counter (8.3s)
  x   61 [authenticated] › tests\course-approval.full.spec.ts:194:1 › Approval: Reject submits reason → POST reject, toast, course removed from Pending (30.2s)
  x   62 [authenticated] › tests\course-approval.full.spec.ts:223:1 › Approval: rejectionReason banner visible on Basic Info after reject (21.2s)
  ok  63 [authenticated] › tests\course-approval.full.spec.ts:258:1 › Approval: race-condition 400 on approve → no auto-retry, list refetches (9.3s)
  ok  64 [authenticated] › tests\course-approval.full.spec.ts:296:1 › Approval: double-click prevention — Approve button disabled during request (7.8s)
  x   65 [authenticated] › tests\course-approval.full.spec.ts:329:1 › Approval: double-click prevention — Request Changes button disabled during request (30.1s)
  ok  66 [authenticated] › tests\course-approval.full.spec.ts:365:1 › Approval: Approve/Reject not shown on non-Pending rows (20.2s)
  x   67 [authenticated] › tests\course-basic-info.full.spec.ts:76:1 › Basic Info edit: "Next: Course Builder" sends PATCH then navigates (regression) (10.8s)
  ok  68 [authenticated] › tests\course-basic-info.full.spec.ts:109:1 › Basic Info edit: nothing changed → no PATCH, navigate immediately (7.2s)
  x   69 [authenticated] › tests\course-basic-info.full.spec.ts:131:1 › Basic Info edit: "Save Draft" button still saves and returns to list (9.7s)
  x   70 [authenticated] › tests\course-builder.full.spec.ts:141:1 › Add section — title appears in the section list (6.6s)
  x   71 [authenticated] › tests\course-builder.full.spec.ts:150:1 › Add text lesson — lesson appears under its section (30.1s)
  x   72 [authenticated] › tests\course-builder.full.spec.ts:160:1 › Add valid video URL lesson — accepted and appears in list (30.1s)
  x   73 [authenticated] › tests\course-builder.full.spec.ts:192:1 › Reject invalid video URL — shows inline error, no API call (30.1s)
  x   74 [authenticated] › tests\course-builder.full.spec.ts:215:1 › Edit lesson prefill — form opens with existing values (30.1s)
  x   75 [authenticated] › tests\course-builder.full.spec.ts:236:1 › Delete section confirm — dismiss keeps it, confirm removes it (6.6s)
  x   76 [authenticated] › tests\course-builder.full.spec.ts:263:1 › Reorder sends ONE bulk PATCH and replaces state from response (13.6s)
  ok  77 [authenticated] › tests\course-preview.full.spec.ts:121:1 › Preview: renders course info, section/lesson tree, and step label (6.9s)
  ok  78 [authenticated] › tests\course-preview.full.spec.ts:139:1 › Preview: Desktop/Mobile toggle changes layout (CSS only — no new request) (7.8s)
  ok  79 [authenticated] › tests\course-preview.full.spec.ts:167:1 › Preview: VIDEO_URL lesson renders <video> element (6.8s)
  x   80 [authenticated] › tests\course-preview.full.spec.ts:185:1 › Preview: Back navigates to Settings, Next navigates to Submit (11.6s)
  x   81 [authenticated] › tests\course-preview.full.spec.ts:209:1 › Preview: empty sections → shows empty state, not a broken render (1.6s)
  x   82 [authenticated] › tests\course-preview.full.spec.ts:235:1 › Preview: 404 course → shows error state with Retry button (1.2s)
  x   83 [authenticated] › tests\course-settings.full.spec.ts:95:1 › Settings form: renders all sections and saves changed fields (5.8s)
  ok  84 [authenticated] › tests\course-settings.full.spec.ts:139:1 › Settings form: blocks save when Paid but price is empty (5.3s)
  x   85 [authenticated] › tests\course-settings.full.spec.ts:161:1 › Settings form: does not PATCH when no fields changed (7.3s)
  ok  86 [authenticated] › tests\course-settings.full.spec.ts:185:1 › Settings form: "Next: Preview" saves changes then navigates (8.2s)
  ok  87 [authenticated] › tests\course-settings.full.spec.ts:211:1 › Settings form: "Flipping to Free clears price input" (5.4s)
  x   88 [authenticated] › tests\course-settings.full.spec.ts:234:1 › Settings form: accessRules multi-selects save group and prerequisite course, reload restores selection (12.1s)
  x   89 [authenticated] › tests\course-submit.full.spec.ts:137:1 › Submit: successfully submits a ready course → shows success + Pending (1.2s)
  x   90 [authenticated] › tests\course-submit.full.spec.ts:161:1 › Submit: SUBMIT_CHECKS_FAILED → renders full errors[] list (1.3s)
  x   91 [authenticated] › tests\course-submit.full.spec.ts:188:1 › Submit: non-Draft course shows status guard (no submit button) (1.8s)
  x   92 [authenticated] › tests\course-submit.full.spec.ts:209:1 › Submit: "Save as Draft" navigates back to course list (1.5s)
  x   93 [authenticated] › tests\course-submit.full.spec.ts:226:1 › Submit: wrong-state 400 → shows exact backend message inline (not errors[] list) (7.8s)
  x   94 [authenticated] › tests\course-submit.full.spec.ts:259:1 › Submit: button is disabled during in-flight request (double-submit prevented) (8.6s)
  x   95 [authenticated] › tests\course-submit.full.spec.ts:289:1 › Submit: courses list shows Pending badge after submit without hard reload (invalidation) (9.3s)
  ok  96 [authenticated] › tests\course-upload.full.spec.ts:83:1 › Type rejection — non-image file blocked client-side, no API request (4.1s)
  x   97 [authenticated] › tests\course-upload.full.spec.ts:110:1 › Size rejection — file > 5 MB blocked client-side, no API request (12.1s)
  ok  98 [authenticated] › tests\course-upload.full.spec.ts:136:1 › Successful thumbnail flow — sign → PUT → confirm → preview visible (4.9s)
  x   99 [authenticated] › tests\course-upload.full.spec.ts:160:1 › Progress bar renders during file transfer (14.3s)
  x  100 [authenticated] › tests\course-upload.full.spec.ts:204:1 › Cancel mid-upload resets UI to idle drop zone (30.1s)
  x  101 [authenticated] › tests\course-upload.full.spec.ts:246:1 › Replace thumbnail deletes old storage path (30.1s)
  x  102 [authenticated] › tests\course-video-upload.full.spec.ts:186:1 › Edit mode TEXT→VIDEO_URL gates Upload File until type is saved, then unlocks (30.1s)
  x  103 [authenticated] › tests\course-video-upload.full.spec.ts:255:1 › Create mode shows "save lesson first" — no upload available (30.1s)
  x  104 [authenticated] › tests\course-video-upload.full.spec.ts:277:1 › Type rejection — non-video file blocked client-side, no sign request (30.1s)
  x  105 [authenticated] › tests\course-video-upload.full.spec.ts:299:1 › Size rejection — file > 50 MB blocked client-side, no sign request (30.1s)
  x  106 [authenticated] › tests\course-video-upload.full.spec.ts:323:1 › Successful video upload — sign → PUT → confirm → done state visible (30.1s)
  x  107 [authenticated] › tests\course-video-upload.full.spec.ts:344:1 › Progress bar renders during video transfer (30.1s)
  x  108 [authenticated] › tests\course-video-upload.full.spec.ts:383:1 › Cancel mid-upload resets UI to drop zone (30.1s)
  -  109 [authenticated] › tests\course-video-upload.full.spec.ts:418:1 › Save Lesson button is disabled while video upload is in progress
  x  110 [authenticated] › tests\courses-invalidation.full.spec.ts:75:1 › Archive a Published course → Dashboard Courses KPI decrements without hard reload (2.1s)
  ok 111 [authenticated] › tests\courses-invalidation.full.spec.ts:173:1 › Create a draft course → Dashboard Courses KPI is refreshed (4.0s)
  ok 112 [authenticated] › tests\courses-tab.full.spec.ts:37:1 › Courses tab renders the list with All status tab selected by default (2.9s)
  ok 113 [authenticated] › tests\courses-tab.full.spec.ts:52:1 › Status tab click filters by that status and re-fetches (3.3s)
  ok 114 [authenticated] › tests\courses-tab.full.spec.ts:77:1 › Pagination navigates to page 2 and shows correct row range (3.8s)
  ok 115 [authenticated] › tests\courses-tab.full.spec.ts:97:1 › Category filter narrows results (3.4s)
  ok 116 [authenticated] › tests\courses-tab.full.spec.ts:134:1 › Create draft — form opens, validates required fields, submits and returns to list (3.4s)
  x  117 [authenticated] › tests\courses-tab.full.spec.ts:181:1 › Edit prefill — form opens with the course's existing title (30.0s)
  ok 118 [authenticated] › tests\courses-tab.full.spec.ts:202:1 › Archive confirm — dialog shown, confirming removes row from All list (4.7s)
  ok 119 [authenticated] › tests\courses-tab.full.spec.ts:233:1 › Status tab badges show numeric counts from the backend (3.9s)
  x  120 [authenticated] › tests\courses-tab.full.spec.ts:248:1 › Guide "Create New Course" button opens the create form on the Courses tab (11.0s)
  x  121 [authenticated] › tests\courses-tab.full.spec.ts:267:1 › Overview header "Create Course" button opens the create form on the Courses tab (11.4s)
  ok 122 [authenticated] › tests\courses-tab.full.spec.ts:284:1 › Overview header "More Actions > Pending Course Approvals" filters Courses tab to Pending (6.8s)
  ok 123 [authenticated] › tests\courses-tab.full.spec.ts:304:1 › Overview header "Import Content" button is disabled (no import feature built yet) (1.0s)
  ok 124 [authenticated] › tests\courses-tab.full.spec.ts:312:1 › Empty instructor list shows inline warning near the dropdown (1.8s)
  ok 125 [authenticated] › tests\courses-tab.full.spec.ts:337:1 › View modal: opens with correct course title from API, X button closes (3.5s)
  ok 126 [authenticated] › tests\courses-tab.full.spec.ts:368:1 › View modal: Escape key closes (2.4s)
  x  127 [authenticated] › tests\courses-tab.full.spec.ts:380:1 › View modal: backdrop click closes (30.2s)
  x  128 [authenticated] › tests\courses-tab.full.spec.ts:393:1 › View modal: 404 response shows error message and Retry (30.1s)
  x  129 [authenticated] › tests\courses-tab.full.spec.ts:410:1 › Restore: archived course moves to Draft tab after restore (378ms)
  ok 130 [authenticated] › tests\courses-tab.full.spec.ts:473:1 › Filter-options 401 response redirects to login (1.9s)
  x  131 [authenticated] › tests\dashboard-kpis.full.spec.ts:15:1 › Dashboard shows all 9 KPI card labels (11.0s)
  ok 132 [authenticated] › tests\dashboard-kpis.full.spec.ts:39:1 › Dashboard KPI cards with live backend data show numeric values (3.7s)
  ok 133 [authenticated] › tests\dashboard-kpis.full.spec.ts:67:1 › Dashboard loads exactly 9 KPI cards (no skeleton) (7.5s)
  ok 134 [authenticated] › tests\dashboard.full.spec.ts:30:1 › KPI cards load with numbers (2.7s)
  ok 135 [authenticated] › tests\dashboard.full.spec.ts:39:1 › Recent Activity shows entries (2.1s)
  ok 136 [authenticated] › tests\dashboard.full.spec.ts:44:1 › Users by Role chart loads (4.1s)
  ok 137 [authenticated] › tests\dashboard.full.spec.ts:50:1 › Quick Actions work (navigate correctly) (5.3s)
  ok 138 [authenticated] › tests\dashboard.full.spec.ts:60:1 › Date filter changes data (1.1s)
  x  139 [authenticated] › tests\dashboard.full.spec.ts:72:1 › Live Sessions widget shows counts matching the real LiveSession rows (not app-login sessions) (11.3s)
  x  140 [authenticated] › tests\dashboard.full.spec.ts:124:1 › Pending Approvals badge count matches items list exactly (no total/empty-list contradiction) (9.7s)
  ok 141 [authenticated] › tests\dashboard.full.spec.ts:162:1 › Learning Activity Overview renders real enrollment trend data (no "Coming Soon" stub) (4.5s)
  ok 142 [authenticated] › tests\dashboard.spec.ts:7:1 › Dashboard loads (1.0s)
  ok 143 [authenticated] › tests\dashboard.spec.ts:11:1 › Total Users KPI shows (1.8s)
  ok 144 [authenticated] › tests\dashboard.spec.ts:15:1 › Sidebar navigation works (1.1s)
  x  145 [authenticated] › tests\enrollments.full.spec.ts:79:1 › Enroll flow — dialog validates, submits, appears with NOT_STARTED / 0% progress (3.3s)
  x  146 [authenticated] › tests\enrollments.full.spec.ts:113:1 › Already enrolled — real backend 400 shown next to the submit button, not a toast (30.1s)
  x  147 [authenticated] › tests\enrollments.full.spec.ts:143:1 › Course full — exact "Course is full" backend message shown next to submit (* mock) (3.9s)
  x  148 [authenticated] › tests\enrollments.full.spec.ts:168:1 › Status change — PATCH sends {status} ONLY, progress never in the request body (30.1s)
  x  149 [authenticated] › tests\enrollments.full.spec.ts:207:1 › Unenroll — DELETE fires, confirm dialog stays neutral (never mentions certificates) (30.1s)
  ok 150 [authenticated] › tests\enrollments.full.spec.ts:237:1 › Status chips share filters except status — "All" count matches list total (3.0s)
  x  151 [authenticated] › tests\finance.full.spec.ts:72:1 › Finance page loads with header, KPI cards, and all tabs (1.1s)
  ok 152 [authenticated] › tests\finance.full.spec.ts:87:1 › Dashboard tab shows honest empty states for all four charts (933ms)
  x  153 [authenticated] › tests\finance.full.spec.ts:100:1 › Create Coupon creates a coupon and it appears in the Coupons tab (16.2s)
  ok 154 [authenticated] › tests\finance.full.spec.ts:124:1 › Add Tax Rule creates a rule and it appears in the Tax Management tab (1.4s)
  x  155 [authenticated] › tests\finance.full.spec.ts:149:1 › Generate Invoice creates an invoice with a correct sequential number (882ms)
  x  156 [authenticated] › tests\groups.full.spec.ts:97:3 › Group CRUD › Create Group → verify appears in table (326ms)
  -  157 [authenticated] › tests\groups.full.spec.ts:102:3 › Group CRUD › Edit Group → verify changes saved
  -  158 [authenticated] › tests\groups.full.spec.ts:115:3 › Group CRUD › Delete Group → verify removed
  x  159 [authenticated] › tests\groups.full.spec.ts:141:3 › Group Members › Add Members to Group → verify member count increases (0ms)
  -  160 [authenticated] › tests\groups.full.spec.ts:168:3 › Group Members › Remove Member from Group → verify count decreases
  x  161 [authenticated] › tests\groups.full.spec.ts:190:1 › Search Groups → verify filtered results (316ms)
  ok 162 [authenticated] › tests\instructor-applications.full.spec.ts:118:1 › Pending tab loads the applications list, oldest first, from the applications endpoint (1.9s)
  ok 163 [authenticated] › tests\instructor-applications.full.spec.ts:135:1 › Approve: success message appears and the Active Instructors card updates without reload (3.0s)
  ok 164 [authenticated] › tests\instructor-applications.full.spec.ts:163:1 › Reject: reason modal appears, rejection is required, and the status is saved (3.0s)
  x  165 [authenticated] › tests\instructor-applications.full.spec.ts:192:1 › Request changes: modal appears, change request is required, and the status updates (16.3s)
  ok 166 [authenticated] › tests\instructor-panel-analytics.full.spec.ts:75:1 › Clicking View on an instructor opens the panel with ?instructor=<id> in the URL (3.1s)
  x  167 [authenticated] › tests\instructor-panel-analytics.full.spec.ts:97:1 › Panel shows real stats — Courses, Students, and "—" for Rating/Revenue (2.1s)
  ok 168 [authenticated] › tests\instructor-panel-analytics.full.spec.ts:116:1 › Performance chart renders exactly 12 data points (2.5s)
  x  169 [authenticated] › tests\instructor-panel-analytics.full.spec.ts:127:1 › Approving a pending course removes it from the panel queue without a reload (11.4s)
  ok 170 [authenticated] › tests\instructor-panel-analytics.full.spec.ts:151:1 › Analytics section renders all 4 sections (1.6s)
  x  171 [authenticated] › tests\instructor-phase-b.full.spec.ts:89:1 › Courses tab loads the instructor's courses (12.5s)
  x  172 [authenticated] › tests\instructor-phase-b.full.spec.ts:105:1 › Approving a pending course changes its status to Published (12.8s)
  ok 173 [authenticated] › tests\instructor-phase-b.full.spec.ts:125:1 › Suspending an instructor with violation type + reason updates the status badge (3.6s)
  ok 174 [authenticated] › tests\instructor-phase-b.full.spec.ts:147:1 › Reactivating a suspended instructor returns the status to active (2.8s)
  ok 175 [authenticated] › tests\instructor-phase-b.full.spec.ts:164:1 › Uploading a document adds it to the Documents list (4.1s)
  ok 176 [authenticated] › tests\instructor-phase-b.full.spec.ts:204:1 › Verifying a document changes its status to VERIFIED (3.0s)
  x  177 [authenticated] › tests\instructor-phase-cd.full.spec.ts:69:1 › Reviews tab loads and shows the empty state (12.2s)
  x  178 [authenticated] › tests\instructor-phase-cd.full.spec.ts:84:1 › Uploading a certification then verifying it shows VERIFIED (3.8s)
  ok 179 [authenticated] › tests\instructor-phase-cd.full.spec.ts:140:1 › Suspension history shows an entry after a suspend action (4.7s)
  ok 180 [authenticated] › tests\instructor-stats-cards.full.spec.ts:71:1 › Stats cards render above the tabs with real values from /instructors/stats (1.6s)
  ok 181 [authenticated] › tests\instructor-stats-cards.full.spec.ts:84:1 › Unavailable metrics render — never $0 or 0.0/5 (1.2s)
  x  182 [authenticated] › tests\instructor-stats-cards.full.spec.ts:97:1 › Suspending an instructor updates the Suspended Instructors card without a hard reload (7.2s)
  ok 183 [authenticated] › tests\instructors.full.spec.ts:56:1 › Instructors page loads, table shows real instructors, tabCounts badges visible (1.7s)
  ok 184 [authenticated] › tests\instructors.full.spec.ts:71:1 › Search filters the table by real instructor name (2.4s)
  ok 185 [authenticated] › tests\instructors.full.spec.ts:80:1 › Tab switching updates the ?tab= URL param and re-fetches (2.4s)
  ok 186 [authenticated] › tests\instructors.full.spec.ts:98:1 › Clicking View opens the side panel with ?instructor=<id> in the URL (3.5s)
  x  187 [authenticated] › tests\instructors.full.spec.ts:109:1 › Suspend action opens the reason modal, submits, and the status badge updates (16.3s)
  x  188 [authenticated] › tests\integrations.full.spec.ts:40:1 › Integrations page loads with header, stats cards and tabs (15.3s)
  x  189 [authenticated] › tests\integrations.full.spec.ts:53:1 › Dashboard shows Zoom as CONNECTED (843ms)
  ok 190 [authenticated] › tests\integrations.full.spec.ts:70:1 › Generate API Key shows the full key once and it appears in the list (11.2s)
  ok 191 [authenticated] › tests\integrations.full.spec.ts:101:1 › Create Webhook appears in the list and Test returns a real result (2.3s)
  ok 192 [authenticated] › tests\integrations.full.spec.ts:136:1 › Logs tab shows entries from the actions above (1.3s)
  ok 193 [authenticated] › tests\invitations.full.spec.ts:15:3 › Invitation lifecycle › Send Invitation → verify appears in table (3.2s)
  ok 194 [authenticated] › tests\invitations.full.spec.ts:37:3 › Invitation lifecycle › Resend Invitation → verify success toast (2.0s)
  ok 195 [authenticated] › tests\invitations.full.spec.ts:44:3 › Invitation lifecycle › Change Expiry → verify date updates (1.8s)
  ok 196 [authenticated] › tests\invitations.full.spec.ts:56:3 › Invitation lifecycle › Cancel Invitation → verify status changes (1.9s)
  ok 197 [authenticated] › tests\invitations.full.spec.ts:67:1 › Filter by Status → verify correct items shown (2.2s)
  ok 198 [authenticated] › tests\learners.full.spec.ts:163:1 › Learners page loads with header, stats and table (1.6s)
  ok 199 [authenticated] › tests\learners.full.spec.ts:173:1 › Tab switching updates the URL and refetches the table (2.6s)
  x  200 [authenticated] › tests\learners.full.spec.ts:185:1 › Panel deep-link (?learner=<id>) opens the side panel directly (6.0s)
  x  201 [authenticated] › tests\learners.full.spec.ts:191:1 › Enrolling a learner in a course makes it appear in the Courses tab (2.3s)
  -  202 [authenticated] › tests\learners.full.spec.ts:219:1 › Unenrolling a learner removes it from the Courses tab
  x  203 [authenticated] › tests\learners.full.spec.ts:239:1 › Bulk Enroll (More Actions) enrolls multiple learners in one course (30.1s)
  x  204 [authenticated] › tests\learners.full.spec.ts:281:1 › Suspending a learner updates the status badge and suspension history (3.4s)
  ok 205 [authenticated] › tests\learners.full.spec.ts:313:1 › Bottom analytics charts render (2.0s)
  ok 206 [authenticated] › tests\learning-management.full.spec.ts:8:1 › Learning Management page renders inside the shared AdminLayout with KPI cards (2.3s)
  ok 207 [authenticated] › tests\learning-management.full.spec.ts:24:1 › Tabs switch active state and content area updates (1.7s)
  ok 208 [authenticated] › tests\learning-management.full.spec.ts:48:1 › Recent Courses table renders the wired course rows with pagination (2.1s)
  ok 209 [authenticated] › tests\learning-management.full.spec.ts:63:1 › Right panel widgets render (2.1s)
  x  210 [authenticated] › tests\learning-paths.full.spec.ts:112:1 › Create path — form opens, validates, submits, appears in list (30.1s)
  x  211 [authenticated] › tests\learning-paths.full.spec.ts:149:1 › Edit path — title, description, sequential changed and persisted (16.4s)
  ok 212 [authenticated] › tests\learning-paths.full.spec.ts:182:1 › Edit path: nothing changed → no PATCH sent (3.3s)
  x  213 [authenticated] › tests\learning-paths.full.spec.ts:207:1 › Delete path — confirm dialog required, path removed from list (12.5s)
  x  214 [authenticated] › tests\learning-paths.full.spec.ts:241:1 › Add COURSE item — appears fully resolved without a page refetch (1.3s)
  -  215 [authenticated] › tests\learning-paths.full.spec.ts:287:1 › Add LIVE_SESSION item — picker shows sessions, adds successfully
  x  216 [authenticated] › tests\learning-paths.full.spec.ts:331:1 › Reject duplicate item — exact backend message shown inline (4.1s)
  ok 217 [authenticated] › tests\learning-paths.full.spec.ts:366:1 › Reject unknown itemId — exact backend message shown inline (3.9s)
  ok 218 [authenticated] › tests\learning-paths.full.spec.ts:400:1 › Remove item — uses path-item id (not course id), item disappears (4.6s)
  ok 219 [authenticated] › tests\learning-paths.full.spec.ts:436:1 › Reorder — ONE bulk PATCH to /reorder, state replaced from full response (6.3s)
  x  220 [authenticated] › tests\learning-paths.full.spec.ts:470:1 › missing:true item renders as "unavailable" without crashing (* mock) (4.3s)
  x  221 [authenticated] › tests\learning-paths.full.spec.ts:515:1 › Archived course item shows Archived badge — distinct from missing (4.8s)
  ok 222 [authenticated] › tests\learning-paths.full.spec.ts:543:1 › Overview guide "Create Learning Path" switches to Learning Paths tab and opens the create form (2.2s)
  x  223 [authenticated] › tests\live-sessions.full.spec.ts:105:1 › Schedule session — past start time blocked client-side, no POST fired (1.6s)
  x  224 [authenticated] › tests\live-sessions.full.spec.ts:132:1 › Schedule session — real backend responds; 503 (Zoom unconfigured) rendered verbatim if that is the current state (2.9s)
  x  225 [authenticated] › tests\live-sessions.full.spec.ts:164:1 › Unknown instructor — exact backend message shown inline, not a toast (* mock) (8.8s)
  x  226 [authenticated] › tests\live-sessions.full.spec.ts:195:1 › startUrl exposed ONLY via "Start (host)" — Join uses joinUrl, startUrl never leaks elsewhere (* mock) (1.5s)
  x  227 [authenticated] › tests\live-sessions.full.spec.ts:215:1 › Status badge is a pure render of the server value — no status control in the UI (* mock) (2.8s)
  x  228 [authenticated] › tests\live-sessions.full.spec.ts:226:1 › Edit: nothing changed → no PATCH sent (empty patch is a backend 400) (* mock) (1.5s)
  x  229 [authenticated] › tests\live-sessions.full.spec.ts:244:1 › Cancel — confirm dialog explicitly mentions Zoom meeting deletion, DELETE fires (* mock) (2.3s)
  ok 230 [authenticated] › tests\live-sessions.full.spec.ts:271:1 › Provider picker is never rendered — ZOOM-only v1, no Meet/Teams options anywhere (3.2s)
  ok 231 [authenticated] › tests\live-sessions.full.spec.ts:281:1 › Overview guide "Schedule Live Session" switches to Live Sessions tab and opens the schedule form (1.5s)
  ok 232 [authenticated] › tests\lm-deep-link.full.spec.ts:6:1 › Deep link ?tab=courses renders Courses tab directly (915ms)
  ok 233 [authenticated] › tests\lm-deep-link.full.spec.ts:12:1 › Deep link ?tab=overview renders Overview tab directly (1.1s)
  ok 234 [authenticated] › tests\lm-overview.full.spec.ts:9:1 › KPI cards render stats from the live backend (1.9s)
  ok 235 [authenticated] › tests\lm-overview.full.spec.ts:35:1 › Distribution donut renders with the API total (1.7s)
  ok 236 [authenticated] › tests\lm-overview.full.spec.ts:47:1 › Progress range selector re-fetches a different dataset (1.2s)
  ok 237 [authenticated] › tests\lm-overview.full.spec.ts:72:3 › Top Performing Courses card renders with items or empty state (2.2s)
  ok 238 [authenticated] › tests\lm-overview.full.spec.ts:88:1 › Content Statistics panel renders (1.6s)
  x  239 [authenticated] › tests\lm-overview.full.spec.ts:95:1 › Courses table paginates through real data (11.9s)
  ok 240 [authenticated] › tests\lm-overview.full.spec.ts:119:1 › Courses table category filter re-fetches and resets to page 1 (6.4s)
  x  241 [authenticated] › tests\lm-overview.full.spec.ts:134:1 › Courses table instructor filter passes the instructor id back to the API (10.8s)
  ok 242 [authenticated] › tests\lm-overview.full.spec.ts:159:1 › Recent Activities converts createdAt timestamps to relative time (2.5s)
  ok 243 [authenticated] › tests\lm-overview.full.spec.ts:174:1 › Upcoming Live Sessions renders without error (2.3s)
  ok 244 [authenticated] › tests\notifications.full.spec.ts:76:1 › Notifications page loads with header, stats cards and tabs (1.4s)
  ok 245 [authenticated] › tests\notifications.full.spec.ts:89:1 › Create Template creates a template and it appears in the Templates tab (1.5s)
  x  246 [authenticated] › tests\notifications.full.spec.ts:113:1 › Create Announcement sends to a scoped custom audience and appears in the list (16.8s)
  -  247 [authenticated] › tests\notifications.full.spec.ts:143:1 › Create Automation appears in the Automations tab, pause it, and status changes
  x  248 [authenticated] › tests\notifications.full.spec.ts:177:1 › Send Notification to a real user appears in Delivery Logs (30.1s)
  ok 249 [authenticated] › tests\organization.full.spec.ts:51:3 › Branches › Add Branch → verify appears in table (2.9s)
  ok 250 [authenticated] › tests\organization.full.spec.ts:56:3 › Branches › Edit Branch → verify changes saved (2.1s)
  x  251 [authenticated] › tests\organization.full.spec.ts:70:3 › Branches › Delete Branch → verify removed (30.1s)
  ok 252 [authenticated] › tests\organization.full.spec.ts:94:3 › Departments › Add Department → verify appears in table (1.9s)
  x  253 [authenticated] › tests\organization.full.spec.ts:99:3 › Departments › Edit Department → verify changes saved (21.7s)
  -  254 [authenticated] › tests\organization.full.spec.ts:112:3 › Departments › Delete Department → verify removed
  x  255 [authenticated] › tests\organization.full.spec.ts:138:3 › Teams › Add Team → verify appears in table (0ms)
  -  256 [authenticated] › tests\organization.full.spec.ts:151:3 › Teams › Edit Team → verify changes saved
  -  257 [authenticated] › tests\organization.full.spec.ts:164:3 › Teams › Delete Team → verify removed
  ok 258 [authenticated] › tests\organization.full.spec.ts:177:1 › Org Chart → verify loads and shows nodes (2.4s)
  x  259 [authenticated] › tests\quizzes.full.spec.ts:116:1 › Create quiz without a course — form opens, validates, submits, appears in list (30.1s)
  x  260 [authenticated] › tests\quizzes.full.spec.ts:152:1 › Create quiz attached to a course — courseId carried through (30.1s)
  x  261 [authenticated] › tests\quizzes.full.spec.ts:179:1 › Edit quiz — passingGrade updates, attempts/timeLimit clear to unlimited/none (null) (8.1s)
  ok 262 [authenticated] › tests\quizzes.full.spec.ts:213:1 › Edit quiz: nothing changed → no PATCH sent (empty patch is a backend 400) (3.4s)
  x  263 [authenticated] › tests\quizzes.full.spec.ts:236:1 › Delete quiz — confirm dialog required, permanently removes quiz and its questions (12.7s)
  ok 264 [authenticated] › tests\quizzes.full.spec.ts:271:1 › Question type picker offers ONLY the 4 v1 types — no Fill-in-Blank / Matching (3.4s)
  ok 265 [authenticated] › tests\quizzes.full.spec.ts:303:1 › Add all 4 question types via the UI — correct data shapes, Essay flagged manually graded (6.5s)
  ok 266 [authenticated] › tests\quizzes.full.spec.ts:394:1 › Edit an existing question — type+data always sent together, change persists (3.7s)
  ok 267 [authenticated] › tests\quizzes.full.spec.ts:431:1 › Delete a question — confirm required, removed from the list (5.1s)
  ok 268 [authenticated] › tests\quizzes.full.spec.ts:461:1 › Multiple Choice: no correct answer selected → visible error, no POST, dialog stays open (3.2s)
  ok 269 [authenticated] › tests\quizzes.full.spec.ts:492:1 › True/False: empty prompt → visible error, no POST, dialog stays open (3.3s)
  x  270 [authenticated] › tests\quizzes.full.spec.ts:521:1 › Multi-Select: no correct checkboxes selected → visible error, no POST, dialog stays open (8.2s)
  ok 271 [authenticated] › tests\quizzes.full.spec.ts:552:1 › Essay: empty prompt → visible error, no POST, dialog stays open (4.1s)
  ok 272 [authenticated] › tests\quizzes.full.spec.ts:580:1 › Reorder questions — ONE bulk PATCH to /reorder, state replaced from full response (4.7s)
  ok 273 [authenticated] › tests\quizzes.full.spec.ts:614:1 › PATCH question with type but no data → 400 (verifies the pairing rule the UI is built to never violate) (1.7s)
  ok 274 [authenticated] › tests\quizzes.full.spec.ts:634:1 › Overview guide "Create Assessment" switches to Assessments tab and opens the Create Quiz form (1.7s)
  ok 275 [authenticated] › tests\reports-schedule.full.spec.ts:33:1 › header "Schedule Report" button navigates to Export Center's Scheduled Reports section (1.0s)
  x  276 [authenticated] › tests\reports-schedule.full.spec.ts:43:1 › Scheduled Reports: full lifecycle — create, pause, resume, edit, delete (226ms)
  x  277 [authenticated] › tests\reports.full.spec.ts:14:1 › Reports & Analytics page loads with header, 13 tabs, and 10 KPI cards (5.1s)
  ok 278 [authenticated] › tests\reports.full.spec.ts:44:1 › sidebar "Reports & Analytics" link navigates correctly (was previously a dead 404 link) (11.6s)
  ok 279 [authenticated] › tests\reports.full.spec.ts:57:1 › Overview date range picker and department filter re-fetch real data (5.5s)
  ok 280 [authenticated] › tests\reports.full.spec.ts:80:1 › Learner Analytics tab shows real activity/progress/dropout-risk data (1.7s)
  ok 281 [authenticated] › tests\reports.full.spec.ts:97:1 › Instructor Analytics tab shows real ranking/performance data with honest unavailable rating (1.1s)
  ok 282 [authenticated] › tests\reports.full.spec.ts:111:1 › Audit Logs tab shows real paginated data and search/action filters actually filter (1.2s)
  ok 283 [authenticated] › tests\reports.full.spec.ts:141:1 › Export Center generates a real CSV download end to end (1.2s)
  x  284 [authenticated] › tests\reports.full.spec.ts:157:1 › Export Center JSON format downloads the flat {type,columns,rows} shape (1.4s)
  x  285 [authenticated] › tests\reports.full.spec.ts:174:1 › remaining tabs (Course Analytics, Learning Progress, Assessments, Certificates, Attendance, Engagement, Compliance, Custom Reports) render without error (16.4s)
  ok 286 [authenticated] › tests\role-templates.full.spec.ts:48:1 › Role Templates tab loads → seeded templates appear with correct permission counts (5.1s)
  x  287 [authenticated] › tests\role-templates.full.spec.ts:67:1 › Expand a template card → its permissions load (6.4s)
  ok 288 [authenticated] › tests\role-templates.full.spec.ts:94:3 › Create / Apply / Re-apply / Delete › Create Template → fill name + permissions + save → appears in grid (2.3s)
  ok 289 [authenticated] › tests\role-templates.full.spec.ts:121:3 › Create / Apply / Re-apply / Delete › Create with duplicate name → friendly 409 error shown (1.7s)
  ok 290 [authenticated] › tests\role-templates.full.spec.ts:141:3 › Create / Apply / Re-apply / Delete › Apply template to a role → role picker shows roles (not users), success shown (3.7s)
  ok 291 [authenticated] › tests\role-templates.full.spec.ts:186:3 › Create / Apply / Re-apply / Delete › Re-apply same template to same role → applied:0 handled gracefully (not an error) (4.4s)
  ok 292 [authenticated] › tests\role-templates.full.spec.ts:213:3 › Create / Apply / Re-apply / Delete › Delete template → removed from grid (3.7s)
  ok 293 [authenticated] › tests\roles-permissions-deep-link.full.spec.ts:6:1 › Deep link ?tab=roles renders LMS Roles tab directly (887ms)
  ok 294 [authenticated] › tests\roles-permissions-deep-link.full.spec.ts:13:1 › Deep link ?tab=templates renders Role Templates tab directly (838ms)
  ok 295 [authenticated] › tests\roles-permissions-deep-link.full.spec.ts:19:1 › Deep link ?tab=assignments renders User Role Assignments tab directly (798ms)
  ok 296 [authenticated] › tests\roles-permissions-deep-link.full.spec.ts:25:1 › Deep link ?tab=policies renders Access Policies tab directly (851ms)
  ok 297 [authenticated] › tests\roles.full.spec.ts:49:3 › Role CRUD › Create Role → verify appears in table (2.8s)
  ok 298 [authenticated] › tests\roles.full.spec.ts:54:3 › Role CRUD › Edit Role → verify changes saved (1.8s)
  x  299 [authenticated] › tests\roles.full.spec.ts:67:3 › Role CRUD › Delete Role without users → verify removed (11.5s)
  ok 300 [authenticated] › tests\roles.full.spec.ts:92:1 › Assign custom role to user → rejected with system-role validation error (9.1s)
  ok 301 [authenticated] › tests\roles.full.spec.ts:138:1 › Duplicate Role → verify copy created (3.6s)
  -  302 [authenticated] › tests\roles.full.spec.ts:147:6 › Add Permission → verify appears in list
  -  303 [authenticated] › tests\roles.full.spec.ts:153:6 › Edit Permission → verify changes saved
  -  304 [authenticated] › tests\roles.full.spec.ts:157:6 › Delete Permission → verify removed
  ok 305 [authenticated] › tests\roles.full.spec.ts:161:1 › Assign Permission to Role → verify checkbox checked (4.4s)
  ok 306 [authenticated] › tests\roles.full.spec.ts:172:1 › Permission Matrix → verify loads (1.7s)
  ok 307 [authenticated] › tests\roles.full.spec.ts:179:1 › Toggle Permission Matrix cell → verify updates (4.2s)
  ok 308 [authenticated] › tests\roles.spec.ts:3:1 › Roles page loads (1.1s)
  ok 309 [authenticated] › tests\roles.spec.ts:8:1 › Create Role button exists (1.1s)
  ok 310 [authenticated] › tests\stats-consistency.full.spec.ts:21:1 › Access Policies count is consistent between the header card and the tab (1.6s)
  ok 311 [authenticated] › tests\stats-consistency.full.spec.ts:62:1 › Total Users is consistent between Dashboard and Users page (2.3s)
  ok 312 [authenticated] › tests\stats-consistency.full.spec.ts:118:1 › Suspended Users is consistent between Dashboard and Users page (2.1s)
  ok 313 [authenticated] › tests\stats-consistency.full.spec.ts:145:1 › Active Users is consistent between Dashboard and Users page (2.1s)
  x  314 [authenticated] › tests\stats-consistency.full.spec.ts:169:1 › Pending Verification is consistent between Users page and its own tab (30.1s)
  x  315 [authenticated] › tests\system-settings.full.spec.ts:60:1 › System Settings page loads with header and all tabs render (1.9s)
  x  316 [authenticated] › tests\system-settings.full.spec.ts:78:1 › General tab: update Platform Name → saved → Config Logs shows the change (2.7s)
  ok 317 [authenticated] › tests\system-settings.full.spec.ts:107:1 › Feature Toggles: toggle Marketplace → saved → reflected on next load (2.4s)
  x  318 [authenticated] › tests\system-settings.full.spec.ts:138:1 › Email Config: Send Test Email returns a result without crashing (15.9s)
  ok 319 [authenticated] › tests\system-settings.full.spec.ts:157:1 › Maintenance: enable shows the banner, disable removes it (2.7s)
  ok 320 [authenticated] › tests\system-settings.full.spec.ts:178:1 › Backup & Restore: Create Backup downloads a JSON file (1.4s)
  ok 321 [authenticated] › tests\user-role-assignments.full.spec.ts:131:1 › User Role Assignments stats → verify all 4 cards render with numbers (2.0s)
  x  322 [authenticated] › tests\user-role-assignments.full.spec.ts:153:3 › Assignment CRUD › Create assignment → appears in table with correct role badge (0ms)
  -  323 [authenticated] › tests\user-role-assignments.full.spec.ts:162:3 › Assignment CRUD › Edit assignment type → badge updates
  -  324 [authenticated] › tests\user-role-assignments.full.spec.ts:180:3 › Assignment CRUD › Remove assignment → row removed
  x  325 [authenticated] › tests\user-role-assignments.full.spec.ts:196:1 › Temporary assignment → expiry date shown in table (325ms)
  x  326 [authenticated] › tests\users.full.spec.ts:132:3 › Add / Edit / Search / Filter › Add User → verify appears in table (361ms)
  -  327 [authenticated] › tests\users.full.spec.ts:138:3 › Add / Edit / Search / Filter › Edit User → verify changes saved
  -  328 [authenticated] › tests\users.full.spec.ts:150:3 › Add / Edit / Search / Filter › Search User → verify filtered results
  -  329 [authenticated] › tests\users.full.spec.ts:159:3 › Add / Edit / Search / Filter › Filter by Role → verify correct users shown
  -  330 [authenticated] › tests\users.full.spec.ts:171:3 › Add / Edit / Search / Filter › Filter by Status → verify correct users shown
  x  331 [authenticated] › tests\users.full.spec.ts:184:1 › Suspend User → verify moves to Suspended tab (309ms)
  x  332 [authenticated] › tests\users.full.spec.ts:203:3 › Archive / Restore › Archive User → verify moves to Archived tab (312ms)
  -  333 [authenticated] › tests\users.full.spec.ts:215:3 › Archive / Restore › Restore Archived User → verify back in Users tab
  x  334 [authenticated] › tests\users.full.spec.ts:226:1 › Approve Pending Verification → verify status changes (313ms)
  x  335 [authenticated] › tests\users.full.spec.ts:241:1 › Reject Pending Verification → verify status changes (360ms)
  x  336 [authenticated] › tests\users.full.spec.ts:252:1 › Assign Role to User → verify role updated (303ms)
  x  337 [authenticated] › tests\users.full.spec.ts:283:1 › Send Message to User → verify success toast (307ms)
  x  338 [authenticated] › tests\users.full.spec.ts:296:1 › Force Logout User → verify sessions = 0 (309ms)
  x  339 [authenticated] › tests\users.full.spec.ts:309:1 › Import Users CSV → verify users added (313ms)
  ok 340 [authenticated] › tests\users.full.spec.ts:333:1 › Export Users → verify file downloads (1.6s)
  x  341 [authenticated] › tests\users.full.spec.ts:342:1 › Bulk Suspend → verify multiple users suspended (243ms)
  x  342 [authenticated] › tests\users.full.spec.ts:371:1 › Bulk Assign Role → verify multiple users updated (315ms)
  ok 343 [authenticated] › tests\users.spec.ts:3:1 › Users page loads (1.1s)
  ok 344 [authenticated] › tests\users.spec.ts:8:1 › Add User button exists (1.1s)
  ok 345 [authenticated] › tests\users.spec.ts:13:1 › Search users works (1.6s)


  1) [authenticated] › tests\categories.full.spec.ts:100:1 › Categories: create root category via UI modal → appears in tree 

    Error: expect(locator).toBeVisible() failed

    Locator: getByText('Cat UI Root 1786750221520')
    Expected: visible
    Error: strict mode violation: getByText('Cat UI Root 1786750221520') resolved to 2 elements:
        1) <span class="tw:flex-1 tw:text-[14px] tw:font-semibold tw:text-slate-900 tw:truncate">Cat UI Root 1786750221520</span> aka getByText('Cat UI Root 1786750221520', { exact: true })
        2) <div>Category "Cat UI Root 1786750221520" created.</div> aka getByText('Category "Cat UI Root')

    Call log:
      - Expect "toBeVisible" with timeout 8000ms
      - waiting for getByText('Cat UI Root 1786750221520')


      120 |   if (id) createdCategoryIds.push(id)
      121 |
    > 122 |   await expect(page.getByText(name)).toBeVisible({ timeout: 8000 })
          |                                      ^
      123 | })
      124 |
      125 | test('Categories: subcategory shown under parent when expanded', async ({ page }) => {
        at C:\Users\Bilal\Desktop\mindnavy LMS\frontend\tests\categories.full.spec.ts:122:38

    Error Context: test-results\categories.full-Categories-b7de9--UI-modal-→-appears-in-tree-authenticated\error-context.md

    Error Context: test-results\categories.full-Categories-b7de9--UI-modal-→-appears-in-tree-authenticated\error-context.md

  2) [authenticated] › tests\categories.full.spec.ts:148:1 › Categories: rename category via Edit modal → updated in tree 

    Error: expect(locator).toBeVisible() failed

    Locator: getByText('Cat Rename New 1786750228253')
    Expected: visible
    Error: strict mode violation: getByText('Cat Rename New 1786750228253') resolved to 2 elements:
        1) <span class="tw:flex-1 tw:text-[14px] tw:font-semibold tw:text-slate-900 tw:truncate">Cat Rename New 1786750228253</span> aka getByText('Cat Rename New 1786750228253', { exact: true })
        2) <div>Category "Cat Rename New 1786750228253" updated.</div> aka getByText('Category "Cat Rename New')

    Call log:
      - Expect "toBeVisible" with timeout 8000ms
      - waiting for getByText('Cat Rename New 1786750228253')


      170 |   expect(resp.ok(), 'PATCH /categories/:id must succeed').toBeTruthy()
      171 |
    > 172 |   await expect(page.getByText(newName)).toBeVisible({ timeout: 8000 })
          |                                         ^
      173 |   await expect(page.getByText(oldName)).not.toBeVisible()
      174 | })
      175 |
        at C:\Users\Bilal\Desktop\mindnavy LMS\frontend\tests\categories.full.spec.ts:172:41

    Error Context: test-results\categories.full-Categories-fbd22-dit-modal-→-updated-in-tree-authenticated\error-context.md

    Error Context: test-results\categories.full-Categories-fbd22-dit-modal-→-updated-in-tree-authenticated\error-context.md

  3) [authenticated] › tests\categories.full.spec.ts:224:1 › Categories: delete blocked when has courses → shows exact backend message 

    Error: expect(locator).toBeVisible() failed

    Locator: getByText(/course|assigned|cannot delete/i)
    Expected: visible
    Error: strict mode violation: getByText(/course|assigned|cannot delete/i) resolved to 19 elements:
        1) <span class="mn-quick-status-text">Total Courses</span> aka getByRole('list').getByText('Total Courses')
        2) <span class="mn-quick-status-text">Active Courses</span> aka getByRole('list').getByText('Active Courses')
        3) <span class="mn-quick-status-text">Courses Completed</span> aka getByRole('list').getByText('Courses Completed')
        4) <span>Search users, courses, reports…</span> aka getByText('Search users, courses,')
        5) <p class="tw:mt-1 tw:mb-0 tw:text-[14px] tw:text-slate-500">Manage courses, content, learning paths, assessme…</p> aka getByText('Manage courses, content,')
        6) <button type="button" class="tw:flex tw:items-center tw:gap-1.5 tw:rounded-lg tw:bg-blue-600 tw:px-4 tw:py-2.5 tw:text-[13px] tw:font-semibold tw:text-white tw:hover:bg-blue-700">…</button> aka getByRole('button', { name: 'Create Course' })
        7) <div class="tw:mt-3 tw:text-[12px] tw:text-slate-500">Total Courses</div> aka getByRole('main').getByText('Total Courses')
        8) <div class="tw:mt-3 tw:text-[12px] tw:text-slate-500">Active Courses</div> aka getByRole('main').getByText('Active Courses')
        9) <div class="tw:mt-3 tw:text-[12px] tw:text-slate-500">Courses Completed</div> aka getByRole('main').getByText('Courses Completed')
        10) <button type="button" class="tw:-mb-px tw:border-b-2 tw:px-0.5 tw:py-3 tw:text-[13px] tw:font-medium tw:transition-colors tw:border-transparent tw:text-slate-500 tw:hover:text-slate-700">Courses</button> aka getByRole('button', { name: 'Courses', exact: true })
        ...

    Call log:
      - Expect "toBeVisible" with timeout 8000ms
      - waiting for getByText(/course|assigned|cannot delete/i)


      251 |
      252 |   // Toast must contain backend message about assigned courses
    > 253 |   await expect(page.getByText(/course|assigned|cannot delete/i)).toBeVisible({ timeout: 8000 })
          |                                                                  ^
      254 | })
      255 |
      256 | test('Categories: CourseForm category picker shows categories by UUID, not free text', async ({ page }) => {
        at C:\Users\Bilal\Desktop\mindnavy LMS\frontend\tests\categories.full.spec.ts:253:66

    Error Context: test-results\categories.full-Categories-e14b4-shows-exact-backend-message-authenticated\error-context.md

    Error Context: test-results\categories.full-Categories-e14b4-shows-exact-backend-message-authenticated\error-context.md

  4) [authenticated] › tests\categories.full.spec.ts:256:1 › Categories: CourseForm category picker shows categories by UUID, not free text 

    Error: Category select value should be a UUID

    expect(received).toMatch(expected)

    Expected pattern: /^[0-9a-f-]{36}$/
    Received string:  "Cat FormPicker 1786750249555"

      277 |   const selectedValue = await catSelect.inputValue()
      278 |   // Value must be a UUID (not the name string)
    > 279 |   expect(selectedValue, 'Category select value should be a UUID').toMatch(/^[0-9a-f-]{36}$/)
          |                                                                   ^
      280 | })
      281 |
        at C:\Users\Bilal\Desktop\mindnavy LMS\frontend\tests\categories.full.spec.ts:279:67

    Error Context: test-results\categories.full-Categories-4cda7-ories-by-UUID-not-free-text-authenticated\error-context.md

    Error Context: test-results\categories.full-Categories-4cda7-ories-by-UUID-not-free-text-authenticated\error-context.md

  5) [authenticated] › tests\certificate-placeholders.full.spec.ts:155:1 › Template editor — unrecognized {{token}} warns immediately, valid chips never do 

    Test timeout of 30000ms exceeded.

    Error: locator.click: Test timeout of 30000ms exceeded.
    Call log:
      - waiting for getByRole('button', { name: 'Create Template', exact: true })


      155 | test('Template editor — unrecognized {{token}} warns immediately, valid chips never do', async ({ page }) => {
      156 |   await gotoTemplatesSubTab(page)
    > 157 |   await page.getByRole('button', { name: 'Create Template', exact: true }).click()
          |                                                                            ^
      158 |   await expect(page.getByRole('heading', { name: 'Create Certificate Template' })).toBeVisible({ timeout: 5000 })
      159 |
      160 |   const body = page.getByLabel('Certificate body')
        at C:\Users\Bilal\Desktop\mindnavy LMS\frontend\tests\certificate-placeholders.full.spec.ts:157:76

    Error Context: test-results\certificate-placeholders.f-77352-iately-valid-chips-never-do-authenticated\error-context.md

    Error Context: test-results\certificate-placeholders.f-77352-iately-valid-chips-never-do-authenticated\error-context.md

  6) [authenticated] › tests\certificates.full.spec.ts:151:1 › Create template — layout saved, bad hex color rejected client-side 

    Test timeout of 30000ms exceeded.

    Error: locator.click: Test timeout of 30000ms exceeded.
    Call log:
      - waiting for getByRole('button', { name: 'Create Template', exact: true })


      155 |   const name = `Cert Template ${Date.now()}`
      156 |
    > 157 |   await page.getByRole('button', { name: 'Create Template', exact: true }).click()
          |                                                                            ^
      158 |   await expect(page.getByRole('heading', { name: 'Create Certificate Template' })).toBeVisible({ timeout: 5000 })
      159 |
      160 |   await page.getByPlaceholder(/Standard Completion Certificate/i).fill(name)
        at C:\Users\Bilal\Desktop\mindnavy LMS\frontend\tests\certificates.full.spec.ts:157:76

    Error Context: test-results\certificates.full-Create-t-0026f--color-rejected-client-side-authenticated\error-context.md

    Error Context: test-results\certificates.full-Create-t-0026f--color-rejected-client-side-authenticated\error-context.md

  7) [authenticated] › tests\certificates.full.spec.ts:267:1 › Issue certificate — success case, appears in the list 

    Test timeout of 30000ms exceeded.

    Error: locator.click: Test timeout of 30000ms exceeded.
    Call log:
      - waiting for getByRole('button', { name: 'Issue Certificate', exact: true })


      273 |
      274 |   await gotoCertificatesTab(page)
    > 275 |   await page.getByRole('button', { name: 'Issue Certificate', exact: true }).click()
          |                                                                              ^
      276 |   const dialog = page.getByRole('dialog', { name: 'Issue certificate' })
      277 |   await expect(dialog).toBeVisible({ timeout: 5000 })
      278 |
        at C:\Users\Bilal\Desktop\mindnavy LMS\frontend\tests\certificates.full.spec.ts:275:78

    Error Context: test-results\certificates.full-Issue-ce-12233-ss-case-appears-in-the-list-authenticated\error-context.md

    Error Context: test-results\certificates.full-Issue-ce-12233-ss-case-appears-in-the-list-authenticated\error-context.md

  8) [authenticated] › tests\certificates.full.spec.ts:293:1 › Issue with certificateEnabled=false — exact backend message + link to course settings 

    Test timeout of 30000ms exceeded.

    Error: locator.click: Test timeout of 30000ms exceeded.
    Call log:
      - waiting for getByRole('button', { name: 'Issue Certificate', exact: true })


      299 |
      300 |   await gotoCertificatesTab(page)
    > 301 |   await page.getByRole('button', { name: 'Issue Certificate', exact: true }).click()
          |                                                                              ^
      302 |   const dialog = page.getByRole('dialog', { name: 'Issue certificate' })
      303 |   await expect(dialog).toBeVisible({ timeout: 5000 })
      304 |
        at C:\Users\Bilal\Desktop\mindnavy LMS\frontend\tests\certificates.full.spec.ts:301:78

    Error Context: test-results\certificates.full-Issue-wi-112e0-age-link-to-course-settings-authenticated\error-context.md

    Error Context: test-results\certificates.full-Issue-wi-112e0-age-link-to-course-settings-authenticated\error-context.md

  9) [authenticated] › tests\certificates.full.spec.ts:322:1 › Issue duplicate (course,user) pair — exact message + Reissue shortcut 

    Test timeout of 30000ms exceeded.

    Error: locator.click: Test timeout of 30000ms exceeded.
    Call log:
      - waiting for getByRole('button', { name: 'Issue Certificate', exact: true })


      329 |
      330 |   await gotoCertificatesTab(page)
    > 331 |   await page.getByRole('button', { name: 'Issue Certificate', exact: true }).click()
          |                                                                              ^
      332 |   const dialog = page.getByRole('dialog', { name: 'Issue certificate' })
      333 |   await expect(dialog).toBeVisible({ timeout: 5000 })
      334 |   await dialog.getByLabel('Select user').selectOption(userId)
        at C:\Users\Bilal\Desktop\mindnavy LMS\frontend\tests\certificates.full.spec.ts:331:78

    Error Context: test-results\certificates.full-Issue-du-83048-ct-message-Reissue-shortcut-authenticated\error-context.md

    Error Context: test-results\certificates.full-Issue-du-83048-ct-message-Reissue-shortcut-authenticated\error-context.md

  10) [authenticated] › tests\certificates.full.spec.ts:361:1 › Revoke certificate — succeeds, Revoke action disabled once already revoked 

    Error: expect(locator).toBeVisible() failed

    Locator: getByText('Cert Revoke Course 1786750446874')
    Expected: visible
    Error: strict mode violation: getByText('Cert Revoke Course 1786750446874') resolved to 2 elements:
        1) <option value="d456da69-1392-41e3-8e0a-2412ae18d893">Cert Revoke Course 1786750446874</option> aka getByLabel('Filter by course')
        2) <td class="tw:px-4 tw:py-3 tw:text-[13px] tw:text-slate-700">Cert Revoke Course 1786750446874</td> aka getByRole('cell', { name: 'Cert Revoke Course' })

    Call log:
      - Expect "toBeVisible" with timeout 10000ms
      - waiting for getByText('Cert Revoke Course 1786750446874')
        3 × locator resolved to <option value="d456da69-1392-41e3-8e0a-2412ae18d893">Cert Revoke Course 1786750446874</option>
          - unexpected value "hidden"


      369 |   await gotoCertificatesTab(page)
      370 |   await page.getByLabel('Filter by course').selectOption(courseId)
    > 371 |   await expect(page.getByText(courseTitle)).toBeVisible({ timeout: 10000 })
          |                                             ^
      372 |
      373 |   const revokeBtn = page.getByRole('button', { name: /Revoke certificate for/i })
      374 |   await expect(revokeBtn).toBeEnabled()
        at C:\Users\Bilal\Desktop\mindnavy LMS\frontend\tests\certificates.full.spec.ts:371:45

    Error Context: test-results\certificates.full-Revoke-c-ef690-sabled-once-already-revoked-authenticated\error-context.md

    Error Context: test-results\certificates.full-Revoke-c-ef690-sabled-once-already-revoked-authenticated\error-context.md

  11) [authenticated] › tests\certificates.full.spec.ts:392:1 › Reissue — confirm dialog states old QR/PDF stop working, new code differs from old 

    Error: expect(locator).toBeVisible() failed

    Locator: getByText('Cert Reissue Course 1786750462424')
    Expected: visible
    Error: strict mode violation: getByText('Cert Reissue Course 1786750462424') resolved to 2 elements:
        1) <option value="89e55a23-ea30-4b1e-a51e-2d76a429be63">Cert Reissue Course 1786750462424</option> aka getByLabel('Filter by course')
        2) <td class="tw:px-4 tw:py-3 tw:text-[13px] tw:text-slate-700">Cert Reissue Course 1786750462424</td> aka getByRole('cell', { name: 'Cert Reissue Course' })

    Call log:
      - Expect "toBeVisible" with timeout 10000ms
      - waiting for getByText('Cert Reissue Course 1786750462424')
        3 × locator resolved to <option value="89e55a23-ea30-4b1e-a51e-2d76a429be63">Cert Reissue Course 1786750462424</option>
          - unexpected value "hidden"


      400 |   await gotoCertificatesTab(page)
      401 |   await page.getByLabel('Filter by course').selectOption(courseId)
    > 402 |   await expect(page.getByText(courseTitle)).toBeVisible({ timeout: 10000 })
          |                                             ^
      403 |
      404 |   let dialogMessage = ''
      405 |   page.once('dialog', (d) => { dialogMessage = d.message(); d.accept() })
        at C:\Users\Bilal\Desktop\mindnavy LMS\frontend\tests\certificates.full.spec.ts:402:45

    Error Context: test-results\certificates.full-Reissue--b84a1-g-new-code-differs-from-old-authenticated\error-context.md

    Error Context: test-results\certificates.full-Reissue--b84a1-g-new-code-differs-from-old-authenticated\error-context.md

  12) [authenticated] › tests\certificates.full.spec.ts:423:1 › PDF download — fetched with Bearer header (not a bare anchor), not a document navigation 

    Error: expect(locator).toBeVisible() failed

    Locator: getByText('Cert PdfDownload Course 1786750470414')
    Expected: visible
    Error: strict mode violation: getByText('Cert PdfDownload Course 1786750470414') resolved to 2 elements:
        1) <option value="4d1d16b6-bfc0-40c9-9838-4d0f3ab6e46c">Cert PdfDownload Course 1786750470414</option> aka getByLabel('Filter by course')
        2) <td class="tw:px-4 tw:py-3 tw:text-[13px] tw:text-slate-700">Cert PdfDownload Course 1786750470414</td> aka getByRole('cell', { name: 'Cert PdfDownload Course' })

    Call log:
      - Expect "toBeVisible" with timeout 10000ms
      - waiting for getByText('Cert PdfDownload Course 1786750470414')
        5 × locator resolved to <option value="4d1d16b6-bfc0-40c9-9838-4d0f3ab6e46c">Cert PdfDownload Course 1786750470414</option>
          - unexpected value "hidden"


      431 |   await gotoCertificatesTab(page)
      432 |   await page.getByLabel('Filter by course').selectOption(courseId)
    > 433 |   await expect(page.getByText(courseTitle)).toBeVisible({ timeout: 10000 })
          |                                             ^
      434 |
      435 |   const pdfRequest = page.waitForRequest(r => r.url().includes(`/certificates/${certId}/pdf`), { timeout: 10000 })
      436 |   await page.getByRole('button', { name: /Download PDF for/i }).click()
        at C:\Users\Bilal\Desktop\mindnavy LMS\frontend\tests\certificates.full.spec.ts:433:45

    Error Context: test-results\certificates.full-PDF-down-31d80-r-not-a-document-navigation-authenticated\error-context.md

    Error Context: test-results\certificates.full-PDF-down-31d80-r-not-a-document-navigation-authenticated\error-context.md

  13) [authenticated] › tests\certificates.full.spec.ts:443:1 › PDF download on a revoked certificate — handled as an error state, no broken download 

    Error: expect(locator).toBeVisible() failed

    Locator: getByText('Cert PdfRevoked Course 1786750506801')
    Expected: visible
    Error: strict mode violation: getByText('Cert PdfRevoked Course 1786750506801') resolved to 2 elements:
        1) <option value="1e36b20a-a532-4ec0-b56c-50ebb0f0bb07">Cert PdfRevoked Course 1786750506801</option> aka getByLabel('Filter by course')
        2) <td class="tw:px-4 tw:py-3 tw:text-[13px] tw:text-slate-700">Cert PdfRevoked Course 1786750506801</td> aka getByRole('cell', { name: 'Cert PdfRevoked Course' })

    Call log:
      - Expect "toBeVisible" with timeout 10000ms
      - waiting for getByText('Cert PdfRevoked Course 1786750506801')
        5 × locator resolved to <option value="1e36b20a-a532-4ec0-b56c-50ebb0f0bb07">Cert PdfRevoked Course 1786750506801</option>
          - unexpected value "hidden"


      453 |   await gotoCertificatesTab(page)
      454 |   await page.getByLabel('Filter by course').selectOption(courseId)
    > 455 |   await expect(page.getByText(courseTitle)).toBeVisible({ timeout: 10000 })
          |                                             ^
      456 |
      457 |   let downloadFired = false
      458 |   page.on('download', () => { downloadFired = true })
        at C:\Users\Bilal\Desktop\mindnavy LMS\frontend\tests\certificates.full.spec.ts:455:45

    Error Context: test-results\certificates.full-PDF-down-47bb4-or-state-no-broken-download-authenticated\error-context.md

    Error Context: test-results\certificates.full-PDF-down-47bb4-or-state-no-broken-download-authenticated\error-context.md

  14) [authenticated] › tests\certificates.full.spec.ts:498:3 › Public verify page (no auth) › valid code — success state with student/course/date 

    Error: page.evaluate: SecurityError: Failed to read the 'localStorage' property from 'Window': Access is denied for this document.
        at UtilityScript.evaluate (<anonymous>:305:16)
        at UtilityScript.<anonymous> (<anonymous>:1:44)
        at UtilityScript.evaluate (<anonymous>:305:16)
        at UtilityScript.<anonymous> (<anonymous>:1:44)
        at C:\Users\Bilal\Desktop\mindnavy LMS\frontend\tests\certificates.full.spec.ts:502:30

    Error Context: test-results\certificates.full-Public-v-d462a-te-with-student-course-date-authenticated\error-context.md

    Error Context: test-results\certificates.full-Public-v-d462a-te-with-student-course-date-authenticated\error-context.md

  15) [authenticated] › tests\competencies.full.spec.ts:77:1 › Competencies page loads with header, stats cards and tabs 

    Error: expect(locator).toBeVisible() failed

    Locator: getByText('Total Competencies')
    Expected: visible
    Timeout: 10000ms
    Error: element(s) not found

    Call log:
      - Expect "toBeVisible" with timeout 10000ms
      - waiting for getByText('Total Competencies')


      82 |   expect(resp.ok()).toBeTruthy()
      83 |   await expect(page.getByRole('heading', { name: 'Competencies' })).toBeVisible({ timeout: 10000 })
    > 84 |   await expect(page.getByText('Total Competencies')).toBeVisible({ timeout: 10000 })
         |                                                      ^
      85 |   for (const label of ['Overview', 'Competency List', 'Frameworks', 'Categories', 'Assessments', 'Skill Gaps']) {
      86 |     await expect(page.getByRole('button', { name: label, exact: true })).toBeVisible({ timeout: 10000 })
      87 |   }
        at C:\Users\Bilal\Desktop\mindnavy LMS\frontend\tests\competencies.full.spec.ts:84:54

    Error Context: test-results\competencies.full-Competen-0b447-header-stats-cards-and-tabs-authenticated\error-context.md

    Error Context: test-results\competencies.full-Competen-0b447-header-stats-cards-and-tabs-authenticated\error-context.md

  16) [authenticated] › tests\competencies.full.spec.ts:121:1 › Creating a framework and adding the competency as a required skill 

    Error: expect(locator).toBeVisible() failed

    Locator: locator('tr').filter({ hasText: 'QA Competency 1786750561073' })
    Expected: visible
    Timeout: 10000ms
    Error: element(s) not found

    Call log:
      - Expect "toBeVisible" with timeout 10000ms
      - waiting for locator('tr').filter({ hasText: 'QA Competency 1786750561073' })


      157 |
      158 |   const row = page.locator('tr', { hasText: skillName as string })
    > 159 |   await expect(row).toBeVisible({ timeout: 10000 })
          |                     ^
      160 |   await expect(row.getByText('Certified')).toBeVisible({ timeout: 10000 })
      161 | })
      162 |
        at C:\Users\Bilal\Desktop\mindnavy LMS\frontend\tests\competencies.full.spec.ts:159:21

    Error Context: test-results\competencies.full-Creating-23301-petency-as-a-required-skill-authenticated\error-context.md

    Error Context: test-results\competencies.full-Creating-23301-petency-as-a-required-skill-authenticated\error-context.md

  17) [authenticated] › tests\competencies.full.spec.ts:249:1 › Import/Export tab: export downloads a CSV and import creates a competency 

    Error: expect(locator).toBeVisible() failed

    Locator: getByText('QA Import Competency 1786750629455')
    Expected: visible
    Timeout: 5000ms
    Error: element(s) not found

    Call log:
      - Expect "toBeVisible" with timeout 5000ms
      - waiting for getByText('QA Import Competency 1786750629455')
        - waiting for" http://localhost:5173/competencies?tab=import-export" navigation to finish...
        - navigated to "http://localhost:5173/competencies?tab=import-export"


      270 |     buffer: Buffer.from(csvContent),
      271 |   })
    > 272 |   await expect(page.getByText(importSkillName)).toBeVisible({ timeout: 5000 })
          |                                                 ^
      273 |
      274 |   const [importResp] = await Promise.all([
      275 |     page.waitForResponse(r => r.url().includes('/competencies/skills/import') && r.request().method() === 'POST', { timeout: 15000 }),
        at C:\Users\Bilal\Desktop\mindnavy LMS\frontend\tests\competencies.full.spec.ts:272:49

    Error Context: test-results\competencies.full-Import-E-a6143-import-creates-a-competency-authenticated\error-context.md

    Error Context: test-results\competencies.full-Import-E-a6143-import-creates-a-competency-authenticated\error-context.md

  18) [authenticated] › tests\content-library.full.spec.ts:121:1 › Upload dialog has NO type picker — SCORM/QUIZ structurally cannot be offered for upload 

    Error: expect(locator).toHaveCount(expected) failed

    Locator:  getByText('SCORM')
    Expected: 0
    Received: 3
    Timeout:  5000ms

    Call log:
      - Expect "toHaveCount" with timeout 5000ms
      - waiting for getByText('SCORM')
        5 × locator resolved to 1 element
          - unexpected value "1"
        9 × locator resolved to 3 elements
          - unexpected value "3"


      124 |   await expect(page.getByRole('heading', { name: 'Upload Content' })).toBeVisible({ timeout: 5000 })
      125 |
    > 126 |   await expect(page.getByText('SCORM')).toHaveCount(0)
          |                                         ^
      127 |   await expect(page.getByText('QUIZ', { exact: false })).toHaveCount(0)
      128 |   await expect(page.getByRole('combobox', { name: /type/i })).toHaveCount(0)
      129 | })
        at C:\Users\Bilal\Desktop\mindnavy LMS\frontend\tests\content-library.full.spec.ts:126:41

    Error Context: test-results\content-library.full-Uploa-3acef-annot-be-offered-for-upload-authenticated\error-context.md

  19) [authenticated] › tests\course-approval.full.spec.ts:162:1 › Approval: Reject modal opens, validates required reason, counter 

    Error: expect(locator).toBeVisible() failed

    Locator: getByText('Request Changes')
    Expected: visible
    Error: strict mode violation: getByText('Request Changes') resolved to 2 elements:
        1) <h3 class="tw:m-0 tw:text-[15px] tw:font-semibold tw:text-slate-900">Request Changes</h3> aka getByRole('heading', { name: 'Request Changes' })
        2) <button disabled type="button" aria-label="Submit rejection" class="tw:rounded-lg tw:bg-red-600 tw:px-4 tw:py-2 tw:text-[13px] tw:font-semibold tw:text-white tw:hover:bg-red-700 tw:disabled:opacity-40">Request Changes</button> aka getByRole('button', { name: 'Submit rejection' })

    Call log:
      - Expect "toBeVisible" with timeout 3000ms
      - waiting for getByText('Request Changes')


      175 |
      176 |   // Modal visible with header and textarea
    > 177 |   await expect(page.getByText('Request Changes')).toBeVisible({ timeout: 3000 })
          |                                                   ^
      178 |   const textarea = page.getByLabel('Rejection reason')
      179 |   await expect(textarea).toBeVisible()
      180 |
        at C:\Users\Bilal\Desktop\mindnavy LMS\frontend\tests\course-approval.full.spec.ts:177:51

    Error Context: test-results\course-approval.full-Appro-d44d7-tes-required-reason-counter-authenticated\error-context.md

    Error Context: test-results\course-approval.full-Appro-d44d7-tes-required-reason-counter-authenticated\error-context.md

  20) [authenticated] › tests\course-approval.full.spec.ts:194:1 › Approval: Reject submits reason → POST reject, toast, course removed from Pending 

    Test timeout of 30000ms exceeded.

    Error: page.waitForResponse: Test timeout of 30000ms exceeded.

      208 |   await page.getByLabel('Rejection reason').fill('Needs more examples and better formatting.')
      209 |
    > 210 |   const rejectResp = page.waitForResponse(
          |                           ^
      211 |     r => r.url().includes('/reject') && r.request().method() === 'POST',
      212 |     { timeout: 15000 },
      213 |   )
        at C:\Users\Bilal\Desktop\mindnavy LMS\frontend\tests\course-approval.full.spec.ts:210:27

    Error: locator.click: Test timeout of 30000ms exceeded.
    Call log:
      - waiting for getByRole('button', { name: 'Request Changes' })


      212 |     { timeout: 15000 },
      213 |   )
    > 214 |   await page.getByRole('button', { name: 'Request Changes' }).click()
          |                                                               ^
      215 |   const resp = await rejectResp
      216 |   expect(resp.ok(), 'POST /reject must succeed').toBeTruthy()
      217 |
        at C:\Users\Bilal\Desktop\mindnavy LMS\frontend\tests\course-approval.full.spec.ts:214:63

    Error Context: test-results\course-approval.full-Appro-3ae10-course-removed-from-Pending-authenticated\error-context.md

    Error Context: test-results\course-approval.full-Appro-3ae10-course-removed-from-Pending-authenticated\error-context.md

  21) [authenticated] › tests\course-approval.full.spec.ts:223:1 › Approval: rejectionReason banner visible on Basic Info after reject 

    TimeoutError: page.waitForResponse: Timeout 15000ms exceeded while waiting for event "response"

      238 |   await page.getByLabel('Rejection reason').fill(reason)
      239 |
    > 240 |   const rejectResp = page.waitForResponse(
          |                           ^
      241 |     r => r.url().includes('/reject') && r.request().method() === 'POST',
      242 |     { timeout: 15000 },
      243 |   )
        at C:\Users\Bilal\Desktop\mindnavy LMS\frontend\tests\course-approval.full.spec.ts:240:27

    Error: locator.click: Test ended.
    Call log:
      - waiting for getByRole('button', { name: 'Request Changes' })


      242 |     { timeout: 15000 },
      243 |   )
    > 244 |   await page.getByRole('button', { name: 'Request Changes' }).click()
          |                                                               ^
      245 |   await rejectResp
      246 |
      247 |   // Navigate to the course Basic Info (edit step) — rejection reason must be shown
        at C:\Users\Bilal\Desktop\mindnavy LMS\frontend\tests\course-approval.full.spec.ts:244:63

    Error Context: test-results\course-approval.full-Appro-a5c8f--on-Basic-Info-after-reject-authenticated\error-context.md

    Error Context: test-results\course-approval.full-Appro-a5c8f--on-Basic-Info-after-reject-authenticated\error-context.md

  22) [authenticated] › tests\course-approval.full.spec.ts:329:1 › Approval: double-click prevention — Request Changes button disabled during request 

    Test timeout of 30000ms exceeded.

    Error: locator.click: Test timeout of 30000ms exceeded.
    Call log:
      - waiting for getByRole('button', { name: 'Request Changes' })


      354 |   })
      355 |
    > 356 |   await page.getByRole('button', { name: 'Request Changes' }).click()
          |                                                               ^
      357 |
      358 |   // While in-flight: button shows "Sending…" and is disabled
      359 |   await expect(page.getByRole('button', { name: /Sending/i })).toBeDisabled({ timeout: 2000 })
        at C:\Users\Bilal\Desktop\mindnavy LMS\frontend\tests\course-approval.full.spec.ts:356:63

    Error Context: test-results\course-approval.full-Appro-da991-ton-disabled-during-request-authenticated\error-context.md

    Error Context: test-results\course-approval.full-Appro-da991-ton-disabled-during-request-authenticated\error-context.md

  23) [authenticated] › tests\course-basic-info.full.spec.ts:76:1 › Basic Info edit: "Next: Course Builder" sends PATCH then navigates (regression) 

    Error: expect(locator).toBeVisible() failed

    Locator: getByRole('button', { name: /Next: Course Builder/i })
    Expected: visible
    Timeout: 5000ms
    Error: element(s) not found

    Call log:
      - Expect "toBeVisible" with timeout 5000ms
      - waiting for getByRole('button', { name: /Next: Course Builder/i })


      59 |   await expect(row).toBeVisible({ timeout: 10000 })
      60 |   await row.locator(`button[aria-label="Edit ${courseTitle}"]`).click()
    > 61 |   await expect(page.getByRole('button', { name: /Next: Course Builder/i })).toBeVisible({ timeout: 5000 })
         |                                                                             ^
      62 | }
      63 |
      64 | // ── Cleanup ───────────────────────────────────────────────────────────────────
        at navigateToBasicInfoEdit (C:\Users\Bilal\Desktop\mindnavy LMS\frontend\tests\course-basic-info.full.spec.ts:61:77)
        at C:\Users\Bilal\Desktop\mindnavy LMS\frontend\tests\course-basic-info.full.spec.ts:84:3

    Error Context: test-results\course-basic-info.full-Bas-4f583--then-navigates-regression--authenticated\error-context.md

    Error Context: test-results\course-basic-info.full-Bas-4f583--then-navigates-regression--authenticated\error-context.md

  24) [authenticated] › tests\course-basic-info.full.spec.ts:131:1 › Basic Info edit: "Save Draft" button still saves and returns to list 

    Error: expect(locator).toBeVisible() failed

    Locator: getByRole('button', { name: /Next: Course Builder/i })
    Expected: visible
    Timeout: 5000ms
    Error: element(s) not found

    Call log:
      - Expect "toBeVisible" with timeout 5000ms
      - waiting for getByRole('button', { name: /Next: Course Builder/i })


      59 |   await expect(row).toBeVisible({ timeout: 10000 })
      60 |   await row.locator(`button[aria-label="Edit ${courseTitle}"]`).click()
    > 61 |   await expect(page.getByRole('button', { name: /Next: Course Builder/i })).toBeVisible({ timeout: 5000 })
         |                                                                             ^
      62 | }
      63 |
      64 | // ── Cleanup ───────────────────────────────────────────────────────────────────
        at navigateToBasicInfoEdit (C:\Users\Bilal\Desktop\mindnavy LMS\frontend\tests\course-basic-info.full.spec.ts:61:77)
        at C:\Users\Bilal\Desktop\mindnavy LMS\frontend\tests\course-basic-info.full.spec.ts:139:3

    Error Context: test-results\course-basic-info.full-Bas-30df8-l-saves-and-returns-to-list-authenticated\error-context.md

    Error Context: test-results\course-basic-info.full-Bas-30df8-l-saves-and-returns-to-list-authenticated\error-context.md

  25) [authenticated] › tests\course-builder.full.spec.ts:141:1 › Add section — title appears in the section list 

    Error: expect(locator).toBeVisible() failed

    Locator: getByText('Section A 1786750885240')
    Expected: visible
    Error: strict mode violation: getByText('Section A 1786750885240') resolved to 2 elements:
        1) <span class="tw:flex-1 tw:text-[13px] tw:font-semibold tw:text-slate-900 tw:truncate">Section A 1786750885240</span> aka getByText('Section A 1786750885240', { exact: true })
        2) <div>Section "Section A 1786750885240" added.</div> aka getByText('Section "Section A')

    Call log:
      - Expect "toBeVisible" with timeout 5000ms
      - waiting for getByText('Section A 1786750885240')


      145 |   await addSection(page, sectionTitle)
      146 |
    > 147 |   await expect(page.getByText(sectionTitle)).toBeVisible({ timeout: 5000 })
          |                                              ^
      148 | })
      149 |
      150 | test('Add text lesson — lesson appears under its section', async ({ page }) => {
        at C:\Users\Bilal\Desktop\mindnavy LMS\frontend\tests\course-builder.full.spec.ts:147:46

    Error Context: test-results\course-builder.full-Add-se-b5ac2-appears-in-the-section-list-authenticated\error-context.md

    Error Context: test-results\course-builder.full-Add-se-b5ac2-appears-in-the-section-list-authenticated\error-context.md

  26) [authenticated] › tests\course-builder.full.spec.ts:150:1 › Add text lesson — lesson appears under its section 

    Test timeout of 30000ms exceeded.

    Error: locator.click: Test timeout of 30000ms exceeded.
    Call log:
      - waiting for getByRole('button', { name: /Add Section/ }).last()
        - locator resolved to <button type="button" class="tw:flex tw:items-center tw:justify-center tw:gap-1.5 tw:rounded-xl tw:border tw:border-dashed tw:border-slate-300 tw:py-3 tw:text-[13px] tw:font-medium tw:text-slate-500 tw:hover:border-blue-300 tw:hover:bg-blue-50 tw:hover:text-blue-600 tw:disabled:opacity-40 tw:transition-colors">…</button>
      - attempting click action
        - waiting for element to be visible, enabled and stable
      - element was detached from the DOM, retrying


      87 |  */
      88 | async function addSection(page: Page, title: string) {
    > 89 |   await page.getByRole('button', { name: /Add Section/ }).last().click()
         |                                                                  ^
      90 |   await expect(page.getByLabel('New section title')).toBeVisible({ timeout: 3000 })
      91 |
      92 |   // Promise.all: listen for POST /sections THEN fill+click simultaneously.
        at addSection (C:\Users\Bilal\Desktop\mindnavy LMS\frontend\tests\course-builder.full.spec.ts:89:66)
        at C:\Users\Bilal\Desktop\mindnavy LMS\frontend\tests\course-builder.full.spec.ts:152:9

    Error Context: test-results\course-builder.full-Add-te-615fe-n-appears-under-its-section-authenticated\error-context.md

    Error Context: test-results\course-builder.full-Add-te-615fe-n-appears-under-its-section-authenticated\error-context.md

  27) [authenticated] › tests\course-builder.full.spec.ts:160:1 › Add valid video URL lesson — accepted and appears in list 

    Test timeout of 30000ms exceeded.

    Error: locator.click: Test timeout of 30000ms exceeded.
    Call log:
      - waiting for getByRole('button', { name: /Add Lesson/ }).first()


      162 |   await addSection(page, `Sec for video ${Date.now()}`)
      163 |
    > 164 |   await page.getByRole('button', { name: /Add Lesson/ }).first().click()
          |                                                                  ^
      165 |   await expect(page.getByRole('heading', { name: 'Add Lesson' })).toBeVisible({ timeout: 3000 })
      166 |
      167 |   const lessonTitle = `Video Lesson ${Date.now()}`
        at C:\Users\Bilal\Desktop\mindnavy LMS\frontend\tests\course-builder.full.spec.ts:164:66

    Error Context: test-results\course-builder.full-Add-va-8bff1-ccepted-and-appears-in-list-authenticated\error-context.md

    Error Context: test-results\course-builder.full-Add-va-8bff1-ccepted-and-appears-in-list-authenticated\error-context.md

  28) [authenticated] › tests\course-builder.full.spec.ts:192:1 › Reject invalid video URL — shows inline error, no API call 

    Test timeout of 30000ms exceeded.

    Error: locator.click: Test timeout of 30000ms exceeded.
    Call log:
      - waiting for getByRole('button', { name: /Add Lesson/ }).first()


      194 |   await addSection(page, `Sec invalid url ${Date.now()}`)
      195 |
    > 196 |   await page.getByRole('button', { name: /Add Lesson/ }).first().click()
          |                                                                  ^
      197 |   await page.getByLabel('Lesson title').fill('Bad URL Lesson')
      198 |   await page.getByRole('button', { name: 'Video URL' }).click()
      199 |   await page.getByLabel('Video URL').fill('not-a-valid-url')
        at C:\Users\Bilal\Desktop\mindnavy LMS\frontend\tests\course-builder.full.spec.ts:196:66

    Error Context: test-results\course-builder.full-Reject-b23e5-ws-inline-error-no-API-call-authenticated\error-context.md

    Error Context: test-results\course-builder.full-Reject-b23e5-ws-inline-error-no-API-call-authenticated\error-context.md

  29) [authenticated] › tests\course-builder.full.spec.ts:215:1 › Edit lesson prefill — form opens with existing values 

    Test timeout of 30000ms exceeded.

    Error: locator.click: Test timeout of 30000ms exceeded.
    Call log:
      - waiting for getByRole('button', { name: /Add Lesson/ }).first()


      114 |  */
      115 | async function addTextLesson(page: Page, title: string, content = '') {
    > 116 |   await page.getByRole('button', { name: /Add Lesson/ }).first().click()
          |                                                                  ^
      117 |   await expect(page.getByRole('heading', { name: 'Add Lesson' })).toBeVisible({ timeout: 3000 })
      118 |
      119 |   const [lessonResp] = await Promise.all([
        at addTextLesson (C:\Users\Bilal\Desktop\mindnavy LMS\frontend\tests\course-builder.full.spec.ts:116:66)
        at C:\Users\Bilal\Desktop\mindnavy LMS\frontend\tests\course-builder.full.spec.ts:220:9

    Error Context: test-results\course-builder.full-Edit-l-c7412--opens-with-existing-values-authenticated\error-context.md

    Error Context: test-results\course-builder.full-Edit-l-c7412--opens-with-existing-values-authenticated\error-context.md

  30) [authenticated] › tests\course-builder.full.spec.ts:236:1 › Delete section confirm — dismiss keeps it, confirm removes it 

    Error: expect(locator).toBeVisible() failed

    Locator: getByText('Sec to delete 1786751019817')
    Expected: visible
    Error: strict mode violation: getByText('Sec to delete 1786751019817') resolved to 2 elements:
        1) <span class="tw:flex-1 tw:text-[13px] tw:font-semibold tw:text-slate-900 tw:truncate">Sec to delete 1786751019817</span> aka getByText('Sec to delete 1786751019817', { exact: true })
        2) <div>Section "Sec to delete 1786751019817" added.</div> aka getByText('Section "Sec to delete')

    Call log:
      - Expect "toBeVisible" with timeout 5000ms
      - waiting for getByText('Sec to delete 1786751019817')


      239 |   const secTitle = `Sec to delete ${Date.now()}`
      240 |   await addSection(page, secTitle)
    > 241 |   await expect(page.getByText(secTitle)).toBeVisible({ timeout: 5000 })
          |                                          ^
      242 |
      243 |   // Dismiss: section stays
      244 |   page.once('dialog', dialog => dialog.dismiss())
        at C:\Users\Bilal\Desktop\mindnavy LMS\frontend\tests\course-builder.full.spec.ts:241:42

    Error Context: test-results\course-builder.full-Delete-b0959-keeps-it-confirm-removes-it-authenticated\error-context.md

    Error Context: test-results\course-builder.full-Delete-b0959-keeps-it-confirm-removes-it-authenticated\error-context.md

  31) [authenticated] › tests\course-builder.full.spec.ts:263:1 › Reorder sends ONE bulk PATCH and replaces state from response 

    TimeoutError: page.waitForResponse: Timeout 10000ms exceeded while waiting for event "response"

      104 |
      105 |   // After createSection succeeds, CourseBuilder calls loadSections (GET /sections).
    > 106 |   await page.waitForResponse(
          |              ^
      107 |     r => r.url().includes('/sections') && r.request().method() === 'GET' && r.ok(),
      108 |     { timeout: 10000 },
      109 |   )
        at addSection (C:\Users\Bilal\Desktop\mindnavy LMS\frontend\tests\course-builder.full.spec.ts:106:14)
        at C:\Users\Bilal\Desktop\mindnavy LMS\frontend\tests\course-builder.full.spec.ts:266:3

    Error Context: test-results\course-builder.full-Reorde-cdeb3-eplaces-state-from-response-authenticated\error-context.md

    Error Context: test-results\course-builder.full-Reorde-cdeb3-eplaces-state-from-response-authenticated\error-context.md

  32) [authenticated] › tests\course-preview.full.spec.ts:185:1 › Preview: Back navigates to Settings, Next navigates to Submit 

    Error: expect(locator).toBeVisible() failed

    Locator: getByText('Course Settings')
    Expected: visible
    Timeout: 5000ms
    Error: element(s) not found

    Call log:
      - Expect "toBeVisible" with timeout 5000ms
      - waiting for getByText('Course Settings')


      196 |   // Back → Settings
      197 |   await page.getByRole('button', { name: /Back to Settings/i }).click()
    > 198 |   await expect(page.getByText('Course Settings')).toBeVisible({ timeout: 5000 })
          |                                                   ^
      199 |
      200 |   // Go back to Preview
      201 |   await page.getByRole('button', { name: /Next: Preview/i }).click()
        at C:\Users\Bilal\Desktop\mindnavy LMS\frontend\tests\course-preview.full.spec.ts:198:51

    Error Context: test-results\course-preview.full-Previe-6205b-gs-Next-navigates-to-Submit-authenticated\error-context.md

    Error Context: test-results\course-preview.full-Previe-6205b-gs-Next-navigates-to-Submit-authenticated\error-context.md

  33) [authenticated] › tests\course-preview.full.spec.ts:209:1 › Preview: empty sections → shows empty state, not a broken render 

    Error: expect(received).toBeTruthy()

    Received: false

      28 | async function getInstructorId(page: Page, headers: Record<string, string>): Promise<string> {
      29 |   const res = await page.request.get(`${API}/courses?limit=1`, { headers })
    > 30 |   expect(res.ok()).toBeTruthy()
         |                    ^
      31 |   const body = await res.json()
      32 |   const id: string = body.data?.courses?.[0]?.instructorId
      33 |   expect(id, 'At least one course with an instructorId must exist').toBeTruthy()
        at getInstructorId (C:\Users\Bilal\Desktop\mindnavy LMS\frontend\tests\course-preview.full.spec.ts:30:20)
        at C:\Users\Bilal\Desktop\mindnavy LMS\frontend\tests\course-preview.full.spec.ts:214:24

    Error Context: test-results\course-preview.full-Previe-123fa-y-state-not-a-broken-render-authenticated\error-context.md

    Error Context: test-results\course-preview.full-Previe-123fa-y-state-not-a-broken-render-authenticated\error-context.md

  34) [authenticated] › tests\course-preview.full.spec.ts:235:1 › Preview: 404 course → shows error state with Retry button 

    Error: expect(received).toBeTruthy()

    Received: false

      28 | async function getInstructorId(page: Page, headers: Record<string, string>): Promise<string> {
      29 |   const res = await page.request.get(`${API}/courses?limit=1`, { headers })
    > 30 |   expect(res.ok()).toBeTruthy()
         |                    ^
      31 |   const body = await res.json()
      32 |   const id: string = body.data?.courses?.[0]?.instructorId
      33 |   expect(id, 'At least one course with an instructorId must exist').toBeTruthy()
        at getInstructorId (C:\Users\Bilal\Desktop\mindnavy LMS\frontend\tests\course-preview.full.spec.ts:30:20)
        at C:\Users\Bilal\Desktop\mindnavy LMS\frontend\tests\course-preview.full.spec.ts:240:24

    Error Context: test-results\course-preview.full-Previe-b1e24-ror-state-with-Retry-button-authenticated\error-context.md

    Error Context: test-results\course-preview.full-Previe-b1e24-ror-state-with-Retry-button-authenticated\error-context.md

  35) [authenticated] › tests\course-settings.full.spec.ts:95:1 › Settings form: renders all sections and saves changed fields 

    Error: expect(locator).toBeVisible() failed

    Locator: getByText('Pricing')
    Expected: visible
    Error: strict mode violation: getByText('Pricing') resolved to 2 elements:
        1) <p class="tw:m-0 tw:text-[11px] tw:text-slate-400">Step 4 — Pricing, access & SEO</p> aka getByText('Step 4 — Pricing, access & SEO')
        2) <h3 class="tw:m-0 tw:text-[13px] tw:font-semibold tw:text-slate-800">Pricing</h3> aka getByRole('heading', { name: 'Pricing' })

    Call log:
      - Expect "toBeVisible" with timeout 5000ms
      - waiting for getByText('Pricing')


      105 |
      106 |   // All sections present
    > 107 |   await expect(page.getByText('Pricing')).toBeVisible()
          |                                           ^
      108 |   await expect(page.getByText('Enrollment')).toBeVisible()
      109 |   await expect(page.getByText('Features')).toBeVisible()
      110 |   await expect(page.getByText('Access Rules')).toBeVisible()
        at C:\Users\Bilal\Desktop\mindnavy LMS\frontend\tests\course-settings.full.spec.ts:107:43

    Error Context: test-results\course-settings.full-Setti-4377b-ns-and-saves-changed-fields-authenticated\error-context.md

    Error Context: test-results\course-settings.full-Setti-4377b-ns-and-saves-changed-fields-authenticated\error-context.md

  36) [authenticated] › tests\course-settings.full.spec.ts:161:1 › Settings form: does not PATCH when no fields changed 

    Error: No PATCH should be issued when nothing changed

    expect(received).toBe(expected) // Object.is equality

    Expected: false
    Received: true

      179 |   await page.waitForTimeout(1000)
      180 |
    > 181 |   expect(patchCalled, 'No PATCH should be issued when nothing changed').toBe(false)
          |                                                                         ^
      182 |   await expect(page.getByText('Settings saved.')).toBeVisible({ timeout: 3000 })
      183 | })
      184 |
        at C:\Users\Bilal\Desktop\mindnavy LMS\frontend\tests\course-settings.full.spec.ts:181:73

    Error Context: test-results\course-settings.full-Setti-5e826-ATCH-when-no-fields-changed-authenticated\error-context.md

    Error Context: test-results\course-settings.full-Setti-5e826-ATCH-when-no-fields-changed-authenticated\error-context.md

  37) [authenticated] › tests\course-settings.full.spec.ts:234:1 › Settings form: accessRules multi-selects save group and prerequisite course, reload restores selection 

    Error: expect(locator).toBeVisible() failed

    Locator: getByText('Course Settings')
    Expected: visible
    Timeout: 5000ms
    Error: element(s) not found

    Call log:
      - Expect "toBeVisible" with timeout 5000ms
      - waiting for getByText('Course Settings')


      287 |   await page.getByRole('button', { name: /Back to Builder/i }).click()
      288 |   await page.getByRole('button', { name: /Next: Settings/i }).click()
    > 289 |   await expect(page.getByText('Course Settings')).toBeVisible({ timeout: 5000 })
          |                                                   ^
      290 |
      291 |   // Clear search and find the checkboxes again — they should be checked
      292 |   await page.getByLabel('Search Allowed Groups').fill('')
        at C:\Users\Bilal\Desktop\mindnavy LMS\frontend\tests\course-settings.full.spec.ts:289:51

    Error Context: test-results\course-settings.full-Setti-57fa2-e-reload-restores-selection-authenticated\error-context.md

    Error Context: test-results\course-settings.full-Setti-57fa2-e-reload-restores-selection-authenticated\error-context.md

  38) [authenticated] › tests\course-submit.full.spec.ts:137:1 › Submit: successfully submits a ready course → shows success + Pending 

    Error: page.evaluate: Execution context was destroyed, most likely because of a navigation

      17 |
      18 | async function getAuthHeaders(page: Page) {
    > 19 |   const token = await page.evaluate(() => localStorage.getItem('mn_admin_token') ?? '')
         |                            ^
      20 |   expect(token, 'mn_admin_token must exist in localStorage').toBeTruthy()
      21 |   savedToken = token
      22 |   return {
        at getAuthHeaders (C:\Users\Bilal\Desktop\mindnavy LMS\frontend\tests\course-submit.full.spec.ts:19:28)
        at C:\Users\Bilal\Desktop\mindnavy LMS\frontend\tests\course-submit.full.spec.ts:140:19

    Error Context: test-results\course-submit.full-Submit--28eba-rse-→-shows-success-Pending-authenticated\error-context.md

    Error Context: test-results\course-submit.full-Submit--28eba-rse-→-shows-success-Pending-authenticated\error-context.md

  39) [authenticated] › tests\course-submit.full.spec.ts:161:1 › Submit: SUBMIT_CHECKS_FAILED → renders full errors[] list 

    Error: expect(received).toBeTruthy()

    Received: false

      28 | async function getInstructorId(page: Page, headers: Record<string, string>): Promise<string> {
      29 |   const res = await page.request.get(`${API}/courses?limit=1`, { headers })
    > 30 |   expect(res.ok()).toBeTruthy()
         |                    ^
      31 |   const body = await res.json()
      32 |   const id: string = body.data?.courses?.[0]?.instructorId
      33 |   expect(id, 'At least one course with an instructorId must exist').toBeTruthy()
        at getInstructorId (C:\Users\Bilal\Desktop\mindnavy LMS\frontend\tests\course-submit.full.spec.ts:30:20)
        at C:\Users\Bilal\Desktop\mindnavy LMS\frontend\tests\course-submit.full.spec.ts:165:24

    Error Context: test-results\course-submit.full-Submit--24cea--→-renders-full-errors-list-authenticated\error-context.md

    Error Context: test-results\course-submit.full-Submit--24cea--→-renders-full-errors-list-authenticated\error-context.md

  40) [authenticated] › tests\course-submit.full.spec.ts:188:1 › Submit: non-Draft course shows status guard (no submit button) 

    Error: expect(received).toBeTruthy()

    Received: false

      28 | async function getInstructorId(page: Page, headers: Record<string, string>): Promise<string> {
      29 |   const res = await page.request.get(`${API}/courses?limit=1`, { headers })
    > 30 |   expect(res.ok()).toBeTruthy()
         |                    ^
      31 |   const body = await res.json()
      32 |   const id: string = body.data?.courses?.[0]?.instructorId
      33 |   expect(id, 'At least one course with an instructorId must exist').toBeTruthy()
        at getInstructorId (C:\Users\Bilal\Desktop\mindnavy LMS\frontend\tests\course-submit.full.spec.ts:30:20)
        at C:\Users\Bilal\Desktop\mindnavy LMS\frontend\tests\course-submit.full.spec.ts:192:24

    Error Context: test-results\course-submit.full-Submit--82a81-tus-guard-no-submit-button--authenticated\error-context.md

    Error Context: test-results\course-submit.full-Submit--82a81-tus-guard-no-submit-button--authenticated\error-context.md

  41) [authenticated] › tests\course-submit.full.spec.ts:209:1 › Submit: "Save as Draft" navigates back to course list 

    Error: expect(received).toBeTruthy()

    Received: false

      28 | async function getInstructorId(page: Page, headers: Record<string, string>): Promise<string> {
      29 |   const res = await page.request.get(`${API}/courses?limit=1`, { headers })
    > 30 |   expect(res.ok()).toBeTruthy()
         |                    ^
      31 |   const body = await res.json()
      32 |   const id: string = body.data?.courses?.[0]?.instructorId
      33 |   expect(id, 'At least one course with an instructorId must exist').toBeTruthy()
        at getInstructorId (C:\Users\Bilal\Desktop\mindnavy LMS\frontend\tests\course-submit.full.spec.ts:30:20)
        at C:\Users\Bilal\Desktop\mindnavy LMS\frontend\tests\course-submit.full.spec.ts:213:24

    Error Context: test-results\course-submit.full-Submit--26f5f-vigates-back-to-course-list-authenticated\error-context.md

    Error Context: test-results\course-submit.full-Submit--26f5f-vigates-back-to-course-list-authenticated\error-context.md

  42) [authenticated] › tests\course-submit.full.spec.ts:226:1 › Submit: wrong-state 400 → shows exact backend message inline (not errors[] list) 

    Error: expect(locator).toBeVisible() failed

    Locator: getByText('Submit for Review')
    Expected: visible
    Error: strict mode violation: getByText('Submit for Review') resolved to 2 elements:
        1) <h2 class="tw:m-0 tw:text-[17px] tw:font-semibold tw:text-slate-900">Submit for Review</h2> aka getByRole('heading', { name: 'Submit for Review' })
        2) <button type="button" aria-label="Submit for Review" class="tw:flex tw:items-center tw:gap-1.5 tw:rounded-lg tw:bg-blue-600 tw:px-5 tw:py-2 tw:text-[13px] tw:font-semibold tw:text-white tw:hover:bg-blue-700 tw:disabled:opacity-40">…</button> aka getByRole('button', { name: 'Submit for Review' })

    Call log:
      - Expect "toBeVisible" with timeout 5000ms
      - waiting for getByText('Submit for Review')


      120 |   // Preview → Submit
      121 |   await page.getByRole('button', { name: /Next: Submit/i }).click()
    > 122 |   await expect(page.getByText('Submit for Review')).toBeVisible({ timeout: 5000 })
          |                                                     ^
      123 | }
      124 |
      125 | // ── Cleanup ───────────────────────────────────────────────────────────────────
        at navigateToSubmitStep (C:\Users\Bilal\Desktop\mindnavy LMS\frontend\tests\course-submit.full.spec.ts:122:53)
        at C:\Users\Bilal\Desktop\mindnavy LMS\frontend\tests\course-submit.full.spec.ts:235:3

    Error Context: test-results\course-submit.full-Submit--2cc0e-age-inline-not-errors-list--authenticated\error-context.md

    Error Context: test-results\course-submit.full-Submit--2cc0e-age-inline-not-errors-list--authenticated\error-context.md

  43) [authenticated] › tests\course-submit.full.spec.ts:259:1 › Submit: button is disabled during in-flight request (double-submit prevented) 

    Error: expect(locator).toBeVisible() failed

    Locator: getByText('Submit for Review')
    Expected: visible
    Error: strict mode violation: getByText('Submit for Review') resolved to 2 elements:
        1) <h2 class="tw:m-0 tw:text-[17px] tw:font-semibold tw:text-slate-900">Submit for Review</h2> aka getByRole('heading', { name: 'Submit for Review' })
        2) <button type="button" aria-label="Submit for Review" class="tw:flex tw:items-center tw:gap-1.5 tw:rounded-lg tw:bg-blue-600 tw:px-5 tw:py-2 tw:text-[13px] tw:font-semibold tw:text-white tw:hover:bg-blue-700 tw:disabled:opacity-40">…</button> aka getByRole('button', { name: 'Submit for Review' })

    Call log:
      - Expect "toBeVisible" with timeout 5000ms
      - waiting for getByText('Submit for Review')


      120 |   // Preview → Submit
      121 |   await page.getByRole('button', { name: /Next: Submit/i }).click()
    > 122 |   await expect(page.getByText('Submit for Review')).toBeVisible({ timeout: 5000 })
          |                                                     ^
      123 | }
      124 |
      125 | // ── Cleanup ───────────────────────────────────────────────────────────────────
        at navigateToSubmitStep (C:\Users\Bilal\Desktop\mindnavy LMS\frontend\tests\course-submit.full.spec.ts:122:53)
        at C:\Users\Bilal\Desktop\mindnavy LMS\frontend\tests\course-submit.full.spec.ts:267:3

    Error Context: test-results\course-submit.full-Submit--7f0c1-st-double-submit-prevented--authenticated\error-context.md

    Error Context: test-results\course-submit.full-Submit--7f0c1-st-double-submit-prevented--authenticated\error-context.md

  44) [authenticated] › tests\course-submit.full.spec.ts:289:1 › Submit: courses list shows Pending badge after submit without hard reload (invalidation) 

    Error: expect(locator).toBeVisible() failed

    Locator: getByText('Submit for Review')
    Expected: visible
    Error: strict mode violation: getByText('Submit for Review') resolved to 2 elements:
        1) <h2 class="tw:m-0 tw:text-[17px] tw:font-semibold tw:text-slate-900">Submit for Review</h2> aka getByRole('heading', { name: 'Submit for Review' })
        2) <button type="button" aria-label="Submit for Review" class="tw:flex tw:items-center tw:gap-1.5 tw:rounded-lg tw:bg-blue-600 tw:px-5 tw:py-2 tw:text-[13px] tw:font-semibold tw:text-white tw:hover:bg-blue-700 tw:disabled:opacity-40">…</button> aka getByRole('button', { name: 'Submit for Review' })

    Call log:
      - Expect "toBeVisible" with timeout 5000ms
      - waiting for getByText('Submit for Review')


      120 |   // Preview → Submit
      121 |   await page.getByRole('button', { name: /Next: Submit/i }).click()
    > 122 |   await expect(page.getByText('Submit for Review')).toBeVisible({ timeout: 5000 })
          |                                                     ^
      123 | }
      124 |
      125 | // ── Cleanup ───────────────────────────────────────────────────────────────────
        at navigateToSubmitStep (C:\Users\Bilal\Desktop\mindnavy LMS\frontend\tests\course-submit.full.spec.ts:122:53)
        at C:\Users\Bilal\Desktop\mindnavy LMS\frontend\tests\course-submit.full.spec.ts:297:3

    Error Context: test-results\course-submit.full-Submit--e8a05-t-hard-reload-invalidation--authenticated\error-context.md

    Error Context: test-results\course-submit.full-Submit--e8a05-t-hard-reload-invalidation--authenticated\error-context.md

  45) [authenticated] › tests\course-upload.full.spec.ts:110:1 › Size rejection — file > 5 MB blocked client-side, no API request 

    Error: expect(locator).toBeVisible() failed

    Locator: getByRole('heading', { name: /Edit Course|Create Course/i })
    Expected: visible
    Timeout: 10000ms
    Error: element(s) not found

    Call log:
      - Expect "toBeVisible" with timeout 10000ms
      - waiting for getByRole('heading', { name: /Edit Course|Create Course/i })


      56 |   }
      57 |   await firstEditBtn.click()
    > 58 |   await expect(page.getByRole('heading', { name: /Edit Course|Create Course/i })).toBeVisible({ timeout: 10000 })
         |                                                                                   ^
      59 |   return true
      60 | }
      61 |
        at gotoEditForm (C:\Users\Bilal\Desktop\mindnavy LMS\frontend\tests\course-upload.full.spec.ts:58:83)
        at C:\Users\Bilal\Desktop\mindnavy LMS\frontend\tests\course-upload.full.spec.ts:111:14

    Error Context: test-results\course-upload.full-Size-re-25666--client-side-no-API-request-authenticated\error-context.md

  46) [authenticated] › tests\course-upload.full.spec.ts:160:1 › Progress bar renders during file transfer 

    Error: expect(locator).toBeVisible() failed

    Locator: getByRole('heading', { name: /Edit Course|Create Course/i })
    Expected: visible
    Timeout: 10000ms
    Error: element(s) not found

    Call log:
      - Expect "toBeVisible" with timeout 10000ms
      - waiting for getByRole('heading', { name: /Edit Course|Create Course/i })


      56 |   }
      57 |   await firstEditBtn.click()
    > 58 |   await expect(page.getByRole('heading', { name: /Edit Course|Create Course/i })).toBeVisible({ timeout: 10000 })
         |                                                                                   ^
      59 |   return true
      60 | }
      61 |
        at gotoEditForm (C:\Users\Bilal\Desktop\mindnavy LMS\frontend\tests\course-upload.full.spec.ts:58:83)
        at C:\Users\Bilal\Desktop\mindnavy LMS\frontend\tests\course-upload.full.spec.ts:161:14

    Error Context: test-results\course-upload.full-Progress-bar-renders-during-file-transfer-authenticated\error-context.md

  47) [authenticated] › tests\course-upload.full.spec.ts:204:1 › Cancel mid-upload resets UI to idle drop zone 

    Test timeout of 30000ms exceeded.

    Error: locator.click: Test timeout of 30000ms exceeded.
    Call log:
      - waiting for getByRole('button', { name: 'Courses', exact: true })


      36 | async function gotoEditForm(page: Page) {
      37 |   await page.goto('/learning-management')
    > 38 |   await page.getByRole('button', { name: 'Courses', exact: true }).click()
         |                                                                    ^
      39 |   await expect(page.getByRole('heading', { name: 'Courses', exact: true })).toBeVisible({ timeout: 15000 })
      40 |
      41 |   // Wait for the data fetch to complete — CoursesTab only renders the pagination
        at gotoEditForm (C:\Users\Bilal\Desktop\mindnavy LMS\frontend\tests\course-upload.full.spec.ts:38:68)
        at C:\Users\Bilal\Desktop\mindnavy LMS\frontend\tests\course-upload.full.spec.ts:205:14

    Error Context: test-results\course-upload.full-Cancel--cfbaf-resets-UI-to-idle-drop-zone-authenticated\error-context.md

  48) [authenticated] › tests\course-upload.full.spec.ts:246:1 › Replace thumbnail deletes old storage path 

    Test timeout of 30000ms exceeded.

    Error: locator.click: Test timeout of 30000ms exceeded.
    Call log:
      - waiting for getByRole('button', { name: 'Courses', exact: true })


      36 | async function gotoEditForm(page: Page) {
      37 |   await page.goto('/learning-management')
    > 38 |   await page.getByRole('button', { name: 'Courses', exact: true }).click()
         |                                                                    ^
      39 |   await expect(page.getByRole('heading', { name: 'Courses', exact: true })).toBeVisible({ timeout: 15000 })
      40 |
      41 |   // Wait for the data fetch to complete — CoursesTab only renders the pagination
        at gotoEditForm (C:\Users\Bilal\Desktop\mindnavy LMS\frontend\tests\course-upload.full.spec.ts:38:68)
        at C:\Users\Bilal\Desktop\mindnavy LMS\frontend\tests\course-upload.full.spec.ts:247:14

    Error Context: test-results\course-upload.full-Replace-baadc-il-deletes-old-storage-path-authenticated\error-context.md

  49) [authenticated] › tests\course-video-upload.full.spec.ts:186:1 › Edit mode TEXT→VIDEO_URL gates Upload File until type is saved, then unlocks 

    Test timeout of 30000ms exceeded.

    Error: locator.click: Test timeout of 30000ms exceeded.
    Call log:
      - waiting for getByRole('button', { name: /Add Lesson/ }).first()


      189 |   if (!ok) return
      190 |
    > 191 |   await page.getByRole('button', { name: /Add Lesson/ }).first().click()
          |                                                                  ^
      192 |   await expect(page.getByRole('heading', { name: 'Add Lesson' })).toBeVisible({ timeout: 3000 })
      193 |
      194 |   const lessonTitle = `Text Lesson ${Date.now()}`
        at C:\Users\Bilal\Desktop\mindnavy LMS\frontend\tests\course-video-upload.full.spec.ts:191:66

    Error Context: test-results\course-video-upload.full-E-6b9fd--type-is-saved-then-unlocks-authenticated\error-context.md

    Error Context: test-results\course-video-upload.full-E-6b9fd--type-is-saved-then-unlocks-authenticated\error-context.md

  50) [authenticated] › tests\course-video-upload.full.spec.ts:255:1 › Create mode shows "save lesson first" — no upload available 

    Test timeout of 30000ms exceeded.

    Error: locator.click: Test timeout of 30000ms exceeded.
    Call log:
      - waiting for getByRole('button', { name: /Add Lesson/ }).first()


      260 |
      261 |   // Open "Add Lesson" in create mode (no lessonId — lesson has not been saved yet)
    > 262 |   await page.getByRole('button', { name: /Add Lesson/ }).first().click()
          |                                                                  ^
      263 |   await expect(page.getByRole('heading', { name: 'Add Lesson' })).toBeVisible({ timeout: 3000 })
      264 |   await page.getByRole('button', { name: 'Video URL' }).click()
      265 |
        at C:\Users\Bilal\Desktop\mindnavy LMS\frontend\tests\course-video-upload.full.spec.ts:262:66

    Error Context: test-results\course-video-upload.full-C-f1658-first-—-no-upload-available-authenticated\error-context.md

    Error Context: test-results\course-video-upload.full-C-f1658-first-—-no-upload-available-authenticated\error-context.md

  51) [authenticated] › tests\course-video-upload.full.spec.ts:277:1 › Type rejection — non-video file blocked client-side, no sign request 

    Test timeout of 30000ms exceeded.

    Error: locator.click: Test timeout of 30000ms exceeded.
    Call log:
      - waiting for getByRole('button', { name: /Add Lesson/ }).first()


      137 |
      138 |   // Add VIDEO_URL lesson
    > 139 |   await page.getByRole('button', { name: /Add Lesson/ }).first().click()
          |                                                                  ^
      140 |   await expect(page.getByRole('heading', { name: 'Add Lesson' })).toBeVisible({ timeout: 3000 })
      141 |
      142 |   const lessonTitle = `Video Lesson ${Date.now()}`
        at gotoVideoLessonUploadTab (C:\Users\Bilal\Desktop\mindnavy LMS\frontend\tests\course-video-upload.full.spec.ts:139:66)
        at C:\Users\Bilal\Desktop\mindnavy LMS\frontend\tests\course-video-upload.full.spec.ts:278:14

    Error Context: test-results\course-video-upload.full-T-d7e7c-client-side-no-sign-request-authenticated\error-context.md

    Error Context: test-results\course-video-upload.full-T-d7e7c-client-side-no-sign-request-authenticated\error-context.md

  52) [authenticated] › tests\course-video-upload.full.spec.ts:299:1 › Size rejection — file > 50 MB blocked client-side, no sign request 

    Test timeout of 30000ms exceeded.

    Error: locator.click: Test timeout of 30000ms exceeded.
    Call log:
      - waiting for getByRole('button', { name: /Add Lesson/ }).first()


      137 |
      138 |   // Add VIDEO_URL lesson
    > 139 |   await page.getByRole('button', { name: /Add Lesson/ }).first().click()
          |                                                                  ^
      140 |   await expect(page.getByRole('heading', { name: 'Add Lesson' })).toBeVisible({ timeout: 3000 })
      141 |
      142 |   const lessonTitle = `Video Lesson ${Date.now()}`
        at gotoVideoLessonUploadTab (C:\Users\Bilal\Desktop\mindnavy LMS\frontend\tests\course-video-upload.full.spec.ts:139:66)
        at C:\Users\Bilal\Desktop\mindnavy LMS\frontend\tests\course-video-upload.full.spec.ts:300:14

    Error Context: test-results\course-video-upload.full-S-08c82-client-side-no-sign-request-authenticated\error-context.md

    Error Context: test-results\course-video-upload.full-S-08c82-client-side-no-sign-request-authenticated\error-context.md

  53) [authenticated] › tests\course-video-upload.full.spec.ts:323:1 › Successful video upload — sign → PUT → confirm → done state visible 

    Test timeout of 30000ms exceeded.

    Error: locator.click: Test timeout of 30000ms exceeded.
    Call log:
      - waiting for getByRole('button', { name: /Add Lesson/ }).first()


      137 |
      138 |   // Add VIDEO_URL lesson
    > 139 |   await page.getByRole('button', { name: /Add Lesson/ }).first().click()
          |                                                                  ^
      140 |   await expect(page.getByRole('heading', { name: 'Add Lesson' })).toBeVisible({ timeout: 3000 })
      141 |
      142 |   const lessonTitle = `Video Lesson ${Date.now()}`
        at gotoVideoLessonUploadTab (C:\Users\Bilal\Desktop\mindnavy LMS\frontend\tests\course-video-upload.full.spec.ts:139:66)
        at C:\Users\Bilal\Desktop\mindnavy LMS\frontend\tests\course-video-upload.full.spec.ts:324:14

    Error Context: test-results\course-video-upload.full-S-3c7c5-onfirm-→-done-state-visible-authenticated\error-context.md

    Error Context: test-results\course-video-upload.full-S-3c7c5-onfirm-→-done-state-visible-authenticated\error-context.md

  54) [authenticated] › tests\course-video-upload.full.spec.ts:344:1 › Progress bar renders during video transfer 

    Test timeout of 30000ms exceeded.

    Error: locator.click: Test timeout of 30000ms exceeded.
    Call log:
      - waiting for getByRole('button', { name: /Add Lesson/ }).first()


      137 |
      138 |   // Add VIDEO_URL lesson
    > 139 |   await page.getByRole('button', { name: /Add Lesson/ }).first().click()
          |                                                                  ^
      140 |   await expect(page.getByRole('heading', { name: 'Add Lesson' })).toBeVisible({ timeout: 3000 })
      141 |
      142 |   const lessonTitle = `Video Lesson ${Date.now()}`
        at gotoVideoLessonUploadTab (C:\Users\Bilal\Desktop\mindnavy LMS\frontend\tests\course-video-upload.full.spec.ts:139:66)
        at C:\Users\Bilal\Desktop\mindnavy LMS\frontend\tests\course-video-upload.full.spec.ts:345:14

    Error Context: test-results\course-video-upload.full-P-59d4e-nders-during-video-transfer-authenticated\error-context.md

    Error Context: test-results\course-video-upload.full-P-59d4e-nders-during-video-transfer-authenticated\error-context.md

  55) [authenticated] › tests\course-video-upload.full.spec.ts:383:1 › Cancel mid-upload resets UI to drop zone 

    Test timeout of 30000ms exceeded.

    Error: locator.click: Test timeout of 30000ms exceeded.
    Call log:
      - waiting for getByRole('button', { name: /Add Lesson/ }).first()


      137 |
      138 |   // Add VIDEO_URL lesson
    > 139 |   await page.getByRole('button', { name: /Add Lesson/ }).first().click()
          |                                                                  ^
      140 |   await expect(page.getByRole('heading', { name: 'Add Lesson' })).toBeVisible({ timeout: 3000 })
      141 |
      142 |   const lessonTitle = `Video Lesson ${Date.now()}`
        at gotoVideoLessonUploadTab (C:\Users\Bilal\Desktop\mindnavy LMS\frontend\tests\course-video-upload.full.spec.ts:139:66)
        at C:\Users\Bilal\Desktop\mindnavy LMS\frontend\tests\course-video-upload.full.spec.ts:384:14

    Error Context: test-results\course-video-upload.full-C-631db-load-resets-UI-to-drop-zone-authenticated\error-context.md

    Error Context: test-results\course-video-upload.full-C-631db-load-resets-UI-to-drop-zone-authenticated\error-context.md

  56) [authenticated] › tests\courses-invalidation.full.spec.ts:75:1 › Archive a Published course → Dashboard Courses KPI decrements without hard reload 

    Error: Setup: PATCH /courses/181f0015-d16e-4169-8ec5-d58e68b25297 to Published must succeed

    expect(received).toBeTruthy()

    Received: false

      124 |     headers: H,
      125 |   })
    > 126 |   expect(publishResp.ok(), `Setup: PATCH /courses/${createdCourseId} to Published must succeed`).toBeTruthy()
          |                                                                                                  ^
      127 |
      128 |   // ── Step 1: Read kpiBefore from a fresh Dashboard load ──
      129 |   // Navigate (hard reload) so getDashboardCore() re-runs and picks up the new
        at C:\Users\Bilal\Desktop\mindnavy LMS\frontend\tests\courses-invalidation.full.spec.ts:126:98

    Error Context: test-results\courses-invalidation.full--ad77a-rements-without-hard-reload-authenticated\error-context.md

  57) [authenticated] › tests\courses-tab.full.spec.ts:181:1 › Edit prefill — form opens with the course's existing title 

    Test timeout of 30000ms exceeded.

    Error: locator.click: Test timeout of 30000ms exceeded.
    Call log:
      - waiting for getByRole('button', { name: 'Courses', exact: true })


      28 | async function gotoCoursesTab(page: Parameters<typeof test>[1] extends (args: { page: infer P }) => unknown ? P : never) {
      29 |   await page.goto('/learning-management')
    > 30 |   await page.getByRole('button', { name: 'Courses', exact: true }).click()
         |                                                                    ^
      31 |   await expect(page).toHaveURL(/[?&]tab=courses/)
      32 |   // exact: true — prevents matching "Top Performing Courses" / "Recent Courses"
      33 |   // headings from the Overview tab that are still in the DOM during transition.
        at gotoCoursesTab (C:\Users\Bilal\Desktop\mindnavy LMS\frontend\tests\courses-tab.full.spec.ts:30:68)
        at C:\Users\Bilal\Desktop\mindnavy LMS\frontend\tests\courses-tab.full.spec.ts:182:3

    Error Context: test-results\courses-tab.full-Edit-pref-2077c-the-course-s-existing-title-authenticated\error-context.md

    Error Context: test-results\courses-tab.full-Edit-pref-2077c-the-course-s-existing-title-authenticated\error-context.md

  58) [authenticated] › tests\courses-tab.full.spec.ts:248:1 › Guide "Create New Course" button opens the create form on the Courses tab 

    Error: expect(locator).toBeVisible() failed

    Locator: getByRole('button', { name: 'Create New Course', exact: true })
    Expected: visible
    Timeout: 10000ms
    Error: element(s) not found

    Call log:
      - Expect "toBeVisible" with timeout 10000ms
      - waiting for getByRole('button', { name: 'Create New Course', exact: true })


      254 |   // The guide renders in the Overview sidebar — click the wired button.
      255 |   const guideBtn = page.getByRole('button', { name: 'Create New Course', exact: true })
    > 256 |   await expect(guideBtn).toBeVisible({ timeout: 10000 })
          |                          ^
      257 |   await guideBtn.click()
      258 |
      259 |   // Should switch to the Courses tab and immediately open the create form.
        at C:\Users\Bilal\Desktop\mindnavy LMS\frontend\tests\courses-tab.full.spec.ts:256:26

    Error Context: test-results\courses-tab.full-Guide-Cre-f3e5b-ate-form-on-the-Courses-tab-authenticated\error-context.md

    Error Context: test-results\courses-tab.full-Guide-Cre-f3e5b-ate-form-on-the-Courses-tab-authenticated\error-context.md

  59) [authenticated] › tests\courses-tab.full.spec.ts:267:1 › Overview header "Create Course" button opens the create form on the Courses tab 

    Error: Create Course heading must appear after clicking the Overview header button

    expect(locator).toBeVisible() failed

    Locator: getByRole('heading', { name: 'Create Course' })
    Expected: visible
    Timeout: 10000ms
    Error: element(s) not found

    Call log:
      - Create Course heading must appear after clicking the Overview header button with timeout 10000ms
      - waiting for getByRole('heading', { name: 'Create Course' })
        - waiting for" http://localhost:5173/learning-management?tab=courses" navigation to finish...
        - navigated to "http://localhost:5173/learning-management?tab=courses"


      279 |     page.getByRole('heading', { name: 'Create Course' }),
      280 |     'Create Course heading must appear after clicking the Overview header button',
    > 281 |   ).toBeVisible({ timeout: 10000 })
          |     ^
      282 | })
      283 |
      284 | test('Overview header "More Actions > Pending Course Approvals" filters Courses tab to Pending', async ({ page }) => {
        at C:\Users\Bilal\Desktop\mindnavy LMS\frontend\tests\courses-tab.full.spec.ts:281:5

    Error Context: test-results\courses-tab.full-Overview--1f582-ate-form-on-the-Courses-tab-authenticated\error-context.md

    Error Context: test-results\courses-tab.full-Overview--1f582-ate-form-on-the-Courses-tab-authenticated\error-context.md

  60) [authenticated] › tests\courses-tab.full.spec.ts:380:1 › View modal: backdrop click closes ───

    Test timeout of 30000ms exceeded.

    Error: locator.click: Test timeout of 30000ms exceeded.
    Call log:
      - waiting for locator('[aria-label="modal backdrop"]')
        - locator resolved to <div aria-label="modal backdrop"></div>
      - attempting click action
        2 × waiting for element to be visible, enabled and stable
          - element is visible, enabled and stable
          - scrolling into view if needed
          - done scrolling
          - <div class="tw:h-[160px] tw:w-full tw:animate-pulse tw:rounded-lg tw:bg-slate-100"></div> from <div role="dialog" aria-modal="true" aria-label="Course quick view" class="tw:relative tw:w-full tw:max-w-2xl tw:rounded-xl tw:bg-white tw:shadow-2xl tw:flex tw:flex-col tw:max-h-[90vh]">…</div> subtree intercepts pointer events
        - retrying click action
        - waiting 20ms
        2 × waiting for element to be visible, enabled and stable
          - element is visible, enabled and stable
          - scrolling into view if needed
          - done scrolling
          - <div class="tw:h-[160px] tw:w-full tw:animate-pulse tw:rounded-lg tw:bg-slate-100"></div> from <div role="dialog" aria-modal="true" aria-label="Course quick view" class="tw:relative tw:w-full tw:max-w-2xl tw:rounded-xl tw:bg-white tw:shadow-2xl tw:flex tw:flex-col tw:max-h-[90vh]">…</div> subtree intercepts pointer events
        - retrying click action
          - waiting 100ms
        2 × waiting for element to be visible, enabled and stable
          - element is visible, enabled and stable
          - scrolling into view if needed
          - done scrolling
          - <div class="tw:h-[160px] tw:w-full tw:animate-pulse tw:rounded-lg tw:bg-slate-100"></div> from <div role="dialog" aria-modal="true" aria-label="Course quick view" class="tw:relative tw:w-full tw:max-w-2xl tw:rounded-xl tw:bg-white tw:shadow-2xl tw:flex tw:flex-col tw:max-h-[90vh]">…</div> subtree intercepts pointer events
        - retrying click action
          - waiting 500ms
        46 × waiting for element to be visible, enabled and stable
           - element is visible, enabled and stable
           - scrolling into view if needed
           - done scrolling
           - <div class="tw:flex tw:flex-col tw:gap-4">…</div> from <div role="dialog" aria-modal="true" aria-label="Course quick view: Cert PublicVerify Course 1786750514428" class="tw:relative tw:w-full tw:max-w-2xl tw:rounded-xl tw:bg-white tw:shadow-2xl tw:flex tw:flex-col tw:max-h-[90vh]">…</div> subtree intercepts pointer events
         - retrying click action
           - waiting 500ms
        - waiting for element to be visible, enabled and stable
        - element is visible, enabled and stable
        - scrolling into view if needed
        - done scrolling


      386 |
      387 |   // Click the backdrop element (behind the panel)
    > 388 |   await page.locator('[aria-label="modal backdrop"]').click()
          |                                                       ^
      389 |   await expect(page.getByRole('dialog')).not.toBeVisible()
      390 | })
      391 |
        at C:\Users\Bilal\Desktop\mindnavy LMS\frontend\tests\courses-tab.full.spec.ts:388:55

    Error Context: test-results\courses-tab.full-View-modal-backdrop-click-closes-authenticated\error-context.md

    Error Context: test-results\courses-tab.full-View-modal-backdrop-click-closes-authenticated\error-context.md

  61) [authenticated] › tests\courses-tab.full.spec.ts:393:1 › View modal: 404 response shows error message and Retry 

    Test timeout of 30000ms exceeded.

    Error: locator.click: Test timeout of 30000ms exceeded.
    Call log:
      - waiting for getByRole('button', { name: 'Courses', exact: true })
        - waiting for" http://localhost:5173/learning-management" navigation to finish...
        - navigated to "http://localhost:5173/learning-management"


      28 | async function gotoCoursesTab(page: Parameters<typeof test>[1] extends (args: { page: infer P }) => unknown ? P : never) {
      29 |   await page.goto('/learning-management')
    > 30 |   await page.getByRole('button', { name: 'Courses', exact: true }).click()
         |                                                                    ^
      31 |   await expect(page).toHaveURL(/[?&]tab=courses/)
      32 |   // exact: true — prevents matching "Top Performing Courses" / "Recent Courses"
      33 |   // headings from the Overview tab that are still in the DOM during transition.
        at gotoCoursesTab (C:\Users\Bilal\Desktop\mindnavy LMS\frontend\tests\courses-tab.full.spec.ts:30:68)
        at C:\Users\Bilal\Desktop\mindnavy LMS\frontend\tests\courses-tab.full.spec.ts:398:3

    Error Context: test-results\courses-tab.full-View-moda-72756-ows-error-message-and-Retry-authenticated\error-context.md

    Error Context: test-results\courses-tab.full-View-moda-72756-ows-error-message-and-Retry-authenticated\error-context.md

  62) [authenticated] › tests\courses-tab.full.spec.ts:410:1 › Restore: archived course moves to Draft tab after restore 

    Error: page.evaluate: SecurityError: Failed to read the 'localStorage' property from 'Window': Access is denied for this document.
        at UtilityScript.evaluate (<anonymous>:305:16)
        at UtilityScript.<anonymous> (<anonymous>:1:44)
        at UtilityScript.evaluate (<anonymous>:305:16)
        at UtilityScript.<anonymous> (<anonymous>:1:44)
        at ensureToken (C:\Users\Bilal\Desktop\mindnavy LMS\frontend\tests\courses-tab.full.spec.ts:24:29)
        at C:\Users\Bilal\Desktop\mindnavy LMS\frontend\tests\courses-tab.full.spec.ts:411:9

    Error Context: test-results\courses-tab.full-Restore-a-ad58f--to-Draft-tab-after-restore-authenticated\error-context.md

    Error Context: test-results\courses-tab.full-Restore-a-ad58f--to-Draft-tab-after-restore-authenticated\error-context.md

  63) [authenticated] › tests\dashboard-kpis.full.spec.ts:15:1 › Dashboard shows all 9 KPI card labels 

    Error: KPI card label "Total Users" must be visible

    expect(locator).toBeVisible() failed

    Locator: locator('.mn-lkpi-label').filter({ hasText: 'Total Users' })
    Expected: visible
    Timeout: 10000ms
    Error: element(s) not found

    Call log:
      - KPI card label "Total Users" must be visible with timeout 10000ms
      - waiting for locator('.mn-lkpi-label').filter({ hasText: 'Total Users' })
        - waiting for" http://localhost:5173/dashboard" navigation to finish...
        - navigated to "http://localhost:5173/dashboard"


      33 |       page.locator('.mn-lkpi-label', { hasText: label }),
      34 |       `KPI card label "${label}" must be visible`,
    > 35 |     ).toBeVisible({ timeout: 10000 })
         |       ^
      36 |   }
      37 | })
      38 |
        at C:\Users\Bilal\Desktop\mindnavy LMS\frontend\tests\dashboard-kpis.full.spec.ts:35:7

    Error Context: test-results\dashboard-kpis.full-Dashboard-shows-all-9-KPI-card-labels-authenticated\error-context.md

  64) [authenticated] › tests\dashboard.full.spec.ts:72:1 › Live Sessions widget shows counts matching the real LiveSession rows (not app-login sessions) 

    Error: expect(locator).toBeVisible() failed

    Locator: getByText('Live Sessions', { exact: true })
    Expected: visible
    Error: strict mode violation: getByText('Live Sessions', { exact: true }) resolved to 2 elements:
        1) <div class="mn-lkpi-label">Live Sessions</div> aka getByText('Live Sessions').first()
        2) <div class="mn-db-card-title">Live Sessions</div> aka getByText('Live Sessions').nth(2)

    Call log:
      - Expect "toBeVisible" with timeout 15000ms
      - waiting for getByText('Live Sessions', { exact: true })


       98 |   expect(real.upcomingCount, 'dashboard upcomingCount must match real UPCOMING session count').toBe(trueUpcomingCount)
       99 |
    > 100 |   await expect(page.getByText('Live Sessions', { exact: true })).toBeVisible({ timeout: 15000 })
          |                                                                  ^
      101 |   const card = page.locator('.mn-db-card').filter({ has: page.getByText('Live Sessions', { exact: true }) })
      102 |
      103 |   // Stat tiles must match what the dashboard API actually returned. Anchor
        at C:\Users\Bilal\Desktop\mindnavy LMS\frontend\tests\dashboard.full.spec.ts:100:66

    Error Context: test-results\dashboard.full-Live-Sessio-cab71-ows-not-app-login-sessions--authenticated\error-context.md

    Error Context: test-results\dashboard.full-Live-Sessio-cab71-ows-not-app-login-sessions--authenticated\error-context.md

  65) [authenticated] › tests\dashboard.full.spec.ts:124:1 › Pending Approvals badge count matches items list exactly (no total/empty-list contradiction) 

    Error: expect(locator).toBeVisible() failed

    Locator: locator('.mn-db-card').filter({ has: getByText('Pending Approvals', { exact: true }) }).getByText('Dashboard Pending Probe')
    Expected: visible
    Error: strict mode violation: locator('.mn-db-card').filter({ has: getByText('Pending Approvals', { exact: true }) }).getByText('Dashboard Pending Probe') resolved to 2 elements:
        1) <div>Dashboard Pending Probe — account verification</div> aka getByText('Dashboard Pending Probe —')
        2) <div>Dashboard Pending Probe · just now</div> aka getByText('Dashboard Pending Probe ·')

    Call log:
      - Expect "toBeVisible" with timeout 5000ms
      - waiting for locator('.mn-db-card').filter({ has: getByText('Pending Approvals', { exact: true }) }).getByText('Dashboard Pending Probe')


      156 |   const card = page.locator('.mn-db-card').filter({ has: page.getByText('Pending Approvals', { exact: true }) })
      157 |   await expect(card.getByText(String(real.total), { exact: true })).toBeVisible({ timeout: 15000 })
    > 158 |   await expect(card.getByText('Dashboard Pending Probe', { exact: false })).toBeVisible()
          |                                                                             ^
      159 |   await expect(card.getByText('No pending approvals.')).toHaveCount(0)
      160 | })
      161 |
        at C:\Users\Bilal\Desktop\mindnavy LMS\frontend\tests\dashboard.full.spec.ts:158:77

    Error Context: test-results\dashboard.full-Pending-App-abf20-l-empty-list-contradiction--authenticated\error-context.md

    Error Context: test-results\dashboard.full-Pending-App-abf20-l-empty-list-contradiction--authenticated\error-context.md

  66) [authenticated] › tests\enrollments.full.spec.ts:79:1 › Enroll flow — dialog validates, submits, appears with NOT_STARTED / 0% progress 

    Error: locator.selectOption: options[0].label: expected string, got object

      90 |   await expect(page.getByRole('button', { name: 'Enroll', exact: true })).toBeDisabled()
      91 |
    > 92 |   await page.getByLabel('Learner').selectOption({ label: new RegExp(learner.name) })
         |                                    ^
      93 |   await page.getByLabel('Course').selectOption({ label: new RegExp(courseTitle) })
      94 |   await expect(page.getByRole('button', { name: 'Enroll', exact: true })).toBeEnabled()
      95 |
        at C:\Users\Bilal\Desktop\mindnavy LMS\frontend\tests\enrollments.full.spec.ts:92:36

    Error Context: test-results\enrollments.full-Enroll-fl-12d10-with-NOT-STARTED-0-progress-authenticated\error-context.md

    Error Context: test-results\enrollments.full-Enroll-fl-12d10-with-NOT-STARTED-0-progress-authenticated\error-context.md

  67) [authenticated] › tests\enrollments.full.spec.ts:113:1 › Already enrolled — real backend 400 shown next to the submit button, not a toast 

    Test timeout of 30000ms exceeded.

    Error: locator.click: Test timeout of 30000ms exceeded.
    Call log:
      - waiting for getByRole('button', { name: 'Enrollments', exact: true })


      70 | async function gotoEnrollmentsTab(page: Page) {
      71 |   await page.goto('/learning-management')
    > 72 |   await page.getByRole('button', { name: 'Enrollments', exact: true }).click()
         |                                                                        ^
      73 |   await expect(page).toHaveURL(/[?&]tab=enrollments/)
      74 |   await expect(page.getByRole('heading', { name: 'Enrollments', exact: true })).toBeVisible({ timeout: 10000 })
      75 | }
        at gotoEnrollmentsTab (C:\Users\Bilal\Desktop\mindnavy LMS\frontend\tests\enrollments.full.spec.ts:72:72)
        at C:\Users\Bilal\Desktop\mindnavy LMS\frontend\tests\enrollments.full.spec.ts:129:3

    Error Context: test-results\enrollments.full-Already-e-fb4cb-e-submit-button-not-a-toast-authenticated\error-context.md

    Error Context: test-results\enrollments.full-Already-e-fb4cb-e-submit-button-not-a-toast-authenticated\error-context.md

  68) [authenticated] › tests\enrollments.full.spec.ts:143:1 › Course full — exact "Course is full" backend message shown next to submit (* mock) 

    Error: locator.selectOption: options[0].label: expected string, got object

      158 |   await page.getByRole('button', { name: 'Enroll Learner', exact: true }).click()
      159 |   await expect(page.getByRole('heading', { name: 'Enroll Learner' })).toBeVisible({ timeout: 5000 })
    > 160 |   await page.getByLabel('Learner').selectOption({ label: new RegExp(learner.name) })
          |                                    ^
      161 |   await page.getByLabel('Course').selectOption({ label: new RegExp(courseTitle) })
      162 |   await page.getByRole('button', { name: 'Enroll', exact: true }).click()
      163 |
        at C:\Users\Bilal\Desktop\mindnavy LMS\frontend\tests\enrollments.full.spec.ts:160:36

    Error Context: test-results\enrollments.full-Course-fu-e4402--shown-next-to-submit-mock--authenticated\error-context.md

    Error Context: test-results\enrollments.full-Course-fu-e4402--shown-next-to-submit-mock--authenticated\error-context.md

  69) [authenticated] › tests\enrollments.full.spec.ts:168:1 › Status change — PATCH sends {status} ONLY, progress never in the request body 

    Test timeout of 30000ms exceeded.

    Error: locator.click: Test timeout of 30000ms exceeded.
    Call log:
      - waiting for getByRole('button', { name: 'Enrollments', exact: true })


      70 | async function gotoEnrollmentsTab(page: Page) {
      71 |   await page.goto('/learning-management')
    > 72 |   await page.getByRole('button', { name: 'Enrollments', exact: true }).click()
         |                                                                        ^
      73 |   await expect(page).toHaveURL(/[?&]tab=enrollments/)
      74 |   await expect(page.getByRole('heading', { name: 'Enrollments', exact: true })).toBeVisible({ timeout: 10000 })
      75 | }
        at gotoEnrollmentsTab (C:\Users\Bilal\Desktop\mindnavy LMS\frontend\tests\enrollments.full.spec.ts:72:72)
        at C:\Users\Bilal\Desktop\mindnavy LMS\frontend\tests\enrollments.full.spec.ts:182:3

    Error Context: test-results\enrollments.full-Status-ch-1fbef-s-never-in-the-request-body-authenticated\error-context.md

    Error Context: test-results\enrollments.full-Status-ch-1fbef-s-never-in-the-request-body-authenticated\error-context.md

  70) [authenticated] › tests\enrollments.full.spec.ts:207:1 › Unenroll — DELETE fires, confirm dialog stays neutral (never mentions certificates) 

    Test timeout of 30000ms exceeded.

    Error: locator.click: Test timeout of 30000ms exceeded.
    Call log:
      - waiting for getByRole('button', { name: 'Enrollments', exact: true })


      70 | async function gotoEnrollmentsTab(page: Page) {
      71 |   await page.goto('/learning-management')
    > 72 |   await page.getByRole('button', { name: 'Enrollments', exact: true }).click()
         |                                                                        ^
      73 |   await expect(page).toHaveURL(/[?&]tab=enrollments/)
      74 |   await expect(page.getByRole('heading', { name: 'Enrollments', exact: true })).toBeVisible({ timeout: 10000 })
      75 | }
        at gotoEnrollmentsTab (C:\Users\Bilal\Desktop\mindnavy LMS\frontend\tests\enrollments.full.spec.ts:72:72)
        at C:\Users\Bilal\Desktop\mindnavy LMS\frontend\tests\enrollments.full.spec.ts:220:3

    Error Context: test-results\enrollments.full-Unenroll--a488f-ever-mentions-certificates--authenticated\error-context.md

    Error Context: test-results\enrollments.full-Unenroll--a488f-ever-mentions-certificates--authenticated\error-context.md

  71) [authenticated] › tests\finance.full.spec.ts:72:1 › Finance page loads with header, KPI cards, and all tabs 

    Error: expect(locator).toBeVisible() failed

    Locator: getByText('Active Subscriptions')
    Expected: visible
    Error: strict mode violation: getByText('Active Subscriptions') resolved to 2 elements:
        1) <div>Active Subscriptions</div> aka getByText('Active Subscriptions', { exact: true })
        2) <div>No active subscriptions yet.</div> aka getByText('No active subscriptions yet.')

    Call log:
      - Expect "toBeVisible" with timeout 10000ms
      - waiting for getByText('Active Subscriptions')


      79 |   await expect(page.getByText('Total Revenue')).toBeVisible({ timeout: 10000 })
      80 |   await expect(page.getByText('Monthly Revenue')).toBeVisible({ timeout: 10000 })
    > 81 |   await expect(page.getByText('Active Subscriptions')).toBeVisible({ timeout: 10000 })
         |                                                        ^
      82 |   for (const label of ['Dashboard', 'Payments', 'Subscriptions', 'Invoices', 'Refunds', 'Payouts', 'Coupons', 'Tax Management']) {
      83 |     await expect(page.getByRole('button', { name: label, exact: true })).toBeVisible({ timeout: 10000 })
      84 |   }
        at C:\Users\Bilal\Desktop\mindnavy LMS\frontend\tests\finance.full.spec.ts:81:56

    Error Context: test-results\finance.full-Finance-page--2798e-ader-KPI-cards-and-all-tabs-authenticated\error-context.md

    Error Context: test-results\finance.full-Finance-page--2798e-ader-KPI-cards-and-all-tabs-authenticated\error-context.md

  72) [authenticated] › tests\finance.full.spec.ts:100:1 › Create Coupon creates a coupon and it appears in the Coupons tab 

    TimeoutError: page.waitForResponse: Timeout 15000ms exceeded while waiting for event "response"

      111 |
      112 |   const [resp] = await Promise.all([
    > 113 |     page.waitForResponse(r => r.url().endsWith('/finance/coupons') && r.request().method() === 'POST', { timeout: 15000 }),
          |          ^
      114 |     page.locator('form button[type="submit"]').click(),
      115 |   ])
      116 |   expect(resp.ok()).toBeTruthy()
        at C:\Users\Bilal\Desktop\mindnavy LMS\frontend\tests\finance.full.spec.ts:113:10

    Error Context: test-results\finance.full-Create-Coupon-4cd0c--appears-in-the-Coupons-tab-authenticated\error-context.md

    Error Context: test-results\finance.full-Create-Coupon-4cd0c--appears-in-the-Coupons-tab-authenticated\error-context.md

  73) [authenticated] › tests\finance.full.spec.ts:149:1 › Generate Invoice creates an invoice with a correct sequential number 

    Error: locator.click: Error: strict mode violation: getByRole('button', { name: 'Generate Invoice', exact: true }) resolved to 2 elements:
        1) <button type="button">…</button> aka locator('button').filter({ hasText: /^Generate Invoice$/ })
        2) <button type="button">…</button> aka getByRole('button', { name: 'Generate Invoice' }).nth(1)

    Call log:
      - waiting for getByRole('button', { name: 'Generate Invoice', exact: true })


      151 |
      152 |   await page.goto('/finance?tab=invoices')
    > 153 |   await page.getByRole('button', { name: 'Generate Invoice', exact: true }).click()
          |                                                                             ^
      154 |   await expect(page.getByRole('heading', { name: 'Generate Invoice' })).toBeVisible({ timeout: 5000 })
      155 |
      156 |   await page.getByPlaceholder('Search by name or email…').fill(learnerName as string)
        at C:\Users\Bilal\Desktop\mindnavy LMS\frontend\tests\finance.full.spec.ts:153:77

    Error Context: test-results\finance.full-Generate-Invo-41ac5-a-correct-sequential-number-authenticated\error-context.md

    Error Context: test-results\finance.full-Generate-Invo-41ac5-a-correct-sequential-number-authenticated\error-context.md

  74) [authenticated] › tests\groups.full.spec.ts:97:3 › Group CRUD › Create Group → verify appears in table 

    Error: page.evaluate: SecurityError: Failed to read the 'localStorage' property from 'Window': Access is denied for this document.
        at UtilityScript.evaluate (<anonymous>:305:16)
        at UtilityScript.<anonymous> (<anonymous>:1:44)
        at UtilityScript.evaluate (<anonymous>:305:16)
        at UtilityScript.<anonymous> (<anonymous>:1:44)
        at stashToken (C:\Users\Bilal\Desktop\mindnavy LMS\frontend\tests\groups.full.spec.ts:14:29)
        at createGroup (C:\Users\Bilal\Desktop\mindnavy LMS\frontend\tests\groups.full.spec.ts:65:9)
        at C:\Users\Bilal\Desktop\mindnavy LMS\frontend\tests\groups.full.spec.ts:98:11

    Error Context: test-results\groups.full-Group-CRUD-Cre-da406-p-→-verify-appears-in-table-authenticated\error-context.md

    Error Context: test-results\groups.full-Group-CRUD-Cre-da406-p-→-verify-appears-in-table-authenticated\error-context.md

  75) [authenticated] › tests\groups.full.spec.ts:141:3 › Group Members › Add Members to Group → verify member count increases 

    Error: page.evaluate: SecurityError: Failed to read the 'localStorage' property from 'Window': Access is denied for this document.
        at UtilityScript.evaluate (<anonymous>:305:16)
        at UtilityScript.<anonymous> (<anonymous>:1:44)
        at UtilityScript.evaluate (<anonymous>:305:16)
        at UtilityScript.<anonymous> (<anonymous>:1:44)
        at stashToken (C:\Users\Bilal\Desktop\mindnavy LMS\frontend\tests\groups.full.spec.ts:14:29)
        at createGroup (C:\Users\Bilal\Desktop\mindnavy LMS\frontend\tests\groups.full.spec.ts:65:9)
        at C:\Users\Bilal\Desktop\mindnavy LMS\frontend\tests\groups.full.spec.ts:136:11

    Error Context: test-results\groups.full-Group-Members--6e4e0-rify-member-count-increases-authenticated\error-context.md

    Error Context: test-results\groups.full-Group-Members--6e4e0-rify-member-count-increases-authenticated\error-context.md

  76) [authenticated] › tests\groups.full.spec.ts:190:1 › Search Groups → verify filtered results ──

    Error: page.evaluate: SecurityError: Failed to read the 'localStorage' property from 'Window': Access is denied for this document.
        at UtilityScript.evaluate (<anonymous>:305:16)
        at UtilityScript.<anonymous> (<anonymous>:1:44)
        at UtilityScript.evaluate (<anonymous>:305:16)
        at UtilityScript.<anonymous> (<anonymous>:1:44)
        at stashToken (C:\Users\Bilal\Desktop\mindnavy LMS\frontend\tests\groups.full.spec.ts:14:29)
        at createGroup (C:\Users\Bilal\Desktop\mindnavy LMS\frontend\tests\groups.full.spec.ts:65:9)
        at C:\Users\Bilal\Desktop\mindnavy LMS\frontend\tests\groups.full.spec.ts:192:9

    Error Context: test-results\groups.full-Search-Groups-→-verify-filtered-results-authenticated\error-context.md

    Error Context: test-results\groups.full-Search-Groups-→-verify-filtered-results-authenticated\error-context.md

  77) [authenticated] › tests\instructor-applications.full.spec.ts:192:1 › Request changes: modal appears, change request is required, and the status updates 

    TimeoutError: page.waitForResponse: Timeout 15000ms exceeded while waiting for event "response"

      101 | async function searchApplicant(page: Page, name: string) {
      102 |   const [resp] = await Promise.all([
    > 103 |     page.waitForResponse(r => r.url().includes('/instructor-applications') && r.url().includes('search=') && r.ok(), { timeout: 15000 }),
          |          ^
      104 |     page.getByPlaceholder('Search applicants…').fill(name),
      105 |   ])
      106 |   expect(resp.ok()).toBeTruthy()
        at searchApplicant (C:\Users\Bilal\Desktop\mindnavy LMS\frontend\tests\instructor-applications.full.spec.ts:103:10)
        at C:\Users\Bilal\Desktop\mindnavy LMS\frontend\tests\instructor-applications.full.spec.ts:196:9

    Error Context: test-results\instructor-applications.fu-e46f3-ired-and-the-status-updates-authenticated\error-context.md

    Error Context: test-results\instructor-applications.fu-e46f3-ired-and-the-status-updates-authenticated\error-context.md

  78) [authenticated] › tests\instructor-panel-analytics.full.spec.ts:97:1 › Panel shows real stats — Courses, Students, and "—" for Rating/Revenue 

    Error: expect(locator).toHaveText(expected) failed

    Locator: getByRole('group', { name: 'Rating stat' }).locator('[data-value]')
    Expected: "—"
    Error: strict mode violation: getByRole('group', { name: 'Rating stat' }).locator('[data-value]') resolved to 2 elements:
        1) <div data-value="true">—</div> aka getByLabel('Avg. Rating stat card').getByText('—', { exact: true })
        2) <div data-value="true">—</div> aka getByLabel('Rating stat', { exact: true }).getByText('—')

    Call log:
      - Expect "toHaveText" with timeout 5000ms
      - waiting for getByRole('group', { name: 'Rating stat' }).locator('[data-value]')


      110 |   expect(detail.rating).toBeNull()
      111 |   expect(detail.revenue).toBeNull()
    > 112 |   await expect(statValue('Rating')).toHaveText('—');
          |                                     ^
      113 |   await expect(statValue('Revenue')).toHaveText('—');
      114 | })
      115 |
        at C:\Users\Bilal\Desktop\mindnavy LMS\frontend\tests\instructor-panel-analytics.full.spec.ts:112:37

    Error Context: test-results\instructor-panel-analytics-b009e-ts-and-—-for-Rating-Revenue-authenticated\error-context.md

    Error Context: test-results\instructor-panel-analytics-b009e-ts-and-—-for-Rating-Revenue-authenticated\error-context.md

  79) [authenticated] › tests\instructor-panel-analytics.full.spec.ts:127:1 › Approving a pending course removes it from the panel queue without a reload 

    Error: expect(locator).toBeVisible() failed

    Locator: getByText('Pending Course Approvals')
    Expected: visible
    Timeout: 10000ms
    Error: element(s) not found

    Call log:
      - Expect "toBeVisible" with timeout 10000ms
      - waiting for getByText('Pending Course Approvals')


      129 |
      130 |   await openPanelByDeepLink(page)
    > 131 |   await expect(page.getByText('Pending Course Approvals')).toBeVisible({ timeout: 10000 })
          |                                                            ^
      132 |   await expect(page.getByText(courseTitle as string)).toBeVisible()
      133 |
      134 |   page.once('dialog', dialog => dialog.accept())
        at C:\Users\Bilal\Desktop\mindnavy LMS\frontend\tests\instructor-panel-analytics.full.spec.ts:131:60

    Error Context: test-results\instructor-panel-analytics-7d3f5-anel-queue-without-a-reload-authenticated\error-context.md

    Error Context: test-results\instructor-panel-analytics-7d3f5-anel-queue-without-a-reload-authenticated\error-context.md

  80) [authenticated] › tests\instructor-phase-b.full.spec.ts:89:1 › Courses tab loads the instructor's courses 

    Error: expect(locator).toBeVisible() failed

    Locator: locator('tr').filter({ has: getByText('QA Phase B Course 1786751950111') }).getByText('PENDING', { exact: true })
    Expected: visible
    Timeout: 10000ms
    Error: element(s) not found

    Call log:
      - Expect "toBeVisible" with timeout 10000ms
      - waiting for locator('tr').filter({ has: getByText('QA Phase B Course 1786751950111') }).getByText('PENDING', { exact: true })


      100 |   await expect(page.getByText(courseTitle as string)).toBeVisible({ timeout: 10000 })
      101 |   const row = page.locator('tr', { has: page.getByText(courseTitle as string) })
    > 102 |   await expect(row.getByText('PENDING', { exact: true })).toBeVisible({ timeout: 10000 })
          |                                                           ^
      103 | })
      104 |
      105 | test('Approving a pending course changes its status to Published', async ({ page }) => {
        at C:\Users\Bilal\Desktop\mindnavy LMS\frontend\tests\instructor-phase-b.full.spec.ts:102:59

    Error Context: test-results\instructor-phase-b.full-Co-c07a9-ds-the-instructor-s-courses-authenticated\error-context.md

    Error Context: test-results\instructor-phase-b.full-Co-c07a9-ds-the-instructor-s-courses-authenticated\error-context.md

  81) [authenticated] › tests\instructor-phase-b.full.spec.ts:105:1 › Approving a pending course changes its status to Published 

    Error: expect(locator).toBeVisible() failed

    Locator: locator('tr').filter({ has: getByText('QA Phase B Course 1786751967789') }).getByText('PENDING', { exact: true })
    Expected: visible
    Timeout: 10000ms
    Error: element(s) not found

    Call log:
      - Expect "toBeVisible" with timeout 10000ms
      - waiting for locator('tr').filter({ has: getByText('QA Phase B Course 1786751967789') }).getByText('PENDING', { exact: true })


      111 |
      112 |   const row = page.locator('tr', { has: page.getByText(courseTitle as string) })
    > 113 |   await expect(row.getByText('PENDING', { exact: true })).toBeVisible({ timeout: 10000 })
          |                                                           ^
      114 |
      115 |   page.once('dialog', dialog => dialog.accept())
      116 |   const [approveResp] = await Promise.all([
        at C:\Users\Bilal\Desktop\mindnavy LMS\frontend\tests\instructor-phase-b.full.spec.ts:113:59

    Error Context: test-results\instructor-phase-b.full-Ap-0b031-ges-its-status-to-Published-authenticated\error-context.md

    Error Context: test-results\instructor-phase-b.full-Ap-0b031-ges-its-status-to-Published-authenticated\error-context.md

  82) [authenticated] › tests\instructor-phase-cd.full.spec.ts:69:1 › Reviews tab loads and shows the empty state 

    Error: expect(locator).toBeVisible() failed

    Locator: getByText('No reviews yet.')
    Expected: visible
    Timeout: 10000ms
    Error: element(s) not found

    Call log:
      - Expect "toBeVisible" with timeout 10000ms
      - waiting for getByText('No reviews yet.')


      79 |
      80 |   // A freshly-created instructor has no reviews — the empty state renders.
    > 81 |   await expect(page.getByText('No reviews yet.')).toBeVisible({ timeout: 10000 })
         |                                                   ^
      82 | })
      83 |
      84 | test('Uploading a certification then verifying it shows VERIFIED', async ({ page }) => {
        at C:\Users\Bilal\Desktop\mindnavy LMS\frontend\tests\instructor-phase-cd.full.spec.ts:81:51

    Error Context: test-results\instructor-phase-cd.full-R-90423-s-and-shows-the-empty-state-authenticated\error-context.md

    Error Context: test-results\instructor-phase-cd.full-R-90423-s-and-shows-the-empty-state-authenticated\error-context.md

  83) [authenticated] › tests\instructor-phase-cd.full.spec.ts:84:1 › Uploading a certification then verifying it shows VERIFIED 

    Error: expect(locator).toBeVisible() failed

    Locator: getByText('QA Phase CD Cert 1786752021594')
    Expected: visible
    Error: strict mode violation: getByText('QA Phase CD Cert 1786752021594') resolved to 2 elements:
        1) <td title="QA Phase CD Cert 1786752021594">QA Phase CD Cert 1786752021594</td> aka getByRole('cell', { name: 'QA Phase CD Cert', description: 'QA Phase CD Cert 1786752021594' })
        2) <span>"QA Phase CD Cert 1786752021594" added.</span> aka getByText('"QA Phase CD Cert')

    Call log:
      - Expect "toBeVisible" with timeout 20000ms
      - waiting for getByText('QA Phase CD Cert 1786752021594')


      116 |   expect(signResp.ok()).toBeTruthy()
      117 |
    > 118 |   await expect(page.getByText(uploadedCertName)).toBeVisible({ timeout: 20000 })
          |                                                  ^
      119 |
      120 |   const listResp = await page.request.get(`${API}/instructors/${instructorId}/certifications`, {
      121 |     headers: { Authorization: `Bearer ${savedToken}` },
        at C:\Users\Bilal\Desktop\mindnavy LMS\frontend\tests\instructor-phase-cd.full.spec.ts:118:50

    Error Context: test-results\instructor-phase-cd.full-U-08226-verifying-it-shows-VERIFIED-authenticated\error-context.md

    Error Context: test-results\instructor-phase-cd.full-U-08226-verifying-it-shows-VERIFIED-authenticated\error-context.md

  84) [authenticated] › tests\instructor-stats-cards.full.spec.ts:97:1 › Suspending an instructor updates the Suspended Instructors card without a hard reload 

    Error: expect(locator).toBeVisible() failed

    Locator: getByRole('heading', { name: 'Suspend Instructor' })
    Expected: visible
    Timeout: 5000ms
    Error: element(s) not found

    Call log:
      - Expect "toBeVisible" with timeout 5000ms
      - waiting for getByRole('heading', { name: 'Suspend Instructor' })


      112 |   await page.getByLabel(`More actions for ${testInstructorName}`).click()
      113 |   await page.getByRole('button', { name: 'Suspend', exact: true }).click()
    > 114 |   await expect(page.getByRole('heading', { name: 'Suspend Instructor' })).toBeVisible({ timeout: 5000 })
          |                                                                           ^
      115 |   await page.getByLabel('Violation type').selectOption('POLICY')
      116 |   await page.getByLabel('Suspension reason').fill('Automated QA suspension test (stats reflection) — Phase B check')
      117 |
        at C:\Users\Bilal\Desktop\mindnavy LMS\frontend\tests\instructor-stats-cards.full.spec.ts:114:75

    Error Context: test-results\instructor-stats-cards.ful-3a6c0--card-without-a-hard-reload-authenticated\error-context.md

    Error Context: test-results\instructor-stats-cards.ful-3a6c0--card-without-a-hard-reload-authenticated\error-context.md

  85) [authenticated] › tests\instructors.full.spec.ts:109:1 › Suspend action opens the reason modal, submits, and the status badge updates 

    TimeoutError: page.waitForResponse: Timeout 15000ms exceeded while waiting for event "response"

      47 | async function searchForTestInstructor(page: Page) {
      48 |   const [resp] = await Promise.all([
    > 49 |     page.waitForResponse(r => r.url().includes('/instructors') && r.url().includes('search=') && r.ok(), { timeout: 15000 }),
         |          ^
      50 |     page.getByPlaceholder('Search instructors…').fill(testInstructorName as string),
      51 |   ])
      52 |   expect(resp.ok()).toBeTruthy()
        at searchForTestInstructor (C:\Users\Bilal\Desktop\mindnavy LMS\frontend\tests\instructors.full.spec.ts:49:10)
        at C:\Users\Bilal\Desktop\mindnavy LMS\frontend\tests\instructors.full.spec.ts:112:9

    Error Context: test-results\instructors.full-Suspend-a-cafa5-nd-the-status-badge-updates-authenticated\error-context.md

    Error Context: test-results\instructors.full-Suspend-a-cafa5-nd-the-status-badge-updates-authenticated\error-context.md

  86) [authenticated] › tests\integrations.full.spec.ts:40:1 › Integrations page loads with header, stats cards and tabs 

    TimeoutError: page.waitForResponse: Timeout 15000ms exceeded while waiting for event "response"

      40 | test('Integrations page loads with header, stats cards and tabs', async ({ page }) => {
      41 |   const [resp] = await Promise.all([
    > 42 |     page.waitForResponse(r => r.url().includes('/integrations/stats') && r.ok(), { timeout: 15000 }),
         |          ^
      43 |     page.goto('/integrations'),
      44 |   ])
      45 |   expect(resp.ok()).toBeTruthy()
        at C:\Users\Bilal\Desktop\mindnavy LMS\frontend\tests\integrations.full.spec.ts:42:10

    Error Context: test-results\integrations.full-Integrat-228e1-header-stats-cards-and-tabs-authenticated\error-context.md

    Error Context: test-results\integrations.full-Integrat-228e1-header-stats-cards-and-tabs-authenticated\error-context.md

  87) [authenticated] › tests\integrations.full.spec.ts:53:1 › Dashboard shows Zoom as CONNECTED ───

    SyntaxError: Unexpected token '<', "<!doctype "... is not valid JSON

      57 |   ])
      58 |   expect(resp.ok()).toBeTruthy()
    > 59 |   const body = await resp.json()
         |                ^
      60 |   const zoom = (body?.data ?? []).find((i: { slug: string }) => i.slug === 'zoom')
      61 |   expect(zoom, 'Zoom must exist in the seeded catalog').toBeTruthy()
      62 |
        at C:\Users\Bilal\Desktop\mindnavy LMS\frontend\tests\integrations.full.spec.ts:59:16

    Error Context: test-results\integrations.full-Dashboard-shows-Zoom-as-CONNECTED-authenticated\error-context.md

    Error Context: test-results\integrations.full-Dashboard-shows-Zoom-as-CONNECTED-authenticated\error-context.md

  88) [authenticated] › tests\learners.full.spec.ts:185:1 › Panel deep-link (?learner=<id>) opens the side panel directly 

    Error: expect(locator).toBeVisible() failed

    Locator: getByText('QA Learner 1786752127148')
    Expected: visible
    Error: strict mode violation: getByText('QA Learner 1786752127148') resolved to 2 elements:
        1) <div>QA Learner 1786752127148</div> aka getByText('QA Learner').first()
        2) <div>QA Learner 1786752127148</div> aka getByText('QA Learner').nth(2)

    Call log:
      - Expect "toBeVisible" with timeout 10000ms
      - waiting for getByText('QA Learner 1786752127148')


      186 |   test.skip(!learnerId, 'Setup learner was not created — backend may be unavailable')
      187 |   await openPanel(page)
    > 188 |   await expect(page.getByText(learnerName as string)).toBeVisible({ timeout: 10000 })
          |                                                       ^
      189 | })
      190 |
      191 | test('Enrolling a learner in a course makes it appear in the Courses tab', async ({ page }) => {
        at C:\Users\Bilal\Desktop\mindnavy LMS\frontend\tests\learners.full.spec.ts:188:55

    Error Context: test-results\learners.full-Panel-deep-l-e2986-ens-the-side-panel-directly-authenticated\error-context.md

    Error Context: test-results\learners.full-Panel-deep-l-e2986-ens-the-side-panel-directly-authenticated\error-context.md

  89) [authenticated] › tests\learners.full.spec.ts:191:1 › Enrolling a learner in a course makes it appear in the Courses tab 

    Error: locator.selectOption: Error: strict mode violation: getByLabel('Course') resolved to 3 elements:
        1) <div role="group" aria-label="Completed Courses stat card">…</div> aka getByRole('group', { name: 'Completed Courses stat card' })
        2) <div role="dialog" aria-label="Enroll in Course">…</div> aka getByRole('dialog', { name: 'Enroll in Course' })
        3) <select disabled aria-label="Course">…</select> aka getByLabel('Course', { exact: true })

    Call log:
      - waiting for getByLabel('Course')


      196 |   await expect(page.getByRole('heading', { name: 'Enroll in Course' })).toBeVisible({ timeout: 5000 })
      197 |
    > 198 |   await page.getByLabel('Course').selectOption({ label: courseTitle as string })
          |                                   ^
      199 |
      200 |   const [enrollResp] = await Promise.all([
      201 |     page.waitForResponse(r => r.url().includes(`/learners/${learnerId}/enrollments`) && r.request().method() === 'POST', { timeout: 15000 }),
        at C:\Users\Bilal\Desktop\mindnavy LMS\frontend\tests\learners.full.spec.ts:198:35

    Error Context: test-results\learners.full-Enrolling-a--40ce8-t-appear-in-the-Courses-tab-authenticated\error-context.md

    Error Context: test-results\learners.full-Enrolling-a--40ce8-t-appear-in-the-Courses-tab-authenticated\error-context.md

  90) [authenticated] › tests\learners.full.spec.ts:239:1 › Bulk Enroll (More Actions) enrolls multiple learners in one course 

    Test timeout of 30000ms exceeded.

    Error: locator.click: Test timeout of 30000ms exceeded.
    Call log:
      - waiting for getByText('QA Learner 1786752161915')
        - locator resolved to <div>QA Learner 1786752161915</div>
      - attempting click action
        2 × waiting for element to be visible, enabled and stable
          - element is visible, enabled and stable
          - scrolling into view if needed
          - done scrolling
          - <div>…</div> from <div>…</div> subtree intercepts pointer events
        - retrying click action
        - waiting 20ms
        2 × waiting for element to be visible, enabled and stable
          - element is not stable
        - retrying click action
          - waiting 100ms
        12 × waiting for element to be visible, enabled and stable
           - element is visible, enabled and stable
           - scrolling into view if needed
           - done scrolling
           - <div>…</div> from <div>…</div> subtree intercepts pointer events
         - retrying click action
           - waiting 500ms
           - waiting for element to be visible, enabled and stable
           - element is visible, enabled and stable
           - scrolling into view if needed
           - done scrolling
           - <div>…</div> from <div>…</div> subtree intercepts pointer events
         - retrying click action
           - waiting 500ms
           - waiting for element to be visible, enabled and stable
           - element is visible, enabled and stable
           - scrolling into view if needed
           - done scrolling
           - <div></div> from <div>…</div> subtree intercepts pointer events
         - retrying click action
           - waiting 500ms
           - waiting for element to be visible, enabled and stable
           - element is visible, enabled and stable
           - scrolling into view if needed
           - done scrolling
           - <div>…</div> from <div>…</div> subtree intercepts pointer events
         - retrying click action
           - waiting 500ms
        - waiting for element to be visible, enabled and stable
        - element is visible, enabled and stable
        - scrolling into view if needed
        - done scrolling
        - <div>…</div> from <div>…</div> subtree intercepts pointer events
      - retrying click action
        - waiting 500ms
        - waiting for element to be visible, enabled and stable


      251 |   await search.fill(learnerName as string)
      252 |   await expect(page.getByText(learnerName as string)).toBeVisible({ timeout: 10000 })
    > 253 |   await page.getByText(learnerName as string).click()
          |                                               ^
      254 |
      255 |   await search.fill(learnerName2 as string)
      256 |   await expect(page.getByText(learnerName2 as string)).toBeVisible({ timeout: 10000 })
        at C:\Users\Bilal\Desktop\mindnavy LMS\frontend\tests\learners.full.spec.ts:253:47

    Error Context: test-results\learners.full-Bulk-Enroll--0c707-iple-learners-in-one-course-authenticated\error-context.md

    Error Context: test-results\learners.full-Bulk-Enroll--0c707-iple-learners-in-one-course-authenticated\error-context.md

  91) [authenticated] › tests\learners.full.spec.ts:281:1 › Suspending a learner updates the status badge and suspension history 

    Error: expect(locator).toBeVisible() failed

    Locator: getByText('suspended', { exact: true })
    Expected: visible
    Error: strict mode violation: getByText('suspended', { exact: true }) resolved to 2 elements:
        1) <span>suspended</span> aka getByRole('table').getByText('suspended')
        2) <span>suspended</span> aka getByText('suspended').nth(2)

    Call log:
      - Expect "toBeVisible" with timeout 10000ms
      - waiting for getByText('suspended', { exact: true })


      294 |   ])
      295 |   expect(resp.ok()).toBeTruthy()
    > 296 |   await expect(page.getByText('suspended', { exact: true })).toBeVisible({ timeout: 10000 })
          |                                                              ^
      297 |
      298 |   await page.getByRole('button', { name: 'More', exact: true }).click()
      299 |   await expect(page.getByText('SUSPENDED', { exact: true })).toBeVisible({ timeout: 10000 })
        at C:\Users\Bilal\Desktop\mindnavy LMS\frontend\tests\learners.full.spec.ts:296:62

    Error Context: test-results\learners.full-Suspending-a-8ff5f-adge-and-suspension-history-authenticated\error-context.md

    Error Context: test-results\learners.full-Suspending-a-8ff5f-adge-and-suspension-history-authenticated\error-context.md

  92) [authenticated] › tests\learning-paths.full.spec.ts:112:1 › Create path — form opens, validates, submits, appears in list 

    Test timeout of 30000ms exceeded.

    Error: locator.click: Test timeout of 30000ms exceeded.
    Call log:
      - waiting for getByRole('button', { name: 'Create Learning Path', exact: true }).first()


      116 |   const title = `LP Create Test ${Date.now()}`
      117 |
    > 118 |   await page.getByRole('button', { name: 'Create Learning Path', exact: true }).first().click()
          |                                                                                         ^
      119 |   await expect(page.getByRole('heading', { name: 'Create Learning Path' })).toBeVisible({ timeout: 5000 })
      120 |
      121 |   // Submit button disabled until title filled
        at C:\Users\Bilal\Desktop\mindnavy LMS\frontend\tests\learning-paths.full.spec.ts:118:89

    Error Context: test-results\learning-paths.full-Create-6ed2b-tes-submits-appears-in-list-authenticated\error-context.md

    Error Context: test-results\learning-paths.full-Create-6ed2b-tes-submits-appears-in-list-authenticated\error-context.md

  93) [authenticated] › tests\learning-paths.full.spec.ts:149:1 › Edit path — title, description, sequential changed and persisted 

    Error: expect(locator).toBeVisible() failed

    Locator: getByRole('heading', { name: 'Edit Learning Path' })
    Expected: visible
    Timeout: 5000ms
    Error: element(s) not found

    Call log:
      - Expect "toBeVisible" with timeout 5000ms
      - waiting for getByRole('heading', { name: 'Edit Learning Path' })


      158 |   await page.locator('tr').filter({ has: page.locator('td', { hasText: origTitle }) })
      159 |     .getByRole('button', { name: /Edit/i }).first().click()
    > 160 |   await expect(page.getByRole('heading', { name: 'Edit Learning Path' })).toBeVisible({ timeout: 5000 })
          |                                                                           ^
      161 |
      162 |   const newTitle = `LP Edit Changed ${Date.now()}`
      163 |   const titleInput = page.getByPlaceholder(/Python Full Stack Track/i)
        at C:\Users\Bilal\Desktop\mindnavy LMS\frontend\tests\learning-paths.full.spec.ts:160:75

    Error Context: test-results\learning-paths.full-Edit-p-232a0-ntial-changed-and-persisted-authenticated\error-context.md

    Error Context: test-results\learning-paths.full-Edit-p-232a0-ntial-changed-and-persisted-authenticated\error-context.md

  94) [authenticated] › tests\learning-paths.full.spec.ts:207:1 › Delete path — confirm dialog required, path removed from list 

    TimeoutError: page.waitForResponse: Timeout 10000ms exceeded while waiting for event "response"

      220 |   })
      221 |
    > 222 |   const deleteResp = page.waitForResponse(
          |                           ^
      223 |     r => r.url().includes(`/learning-paths/${pathId}`) && r.request().method() === 'DELETE' && r.ok(),
      224 |     { timeout: 10000 },
      225 |   )
        at C:\Users\Bilal\Desktop\mindnavy LMS\frontend\tests\learning-paths.full.spec.ts:222:27

    Error Context: test-results\learning-paths.full-Delete-13f68-ired-path-removed-from-list-authenticated\error-context.md

    Error Context: test-results\learning-paths.full-Delete-13f68-ired-path-removed-from-list-authenticated\error-context.md

  95) [authenticated] › tests\learning-paths.full.spec.ts:241:1 › Add COURSE item — appears fully resolved without a page refetch 

    Error: page.evaluate: Execution context was destroyed, most likely because of a navigation

      40 |
      41 | async function ensureToken(page: Page): Promise<string> {
    > 42 |   const token = await page.evaluate(() => localStorage.getItem('mn_admin_token') ?? '')
         |                            ^
      43 |   expect(token, 'mn_admin_token must exist in localStorage').toBeTruthy()
      44 |   savedToken = token
      45 |   return token
        at ensureToken (C:\Users\Bilal\Desktop\mindnavy LMS\frontend\tests\learning-paths.full.spec.ts:42:28)
        at apiHeaders (C:\Users\Bilal\Desktop\mindnavy LMS\frontend\tests\learning-paths.full.spec.ts:49:23)
        at C:\Users\Bilal\Desktop\mindnavy LMS\frontend\tests\learning-paths.full.spec.ts:243:19

    Error Context: test-results\learning-paths.full-Add-CO-d5a31-lved-without-a-page-refetch-authenticated\error-context.md

    Error Context: test-results\learning-paths.full-Add-CO-d5a31-lved-without-a-page-refetch-authenticated\error-context.md

  96) [authenticated] › tests\learning-paths.full.spec.ts:331:1 › Reject duplicate item — exact backend message shown inline 

    Error: locator.selectOption: options[0].label: expected string, got object

      347 |   await page.getByRole('button', { name: 'Add Item' }).click()
      348 |   await expect(page.getByRole('dialog', { name: /Add item/i })).toBeVisible({ timeout: 5000 })
    > 349 |   await page.getByLabel(/Select course/i).selectOption({ label: new RegExp(courseTitle) })
          |                                           ^
      350 |
      351 |   // Mock the POST to return the duplicate 400
      352 |   await page.route(`**/learning-paths/${pathId}/items`, (route) => {
        at C:\Users\Bilal\Desktop\mindnavy LMS\frontend\tests\learning-paths.full.spec.ts:349:43

    Error Context: test-results\learning-paths.full-Reject-e3140-ackend-message-shown-inline-authenticated\error-context.md

    Error Context: test-results\learning-paths.full-Reject-e3140-ackend-message-shown-inline-authenticated\error-context.md

  97) [authenticated] › tests\learning-paths.full.spec.ts:470:1 › missing:true item renders as "unavailable" without crashing (* mock) 

    Error: expect(locator).toBeVisible() failed

    Locator: getByText('Unavailable')
    Expected: visible
    Error: strict mode violation: getByText('Unavailable') resolved to 2 elements:
        1) <span class="tw:text-[13px] tw:text-slate-500 tw:italic">Unavailable item</span> aka getByText('Unavailable item')
        2) <span class="tw:rounded-full tw:bg-amber-100 tw:px-2 tw:py-0.5 tw:text-[10px] tw:font-semibold tw:text-amber-700">Unavailable</span> aka getByText('Unavailable', { exact: true })

    Call log:
      - Expect "toBeVisible" with timeout 5000ms
      - waiting for getByText('Unavailable')


      502 |   // Must not crash — renders "Unavailable item" row (not an empty/broken row)
      503 |   await expect(page.getByText('Unavailable item')).toBeVisible({ timeout: 5000 })
    > 504 |   await expect(page.getByText('Unavailable')).toBeVisible()
          |                                               ^
      505 |
      506 |   // Remove button is the ONLY action available on a missing item
      507 |   await expect(page.getByRole('button', { name: 'Remove unavailable item' })).toBeVisible()
        at C:\Users\Bilal\Desktop\mindnavy LMS\frontend\tests\learning-paths.full.spec.ts:504:47

    Error Context: test-results\learning-paths.full-missin-09121-able-without-crashing-mock--authenticated\error-context.md

    Error Context: test-results\learning-paths.full-missin-09121-able-without-crashing-mock--authenticated\error-context.md

  98) [authenticated] › tests\learning-paths.full.spec.ts:515:1 › Archived course item shows Archived badge — distinct from missing 

    Error: expect(locator).toBeVisible() failed

    Locator: getByText('Archived')
    Expected: visible
    Error: strict mode violation: getByText('Archived') resolved to 3 elements:
        1) <h2 class="tw:m-0 tw:text-[17px] tw:font-semibold tw:text-slate-900">LP Archived 1786752337424</h2> aka getByRole('heading', { name: 'LP Archived' })
        2) <span class="tw:truncate tw:text-[13px] tw:font-medium tw:text-slate-800">LP Archived Course 1786752337424</span> aka getByText('LP Archived Course')
        3) <span class="tw:flex-shrink-0 tw:rounded-full tw:px-2 tw:py-0.5 tw:text-[10px] tw:font-semibold tw:bg-slate-100 tw:text-slate-500">Archived</span> aka getByText('Archived', { exact: true })

    Call log:
      - Expect "toBeVisible" with timeout 5000ms
      - waiting for getByText('Archived')


      534 |   // Must show "Archived" badge — not the amber "Unavailable" treatment
      535 |   await expect(page.getByText(courseTitle)).toBeVisible({ timeout: 5000 })
    > 536 |   await expect(page.getByText('Archived')).toBeVisible({ timeout: 5000 })
          |                                            ^
      537 |
      538 |   // Must NOT render as unavailable/missing
      539 |   await expect(page.getByText('Unavailable item')).not.toBeVisible()
        at C:\Users\Bilal\Desktop\mindnavy LMS\frontend\tests\learning-paths.full.spec.ts:536:44

    Error Context: test-results\learning-paths.full-Archiv-bc482-dge-—-distinct-from-missing-authenticated\error-context.md

    Error Context: test-results\learning-paths.full-Archiv-bc482-dge-—-distinct-from-missing-authenticated\error-context.md

  99) [authenticated] › tests\live-sessions.full.spec.ts:105:1 › Schedule session — past start time blocked client-side, no POST fired 

    Error: locator.selectOption: options[0].label: expected string, got object

      112 |
      113 |   await page.getByPlaceholder(/Intro Webinar/i).fill(`Past Session ${Date.now()}`)
    > 114 |   await page.getByLabel('Instructor').selectOption({ label: new RegExp(instructor.name) })
          |                                       ^
      115 |
      116 |   const past = new Date(Date.now() - 24 * 60 * 60 * 1000)
      117 |   const pad = (n: number) => String(n).padStart(2, '0')
        at C:\Users\Bilal\Desktop\mindnavy LMS\frontend\tests\live-sessions.full.spec.ts:114:39

    Error Context: test-results\live-sessions.full-Schedul-443d0-d-client-side-no-POST-fired-authenticated\error-context.md

  100) [authenticated] › tests\live-sessions.full.spec.ts:132:1 › Schedule session — real backend responds; 503 (Zoom unconfigured) rendered verbatim if that is the current state 

    Error: locator.selectOption: options[0].label: expected string, got object

      140 |   const title = `LS Create Test ${Date.now()}`
      141 |   await page.getByPlaceholder(/Intro Webinar/i).fill(title)
    > 142 |   await page.getByLabel('Instructor').selectOption({ label: new RegExp(instructor.name) })
          |                                       ^
      143 |   await page.locator('input[type="datetime-local"]').fill(toDatetimeLocal(futureIso(30)))
      144 |
      145 |   const postResp = page.waitForResponse(
        at C:\Users\Bilal\Desktop\mindnavy LMS\frontend\tests\live-sessions.full.spec.ts:142:39

    Error Context: test-results\live-sessions.full-Schedul-578b5-f-that-is-the-current-state-authenticated\error-context.md

  101) [authenticated] › tests\live-sessions.full.spec.ts:164:1 › Unknown instructor — exact backend message shown inline, not a toast (* mock) 

    Error: expect(locator).toContainText(expected) failed

    Locator: getByRole('alert')
    Expected substring: "Instructor not found or is not an active instructor."
    Timeout: 5000ms
    Error: element(s) not found

    Call log:
      - Expect "toContainText" with timeout 5000ms
      - waiting for getByRole('alert')


      188 |
      189 |   await page.getByRole('button', { name: 'Schedule Session', exact: true }).last().click()
    > 190 |   await expect(page.getByRole('alert')).toContainText('Instructor not found or is not an active instructor.', { timeout: 5000 })
          |                                         ^
      191 | })
      192 |
      193 | // ── Fixture-row tests (Zoom unconfigured — no real session exists to test against) ─
        at C:\Users\Bilal\Desktop\mindnavy LMS\frontend\tests\live-sessions.full.spec.ts:190:41

    Error Context: test-results\live-sessions.full-Unknown-0219b-wn-inline-not-a-toast-mock--authenticated\error-context.md

  102) [authenticated] › tests\live-sessions.full.spec.ts:195:1 › startUrl exposed ONLY via "Start (host)" — Join uses joinUrl, startUrl never leaks elsewhere (* mock) 

    Error: expect(locator).toBeVisible() failed

    Locator: getByText('Fixture Session')
    Expected: visible
    Error: strict mode violation: getByText('Fixture Session') resolved to 2 elements:
        1) <p class="tw:m-0 tw:text-[13px] tw:font-semibold tw:text-slate-900">Fixture Session</p> aka getByText('Fixture Session', { exact: true })
        2) <p class="tw:m-0 tw:mt-0.5 tw:max-w-xs tw:truncate tw:text-[12px] tw:text-slate-400">A fixture session for UI mechanics tests.</p> aka getByText('A fixture session for UI')

    Call log:
      - Expect "toBeVisible" with timeout 10000ms
      - waiting for getByText('Fixture Session')


      198 |   await gotoLiveSessionsTab(page)
      199 |
    > 200 |   await expect(page.getByText(FIXTURE_SESSION.title)).toBeVisible({ timeout: 10000 })
          |                                                       ^
      201 |
      202 |   // startUrl must not appear as visible text anywhere on the page.
      203 |   await expect(page.getByText(FIXTURE_SESSION.startUrl)).toHaveCount(0)
        at C:\Users\Bilal\Desktop\mindnavy LMS\frontend\tests\live-sessions.full.spec.ts:200:55

    Error Context: test-results\live-sessions.full-startUr-e054b-never-leaks-elsewhere-mock--authenticated\error-context.md

  103) [authenticated] › tests\live-sessions.full.spec.ts:215:1 › Status badge is a pure render of the server value — no status control in the UI (* mock) 

    Error: expect(locator).toBeVisible() failed

    Locator: getByText('Fixture Session')
    Expected: visible
    Error: strict mode violation: getByText('Fixture Session') resolved to 2 elements:
        1) <p class="tw:m-0 tw:text-[13px] tw:font-semibold tw:text-slate-900">Fixture Session</p> aka getByText('Fixture Session', { exact: true })
        2) <p class="tw:m-0 tw:mt-0.5 tw:max-w-xs tw:truncate tw:text-[12px] tw:text-slate-400">A fixture session for UI mechanics tests.</p> aka getByText('A fixture session for UI')

    Call log:
      - Expect "toBeVisible" with timeout 10000ms
      - waiting for getByText('Fixture Session')


      217 |   await gotoLiveSessionsTab(page)
      218 |
    > 219 |   await expect(page.getByText(FIXTURE_SESSION.title)).toBeVisible({ timeout: 10000 })
          |                                                       ^
      220 |   await expect(page.getByText('Upcoming', { exact: true })).toBeVisible()
      221 |
      222 |   // No select/dropdown/button anywhere offers to set status directly.
        at C:\Users\Bilal\Desktop\mindnavy LMS\frontend\tests\live-sessions.full.spec.ts:219:55

    Error Context: test-results\live-sessions.full-Status--33859-tus-control-in-the-UI-mock--authenticated\error-context.md

  104) [authenticated] › tests\live-sessions.full.spec.ts:226:1 › Edit: nothing changed → no PATCH sent (empty patch is a backend 400) (* mock) 

    Error: expect(locator).toBeVisible() failed

    Locator: getByText('Fixture Session')
    Expected: visible
    Error: strict mode violation: getByText('Fixture Session') resolved to 2 elements:
        1) <p class="tw:m-0 tw:text-[13px] tw:font-semibold tw:text-slate-900">Fixture Session</p> aka getByText('Fixture Session', { exact: true })
        2) <p class="tw:m-0 tw:mt-0.5 tw:max-w-xs tw:truncate tw:text-[12px] tw:text-slate-400">A fixture session for UI mechanics tests.</p> aka getByText('A fixture session for UI')

    Call log:
      - Expect "toBeVisible" with timeout 10000ms
      - waiting for getByText('Fixture Session')


      228 |   await gotoLiveSessionsTab(page)
      229 |
    > 230 |   await expect(page.getByText(FIXTURE_SESSION.title)).toBeVisible({ timeout: 10000 })
          |                                                       ^
      231 |   await page.getByRole('button', { name: `Edit ${FIXTURE_SESSION.title}` }).click()
      232 |   await expect(page.getByRole('heading', { name: 'Edit Session' })).toBeVisible({ timeout: 5000 })
      233 |
        at C:\Users\Bilal\Desktop\mindnavy LMS\frontend\tests\live-sessions.full.spec.ts:230:55

    Error Context: test-results\live-sessions.full-Edit-no-e1420-atch-is-a-backend-400-mock--authenticated\error-context.md

  105) [authenticated] › tests\live-sessions.full.spec.ts:244:1 › Cancel — confirm dialog explicitly mentions Zoom meeting deletion, DELETE fires (* mock) 

    Error: expect(locator).toBeVisible() failed

    Locator: getByText('Fixture Session')
    Expected: visible
    Error: strict mode violation: getByText('Fixture Session') resolved to 2 elements:
        1) <p class="tw:m-0 tw:text-[13px] tw:font-semibold tw:text-slate-900">Fixture Session</p> aka getByText('Fixture Session', { exact: true })
        2) <p class="tw:m-0 tw:mt-0.5 tw:max-w-xs tw:truncate tw:text-[12px] tw:text-slate-400">A fixture session for UI mechanics tests.</p> aka getByText('A fixture session for UI')

    Call log:
      - Expect "toBeVisible" with timeout 10000ms
      - waiting for getByText('Fixture Session')


      245 |   await mockFixtureList(page)
      246 |   await gotoLiveSessionsTab(page)
    > 247 |   await expect(page.getByText(FIXTURE_SESSION.title)).toBeVisible({ timeout: 10000 })
          |                                                       ^
      248 |
      249 |   let dialogMessage = ''
      250 |   page.once('dialog', (d) => { dialogMessage = d.message(); d.accept() })
        at C:\Users\Bilal\Desktop\mindnavy LMS\frontend\tests\live-sessions.full.spec.ts:247:55

    Error Context: test-results\live-sessions.full-Cancel--7f853-deletion-DELETE-fires-mock--authenticated\error-context.md

  106) [authenticated] › tests\lm-overview.full.spec.ts:95:1 › Courses table paginates through real data 

    Error: expect(locator).toBeVisible() failed

    Locator: getByText(/Showing 11 to \d+ of \d+ courses/)
    Expected: visible
    Timeout: 10000ms
    Error: element(s) not found

    Call log:
      - Expect "toBeVisible" with timeout 10000ms
      - waiting for getByText(/Showing 11 to \d+ of \d+ courses/)


      107 |   if (total > 10) {
      108 |     await page.getByRole('button', { name: '2', exact: true }).click()
    > 109 |     await expect(page.getByText(/Showing 11 to \d+ of \d+ courses/)).toBeVisible({ timeout: 10000 })
          |                                                                      ^
      110 |
      111 |     await page.getByLabel('Rows per page').selectOption('25')
      112 |     await expect(page.getByText(/Showing 1 to \d+ of \d+ courses/)).toBeVisible({ timeout: 10000 })
        at C:\Users\Bilal\Desktop\mindnavy LMS\frontend\tests\lm-overview.full.spec.ts:109:70

    Error Context: test-results\lm-overview.full-Courses-table-paginates-through-real-data-authenticated\error-context.md

  107) [authenticated] › tests\lm-overview.full.spec.ts:134:1 › Courses table instructor filter passes the instructor id back to the API 

    Error: expect(locator).toBeVisible() failed

    Locator: getByText(/Showing 1 to \d+ of \d+ courses/)
    Expected: visible
    Timeout: 10000ms
    Error: element(s) not found

    Call log:
      - Expect "toBeVisible" with timeout 10000ms
      - waiting for getByText(/Showing 1 to \d+ of \d+ courses/)


      134 | test('Courses table instructor filter passes the instructor id back to the API', async ({ page }) => {
      135 |   await page.goto('/learning-management')
    > 136 |   await expect(page.getByText(/Showing 1 to \d+ of \d+ courses/)).toBeVisible({ timeout: 10000 })
          |                                                                   ^
      137 |
      138 |   // Pick first available instructor from the dropdown
      139 |   const instructorSelect = page.getByLabel('Filter by instructor')
        at C:\Users\Bilal\Desktop\mindnavy LMS\frontend\tests\lm-overview.full.spec.ts:136:67

    Error Context: test-results\lm-overview.full-Courses-t-253ac-structor-id-back-to-the-API-authenticated\error-context.md

  108) [authenticated] › tests\notifications.full.spec.ts:113:1 › Create Announcement sends to a scoped custom audience and appears in the list 

    TimeoutError: page.waitForResponse: Timeout 15000ms exceeded while waiting for event "response"

      130 |
      131 |   const [createResp] = await Promise.all([
    > 132 |     page.waitForResponse(r => r.url().endsWith('/notifications/announcements') && r.request().method() === 'POST', { timeout: 15000 }),
          |          ^
      133 |     page.getByRole('button', { name: 'Send Announcement' }).click(),
      134 |   ])
      135 |   expect(createResp.ok()).toBeTruthy()
        at C:\Users\Bilal\Desktop\mindnavy LMS\frontend\tests\notifications.full.spec.ts:132:10

    Error Context: test-results\notifications.full-Create--3a976-nce-and-appears-in-the-list-authenticated\error-context.md

    Error Context: test-results\notifications.full-Create--3a976-nce-and-appears-in-the-list-authenticated\error-context.md

  109) [authenticated] › tests\notifications.full.spec.ts:177:1 › Send Notification to a real user appears in Delivery Logs 

    Test timeout of 30000ms exceeded.

    Error: locator.fill: Test timeout of 30000ms exceeded.
    Call log:
      - waiting for getByLabel('Recipients *')


      186 |   await expect(page.getByRole('heading', { name: 'Send Notification' })).toBeVisible({ timeout: 5000 })
      187 |
    > 188 |   await page.getByLabel('Recipients *').fill(learnerName as string)
          |                                         ^
      189 |   await expect(page.getByText(learnerEmail as string)).toBeVisible({ timeout: 10000 })
      190 |   await page.getByText(learnerEmail as string).click()
      191 |   await page.getByLabel('Title *').fill(title)
        at C:\Users\Bilal\Desktop\mindnavy LMS\frontend\tests\notifications.full.spec.ts:188:41

    Error Context: test-results\notifications.full-Send-No-48bbc-er-appears-in-Delivery-Logs-authenticated\error-context.md

    Error Context: test-results\notifications.full-Send-No-48bbc-er-appears-in-Delivery-Logs-authenticated\error-context.md

  110) [authenticated] › tests\organization.full.spec.ts:70:3 › Branches › Delete Branch → verify removed 

    Test timeout of 30000ms exceeded.

    Error: locator.click: Test timeout of 30000ms exceeded.
    Call log:
      - waiting for locator('tr').filter({ hasText: 'Branch 1786752482920386' }).getByRole('button', { name: 'Delete', exact: true })


      71 |     await gotoOrgSubTab(page, 'Branches')
      72 |     const row = page.locator('tr', { hasText: name })
    > 73 |     await row.getByRole('button', { name: 'Delete', exact: true }).click()
         |                                                                    ^
      74 |     await expect(page.getByText('Delete Branch?')).toBeVisible()
      75 |     const respPromise = waitForApi(page, '/organization/branches', 'DELETE')
      76 |     await page.getByRole('button', { name: 'Delete', exact: true }).last().click()
        at C:\Users\Bilal\Desktop\mindnavy LMS\frontend\tests\organization.full.spec.ts:73:68

    Error Context: test-results\organization.full-Branches-Delete-Branch-→-verify-removed-authenticated\error-context.md

  111) [authenticated] › tests\organization.full.spec.ts:99:3 › Departments › Edit Department → verify changes saved 

    TimeoutError: page.waitForResponse: Timeout 20000ms exceeded while waiting for event "response"

      17 | // the full run purely from cumulative backend load, not an app defect).
      18 | function waitForApi(page: Page, urlSubstr: string, method: string) {
    > 19 |   return page.waitForResponse(resp => resp.url().includes(urlSubstr) && resp.request().method() === method, { timeout: 20000 })
         |               ^
      20 | }
      21 |
      22 | async function createBranch(page: Page, name: string) {
        at waitForApi (C:\Users\Bilal\Desktop\mindnavy LMS\frontend\tests\organization.full.spec.ts:19:15)
        at C:\Users\Bilal\Desktop\mindnavy LMS\frontend\tests\organization.full.spec.ts:105:25

    Error: locator.click: Test ended.
    Call log:
      - waiting for getByRole('button', { name: 'Save Changes', exact: true })
        - locator resolved to <button>Save Changes</button>
      - attempting click action
        - waiting for element to be visible, enabled and stable
      - element was detached from the DOM, retrying


      104 |     await page.getByPlaceholder('e.g. IT', { exact: true }).fill(newCode)
      105 |     const respPromise = waitForApi(page, '/organization/departments', 'PATCH')
    > 106 |     await page.getByRole('button', { name: 'Save Changes', exact: true }).click()
          |                                                                           ^
      107 |     const resp = await respPromise
      108 |     expect(resp.ok()).toBeTruthy()
      109 |     await expect(page.getByText(/Department updated/i)).toBeVisible({ timeout: 10000 })
        at C:\Users\Bilal\Desktop\mindnavy LMS\frontend\tests\organization.full.spec.ts:106:75

    Error Context: test-results\organization.full-Departme-ba72a-ment-→-verify-changes-saved-authenticated\error-context.md

  112) [authenticated] › tests\organization.full.spec.ts:138:3 › Teams › Add Team → verify appears in table 

    "beforeAll" hook timeout of 30000ms exceeded.

      129 |   const name = `Team ${uid()}`
      130 |
    > 131 |   test.beforeAll(async ({ browser }) => {
          |        ^
      132 |     const page = await browser.newPage({ storageState: 'tests/setup/.auth.json' })
      133 |     await createBranch(page, branchName)
      134 |     await createDepartment(page, deptName, branchName)
        at C:\Users\Bilal\Desktop\mindnavy LMS\frontend\tests\organization.full.spec.ts:131:8

    Error: locator.click: Test ended.
    Call log:
      - waiting for getByRole('button', { name: 'Organization' })


       7 | async function gotoOrgSubTab(page: Page, subTab: string) {
       8 |   await page.goto('/users')
    >  9 |   await page.getByRole('button', { name: 'Organization' }).click()
         |                                                            ^
      10 |   await page.getByRole('button', { name: subTab }).click()
      11 | }
      12 |
        at gotoOrgSubTab (C:\Users\Bilal\Desktop\mindnavy LMS\frontend\tests\organization.full.spec.ts:9:60)
        at createBranch (C:\Users\Bilal\Desktop\mindnavy LMS\frontend\tests\organization.full.spec.ts:23:3)
        at C:\Users\Bilal\Desktop\mindnavy LMS\frontend\tests\organization.full.spec.ts:133:5

    Error Context: test-results\organization.full-Teams-Add-Team-→-verify-appears-in-table-authenticated\error-context.md

  113) [authenticated] › tests\quizzes.full.spec.ts:116:1 › Create quiz without a course — form opens, validates, submits, appears in list 

    Test timeout of 30000ms exceeded.

    Error: locator.click: Test timeout of 30000ms exceeded.
    Call log:
      - waiting for getByRole('button', { name: 'Create Quiz', exact: true }).first()


      120 |   const title = `Quiz Create Test ${Date.now()}`
      121 |
    > 122 |   await page.getByRole('button', { name: 'Create Quiz', exact: true }).first().click()
          |                                                                                ^
      123 |   await expect(page.getByRole('heading', { name: 'Create Quiz' })).toBeVisible({ timeout: 5000 })
      124 |
      125 |   // Submit disabled until title filled
        at C:\Users\Bilal\Desktop\mindnavy LMS\frontend\tests\quizzes.full.spec.ts:122:80

    Error Context: test-results\quizzes.full-Create-quiz-w-52227-tes-submits-appears-in-list-authenticated\error-context.md

    Error Context: test-results\quizzes.full-Create-quiz-w-52227-tes-submits-appears-in-list-authenticated\error-context.md

  114) [authenticated] › tests\quizzes.full.spec.ts:152:1 › Create quiz attached to a course — courseId carried through 

    Test timeout of 30000ms exceeded.

    Error: locator.click: Test timeout of 30000ms exceeded.
    Call log:
      - waiting for getByRole('button', { name: 'Assessments', exact: true })


      107 | async function gotoAssessmentsTab(page: Page) {
      108 |   await page.goto('/learning-management')
    > 109 |   await page.getByRole('button', { name: 'Assessments', exact: true }).click()
          |                                                                        ^
      110 |   await expect(page).toHaveURL(/[?&]tab=assessments/)
      111 |   await expect(page.getByRole('heading', { name: 'Assessments', exact: true })).toBeVisible({ timeout: 10000 })
      112 | }
        at gotoAssessmentsTab (C:\Users\Bilal\Desktop\mindnavy LMS\frontend\tests\quizzes.full.spec.ts:109:72)
        at C:\Users\Bilal\Desktop\mindnavy LMS\frontend\tests\quizzes.full.spec.ts:158:3

    Error Context: test-results\quizzes.full-Create-quiz-a-5374d--—-courseId-carried-through-authenticated\error-context.md

    Error Context: test-results\quizzes.full-Create-quiz-a-5374d--—-courseId-carried-through-authenticated\error-context.md

  115) [authenticated] › tests\quizzes.full.spec.ts:179:1 › Edit quiz — passingGrade updates, attempts/timeLimit clear to unlimited/none (null) 

    Error: expect(locator).toBeVisible() failed

    Locator: getByRole('heading', { name: 'Edit Quiz' })
    Expected: visible
    Timeout: 5000ms
    Error: element(s) not found

    Call log:
      - Expect "toBeVisible" with timeout 5000ms
      - waiting for getByRole('heading', { name: 'Edit Quiz' })


      188 |   await page.locator('tr').filter({ has: page.locator('td', { hasText: title }) })
      189 |     .getByRole('button', { name: /Edit/i }).first().click()
    > 190 |   await expect(page.getByRole('heading', { name: 'Edit Quiz' })).toBeVisible({ timeout: 5000 })
          |                                                                  ^
      191 |
      192 |   // Change passingGrade, then explicitly clear attempts + time limit to null via their checkboxes
      193 |   const passingGradeInput = page.locator('input[type="number"]').first()
        at C:\Users\Bilal\Desktop\mindnavy LMS\frontend\tests\quizzes.full.spec.ts:190:66

    Error Context: test-results\quizzes.full-Edit-quiz-—-p-1615d-ear-to-unlimited-none-null--authenticated\error-context.md

    Error Context: test-results\quizzes.full-Edit-quiz-—-p-1615d-ear-to-unlimited-none-null--authenticated\error-context.md

  116) [authenticated] › tests\quizzes.full.spec.ts:236:1 › Delete quiz — confirm dialog required, permanently removes quiz and its questions 

    TimeoutError: page.waitForResponse: Timeout 10000ms exceeded while waiting for event "response"

      250 |   })
      251 |
    > 252 |   const deleteResp = page.waitForResponse(
          |                           ^
      253 |     r => r.url().includes(`/quizzes/${quizId}`) && r.request().method() === 'DELETE' && r.ok(),
      254 |     { timeout: 10000 },
      255 |   )
        at C:\Users\Bilal\Desktop\mindnavy LMS\frontend\tests\quizzes.full.spec.ts:252:27

    Error Context: test-results\quizzes.full-Delete-quiz-—-001f7-oves-quiz-and-its-questions-authenticated\error-context.md

    Error Context: test-results\quizzes.full-Delete-quiz-—-001f7-oves-quiz-and-its-questions-authenticated\error-context.md

  117) [authenticated] › tests\quizzes.full.spec.ts:521:1 › Multi-Select: no correct checkboxes selected → visible error, no POST, dialog stays open 

    Error: expect(locator).toBeVisible() failed

    Locator: getByRole('button', { name: 'Add Question' })
    Expected: visible
    Timeout: 5000ms
    Error: element(s) not found

    Call log:
      - Expect "toBeVisible" with timeout 5000ms
      - waiting for getByRole('button', { name: 'Add Question' })


      527 |   await gotoAssessmentsTab(page)
      528 |   await page.getByText(title).first().click()
    > 529 |   await expect(page.getByRole('button', { name: 'Add Question' })).toBeVisible({ timeout: 5000 })
          |                                                                    ^
      530 |
      531 |   await page.getByRole('button', { name: 'Add Question' }).click()
      532 |   const dialog = page.getByRole('dialog', { name: /Add question/i })
        at C:\Users\Bilal\Desktop\mindnavy LMS\frontend\tests\quizzes.full.spec.ts:529:68

    Error Context: test-results\quizzes.full-Multi-Select--5ddf4-r-no-POST-dialog-stays-open-authenticated\error-context.md

    Error Context: test-results\quizzes.full-Multi-Select--5ddf4-r-no-POST-dialog-stays-open-authenticated\error-context.md

  118) [authenticated] › tests\reports-schedule.full.spec.ts:43:1 › Scheduled Reports: full lifecycle — create, pause, resume, edit, delete 

    Error: page.evaluate: SecurityError: Failed to read the 'localStorage' property from 'Window': Access is denied for this document.
        at UtilityScript.evaluate (<anonymous>:305:16)
        at UtilityScript.<anonymous> (<anonymous>:1:44)
        at UtilityScript.evaluate (<anonymous>:305:16)
        at UtilityScript.<anonymous> (<anonymous>:1:44)
        at getAuthHeaders (C:\Users\Bilal\Desktop\mindnavy LMS\frontend\tests\reports-schedule.full.spec.ts:22:28)
        at C:\Users\Bilal\Desktop\mindnavy LMS\frontend\tests\reports-schedule.full.spec.ts:44:9

    Error Context: test-results\reports-schedule.full-Sche-20421-te-pause-resume-edit-delete-authenticated\error-context.md

    Error Context: test-results\reports-schedule.full-Sche-20421-te-pause-resume-edit-delete-authenticated\error-context.md

  119) [authenticated] › tests\reports.full.spec.ts:14:1 › Reports & Analytics page loads with header, 13 tabs, and 10 KPI cards 

    Error: expect(locator).toBeVisible() failed

    Locator: getByText('Courses Completed', { exact: true })
    Expected: visible
    Error: strict mode violation: getByText('Courses Completed', { exact: true }) resolved to 2 elements:
        1) <span class="mn-quick-status-text">Courses Completed</span> aka getByRole('list').getByText('Courses Completed')
        2) <div>Courses Completed</div> aka getByRole('main').getByText('Courses Completed')

    Call log:
      - Expect "toBeVisible" with timeout 10000ms
      - waiting for getByText('Courses Completed', { exact: true })


      34 |     'Live Sessions Today', 'Total Revenue', 'Certificates Issued', 'Engagement Score', 'System Activity',
      35 |   ]) {
    > 36 |     await expect(page.getByText(label, { exact: true })).toBeVisible({ timeout: 10000 })
         |                                                          ^
      37 |   }
      38 |
      39 |   // available:false fields (no Payment model, no engagement-scoring model)
        at C:\Users\Bilal\Desktop\mindnavy LMS\frontend\tests\reports.full.spec.ts:36:58

    Error Context: test-results\reports.full-Reports-Analy-b6cfa-er-13-tabs-and-10-KPI-cards-authenticated\error-context.md

    Error Context: test-results\reports.full-Reports-Analy-b6cfa-er-13-tabs-and-10-KPI-cards-authenticated\error-context.md

  120) [authenticated] › tests\reports.full.spec.ts:157:1 › Export Center JSON format downloads the flat {type,columns,rows} shape 

    SyntaxError: Unexpected end of JSON input

      166 |   ])
      167 |   expect(exportResp.ok()).toBeTruthy()
    > 168 |   const jsonBody = await exportResp.json()
          |                    ^
      169 |   expect(jsonBody).toHaveProperty('columns')
      170 |   expect(jsonBody).toHaveProperty('rows')
      171 |   expect(download.suggestedFilename()).toMatch(/\.json$/)
        at C:\Users\Bilal\Desktop\mindnavy LMS\frontend\tests\reports.full.spec.ts:168:20

    Error Context: test-results\reports.full-Export-Center-098b6-lat-type-columns-rows-shape-authenticated\error-context.md

    Error Context: test-results\reports.full-Export-Center-098b6-lat-type-columns-rows-shape-authenticated\error-context.md

  121) [authenticated] › tests\reports.full.spec.ts:174:1 › remaining tabs (Course Analytics, Learning Progress, Assessments, Certificates, Attendance, Engagement, Compliance, Custom Reports) render without error 

    Error: expect(locator).toBeVisible() failed

    Locator: getByText('Custom Report Builder — coming soon')
    Expected: visible
    Timeout: 10000ms
    Error: element(s) not found

    Call log:
      - Expect "toBeVisible" with timeout 10000ms
      - waiting for getByText('Custom Report Builder — coming soon')


      187 |   // Custom Reports is the one genuine "coming soon" tab — confirm it explains
      188 |   // itself rather than showing a bare placeholder.
    > 189 |   await expect(page.getByText('Custom Report Builder — coming soon')).toBeVisible({ timeout: 10000 })
          |                                                                       ^
      190 | })
      191 |
      192 | test.afterAll(async ({ request }, testInfo) => {
        at C:\Users\Bilal\Desktop\mindnavy LMS\frontend\tests\reports.full.spec.ts:189:71

    Error Context: test-results\reports.full-remaining-tab-3333b-eports-render-without-error-authenticated\error-context.md

    Error Context: test-results\reports.full-remaining-tab-3333b-eports-render-without-error-authenticated\error-context.md

  122) [authenticated] › tests\role-templates.full.spec.ts:67:1 › Expand a template card → its permissions load 

    Error: expect(page).toHaveURL(expected) failed

    Expected pattern: /[?&]tab=templates/
    Received string:  "http://localhost:5173/roles-permissions"
    Timeout: 5000ms

    Call log:
      - Expect "toHaveURL" with timeout 5000ms
        12 × unexpected value "http://localhost:5173/roles-permissions"


       8 |   await page.goto('/roles-permissions')
       9 |   await page.getByRole('button', { name: 'Role Templates', exact: true }).click()
    > 10 |   await expect(page).toHaveURL(/[?&]tab=templates/)
         |                      ^
      11 | }
      12 |
      13 | // Modals in this codebase render as a `position: fixed; inset: 0` overlay root.
        at gotoRoleTemplates (C:\Users\Bilal\Desktop\mindnavy LMS\frontend\tests\role-templates.full.spec.ts:10:22)
        at C:\Users\Bilal\Desktop\mindnavy LMS\frontend\tests\role-templates.full.spec.ts:68:3

    Error Context: test-results\role-templates.full-Expand-2558a-card-→-its-permissions-load-authenticated\error-context.md

  123) [authenticated] › tests\roles.full.spec.ts:67:3 › Role CRUD › Delete Role without users → verify removed 

    Error: expect(locator).toBeVisible() failed

    Locator: getByText(/deleted successfully/i)
    Expected: visible
    Timeout: 10000ms
    Error: element(s) not found

    Call log:
      - Expect "toBeVisible" with timeout 10000ms
      - waiting for getByText(/deleted successfully/i)


      70 |     page.once('dialog', dialog => dialog.accept())
      71 |     await row.locator('button[title="Delete"]').click()
    > 72 |     await expect(page.getByText(/deleted successfully/i)).toBeVisible({ timeout: 10000 })
         |                                                           ^
      73 |     await expect(roleRow(page, name)).not.toBeVisible()
      74 |   })
      75 | })
        at C:\Users\Bilal\Desktop\mindnavy LMS\frontend\tests\roles.full.spec.ts:72:59

    Error Context: test-results\roles.full-Role-CRUD-Delet-c7815-hout-users-→-verify-removed-authenticated\error-context.md

  124) [authenticated] › tests\stats-consistency.full.spec.ts:169:1 › Pending Verification is consistent between Users page and its own tab 

    Test timeout of 30000ms exceeded.

    Error: locator.textContent: Test timeout of 30000ms exceeded.
    Call log:
      - waiting for getByText(/\d+ pending users?/)


      198 |   // user(s)" (see PendingVerificationTab.tsx:262) — not a label+value card,
      199 |   // so just regex out the leading number.
    > 200 |   const tabCardText = (await page.getByText(/\d+ pending users?/).textContent()) ?? ''
          |                                                                   ^
      201 |   const tabCardValue = Number(tabCardText.match(/\d+/)?.[0] ?? NaN)
      202 |
      203 |   expect(usersCardValue).toBe(usersBackendTotal)
        at C:\Users\Bilal\Desktop\mindnavy LMS\frontend\tests\stats-consistency.full.spec.ts:200:67

    Error Context: test-results\stats-consistency.full-Pen-ae5d1--Users-page-and-its-own-tab-authenticated\error-context.md

  125) [authenticated] › tests\system-settings.full.spec.ts:60:1 › System Settings page loads with header and all tabs render 

    Error: expect(locator).toBeVisible() failed

    Locator: getByRole('button', { name: 'Notifications', exact: true })
    Expected: visible
    Error: strict mode violation: getByRole('button', { name: 'Notifications', exact: true }) resolved to 2 elements:
        1) <button class="mn-topbar-icon-btn" aria-label="Notifications">…</button> aka getByLabel('Notifications')
        2) <button type="button">Notifications</button> aka getByRole('main').getByText('Notifications', { exact: true })

    Call log:
      - Expect "toBeVisible" with timeout 10000ms
      - waiting for getByRole('button', { name: 'Notifications', exact: true })


      72 |     'Mobile App', 'API & Developer', 'AI Features', 'Config Logs',
      73 |   ]) {
    > 74 |     await expect(page.getByRole('button', { name: label, exact: true })).toBeVisible({ timeout: 10000 })
         |                                                                          ^
      75 |   }
      76 | })
      77 |
        at C:\Users\Bilal\Desktop\mindnavy LMS\frontend\tests\system-settings.full.spec.ts:74:74

    Error Context: test-results\system-settings.full-Syste-83549--header-and-all-tabs-render-authenticated\error-context.md

    Error Context: test-results\system-settings.full-Syste-83549--header-and-all-tabs-render-authenticated\error-context.md

  126) [authenticated] › tests\system-settings.full.spec.ts:78:1 › General tab: update Platform Name → saved → Config Logs shows the change 

    Error: expect(locator).toBeVisible() failed

    Locator: getByText('platformName')
    Expected: visible
    Error: strict mode violation: getByText('platformName') resolved to 3 elements:
        1) <td>platformName</td> aka getByRole('cell', { name: 'platformName' }).first()
        2) <td>platformName</td> aka getByRole('cell', { name: 'platformName' }).nth(1)
        3) <td>platformName</td> aka getByRole('cell', { name: 'platformName' }).nth(2)

    Call log:
      - Expect "toBeVisible" with timeout 10000ms
      - waiting for getByText('platformName')


      101 |   ])
      102 |   expect(logsResp.ok()).toBeTruthy()
    > 103 |   await expect(page.getByText('platformName')).toBeVisible({ timeout: 10000 })
          |                                                ^
      104 |   await expect(page.getByText(newName)).toBeVisible({ timeout: 10000 })
      105 | })
      106 |
        at C:\Users\Bilal\Desktop\mindnavy LMS\frontend\tests\system-settings.full.spec.ts:103:48

    Error Context: test-results\system-settings.full-Gener-f8613-onfig-Logs-shows-the-change-authenticated\error-context.md

    Error Context: test-results\system-settings.full-Gener-f8613-onfig-Logs-shows-the-change-authenticated\error-context.md

  127) [authenticated] › tests\system-settings.full.spec.ts:138:1 › Email Config: Send Test Email returns a result without crashing 

    TimeoutError: page.waitForResponse: Timeout 15000ms exceeded while waiting for event "response"

      143 |
      144 |   const [testResp] = await Promise.all([
    > 145 |     page.waitForResponse(r => r.url().includes('/system-settings/test-email') && r.ok(), { timeout: 15000 }),
          |          ^
      146 |     page.getByRole('button', { name: 'Send Test Email' }).click(),
      147 |   ])
      148 |   expect(testResp.ok()).toBeTruthy()
        at C:\Users\Bilal\Desktop\mindnavy LMS\frontend\tests\system-settings.full.spec.ts:145:10

    Error Context: test-results\system-settings.full-Email-07de8-s-a-result-without-crashing-authenticated\error-context.md

    Error Context: test-results\system-settings.full-Email-07de8-s-a-result-without-crashing-authenticated\error-context.md

  128) [authenticated] › tests\user-role-assignments.full.spec.ts:153:3 › Assignment CRUD › Create assignment → appears in table with correct role badge 

    Error: page.evaluate: SecurityError: Failed to read the 'localStorage' property from 'Window': Access is denied for this document.
        at UtilityScript.evaluate (<anonymous>:305:16)
        at UtilityScript.<anonymous> (<anonymous>:1:44)
        at UtilityScript.evaluate (<anonymous>:305:16)
        at UtilityScript.<anonymous> (<anonymous>:1:44)
        at stashToken (C:\Users\Bilal\Desktop\mindnavy LMS\frontend\tests\user-role-assignments.full.spec.ts:20:29)
        at addUser (C:\Users\Bilal\Desktop\mindnavy LMS\frontend\tests\user-role-assignments.full.spec.ts:63:9)
        at C:\Users\Bilal\Desktop\mindnavy LMS\frontend\tests\user-role-assignments.full.spec.ts:148:11

    Error Context: test-results\user-role-assignments.full-0b92e-ble-with-correct-role-badge-authenticated\error-context.md

    Error Context: test-results\user-role-assignments.full-0b92e-ble-with-correct-role-badge-authenticated\error-context.md

  129) [authenticated] › tests\user-role-assignments.full.spec.ts:196:1 › Temporary assignment → expiry date shown in table 

    Error: page.evaluate: SecurityError: Failed to read the 'localStorage' property from 'Window': Access is denied for this document.
        at UtilityScript.evaluate (<anonymous>:305:16)
        at UtilityScript.<anonymous> (<anonymous>:1:44)
        at UtilityScript.evaluate (<anonymous>:305:16)
        at UtilityScript.<anonymous> (<anonymous>:1:44)
        at stashToken (C:\Users\Bilal\Desktop\mindnavy LMS\frontend\tests\user-role-assignments.full.spec.ts:20:29)
        at addUser (C:\Users\Bilal\Desktop\mindnavy LMS\frontend\tests\user-role-assignments.full.spec.ts:63:9)
        at C:\Users\Bilal\Desktop\mindnavy LMS\frontend\tests\user-role-assignments.full.spec.ts:202:9

    Error Context: test-results\user-role-assignments.full-57693--expiry-date-shown-in-table-authenticated\error-context.md

    Error Context: test-results\user-role-assignments.full-57693--expiry-date-shown-in-table-authenticated\error-context.md

  130) [authenticated] › tests\users.full.spec.ts:132:3 › Add / Edit / Search / Filter › Add User → verify appears in table 

    Error: page.evaluate: SecurityError: Failed to read the 'localStorage' property from 'Window': Access is denied for this document.
        at UtilityScript.evaluate (<anonymous>:305:16)
        at UtilityScript.<anonymous> (<anonymous>:1:44)
        at UtilityScript.evaluate (<anonymous>:305:16)
        at UtilityScript.<anonymous> (<anonymous>:1:44)
        at stashToken (C:\Users\Bilal\Desktop\mindnavy LMS\frontend\tests\users.full.spec.ts:19:29)
        at addUser (C:\Users\Bilal\Desktop\mindnavy LMS\frontend\tests\users.full.spec.ts:60:9)
        at C:\Users\Bilal\Desktop\mindnavy LMS\frontend\tests\users.full.spec.ts:133:11

    Error Context: test-results\users.full-Add-Edit-Search-e7d0e-r-→-verify-appears-in-table-authenticated\error-context.md

    Error Context: test-results\users.full-Add-Edit-Search-e7d0e-r-→-verify-appears-in-table-authenticated\error-context.md

  131) [authenticated] › tests\users.full.spec.ts:184:1 › Suspend User → verify moves to Suspended tab 

    Error: page.evaluate: SecurityError: Failed to read the 'localStorage' property from 'Window': Access is denied for this document.
        at UtilityScript.evaluate (<anonymous>:305:16)
        at UtilityScript.<anonymous> (<anonymous>:1:44)
        at UtilityScript.evaluate (<anonymous>:305:16)
        at UtilityScript.<anonymous> (<anonymous>:1:44)
        at stashToken (C:\Users\Bilal\Desktop\mindnavy LMS\frontend\tests\users.full.spec.ts:19:29)
        at addUser (C:\Users\Bilal\Desktop\mindnavy LMS\frontend\tests\users.full.spec.ts:60:9)
        at C:\Users\Bilal\Desktop\mindnavy LMS\frontend\tests\users.full.spec.ts:187:9

    Error Context: test-results\users.full-Suspend-User-→-verify-moves-to-Suspended-tab-authenticated\error-context.md

    Error Context: test-results\users.full-Suspend-User-→-verify-moves-to-Suspended-tab-authenticated\error-context.md

  132) [authenticated] › tests\users.full.spec.ts:203:3 › Archive / Restore › Archive User → verify moves to Archived tab 

    Error: page.evaluate: SecurityError: Failed to read the 'localStorage' property from 'Window': Access is denied for this document.
        at UtilityScript.evaluate (<anonymous>:305:16)
        at UtilityScript.<anonymous> (<anonymous>:1:44)
        at UtilityScript.evaluate (<anonymous>:305:16)
        at UtilityScript.<anonymous> (<anonymous>:1:44)
        at stashToken (C:\Users\Bilal\Desktop\mindnavy LMS\frontend\tests\users.full.spec.ts:19:29)
        at addUser (C:\Users\Bilal\Desktop\mindnavy LMS\frontend\tests\users.full.spec.ts:60:9)
        at C:\Users\Bilal\Desktop\mindnavy LMS\frontend\tests\users.full.spec.ts:204:11

    Error Context: test-results\users.full-Archive-Restore-3f4eb-erify-moves-to-Archived-tab-authenticated\error-context.md

    Error Context: test-results\users.full-Archive-Restore-3f4eb-erify-moves-to-Archived-tab-authenticated\error-context.md

  133) [authenticated] › tests\users.full.spec.ts:226:1 › Approve Pending Verification → verify status changes 

    Error: page.evaluate: SecurityError: Failed to read the 'localStorage' property from 'Window': Access is denied for this document.
        at UtilityScript.evaluate (<anonymous>:305:16)
        at UtilityScript.<anonymous> (<anonymous>:1:44)
        at UtilityScript.evaluate (<anonymous>:305:16)
        at UtilityScript.<anonymous> (<anonymous>:1:44)
        at stashToken (C:\Users\Bilal\Desktop\mindnavy LMS\frontend\tests\users.full.spec.ts:19:29)
        at addUser (C:\Users\Bilal\Desktop\mindnavy LMS\frontend\tests\users.full.spec.ts:60:9)
        at C:\Users\Bilal\Desktop\mindnavy LMS\frontend\tests\users.full.spec.ts:229:9

    Error Context: test-results\users.full-Approve-Pending-de11b-ion-→-verify-status-changes-authenticated\error-context.md

    Error Context: test-results\users.full-Approve-Pending-de11b-ion-→-verify-status-changes-authenticated\error-context.md

  134) [authenticated] › tests\users.full.spec.ts:241:1 › Reject Pending Verification → verify status changes 

    Error: page.evaluate: SecurityError: Failed to read the 'localStorage' property from 'Window': Access is denied for this document.
        at UtilityScript.evaluate (<anonymous>:305:16)
        at UtilityScript.<anonymous> (<anonymous>:1:44)
        at UtilityScript.evaluate (<anonymous>:305:16)
        at UtilityScript.<anonymous> (<anonymous>:1:44)
        at stashToken (C:\Users\Bilal\Desktop\mindnavy LMS\frontend\tests\users.full.spec.ts:19:29)
        at addUser (C:\Users\Bilal\Desktop\mindnavy LMS\frontend\tests\users.full.spec.ts:60:9)
        at C:\Users\Bilal\Desktop\mindnavy LMS\frontend\tests\users.full.spec.ts:244:9

    Error Context: test-results\users.full-Reject-Pending--e7f89-ion-→-verify-status-changes-authenticated\error-context.md

    Error Context: test-results\users.full-Reject-Pending--e7f89-ion-→-verify-status-changes-authenticated\error-context.md

  135) [authenticated] › tests\users.full.spec.ts:252:1 › Assign Role to User → verify role updated 

    Error: page.evaluate: SecurityError: Failed to read the 'localStorage' property from 'Window': Access is denied for this document.
        at UtilityScript.evaluate (<anonymous>:305:16)
        at UtilityScript.<anonymous> (<anonymous>:1:44)
        at UtilityScript.evaluate (<anonymous>:305:16)
        at UtilityScript.<anonymous> (<anonymous>:1:44)
        at stashToken (C:\Users\Bilal\Desktop\mindnavy LMS\frontend\tests\users.full.spec.ts:19:29)
        at addUser (C:\Users\Bilal\Desktop\mindnavy LMS\frontend\tests\users.full.spec.ts:60:9)
        at C:\Users\Bilal\Desktop\mindnavy LMS\frontend\tests\users.full.spec.ts:255:9

    Error Context: test-results\users.full-Assign-Role-to-User-→-verify-role-updated-authenticated\error-context.md

    Error Context: test-results\users.full-Assign-Role-to-User-→-verify-role-updated-authenticated\error-context.md

  136) [authenticated] › tests\users.full.spec.ts:283:1 › Send Message to User → verify success toast 

    Error: page.evaluate: SecurityError: Failed to read the 'localStorage' property from 'Window': Access is denied for this document.
        at UtilityScript.evaluate (<anonymous>:305:16)
        at UtilityScript.<anonymous> (<anonymous>:1:44)
        at UtilityScript.evaluate (<anonymous>:305:16)
        at UtilityScript.<anonymous> (<anonymous>:1:44)
        at stashToken (C:\Users\Bilal\Desktop\mindnavy LMS\frontend\tests\users.full.spec.ts:19:29)
        at addUser (C:\Users\Bilal\Desktop\mindnavy LMS\frontend\tests\users.full.spec.ts:60:9)
        at C:\Users\Bilal\Desktop\mindnavy LMS\frontend\tests\users.full.spec.ts:286:9

    Error Context: test-results\users.full-Send-Message-to-User-→-verify-success-toast-authenticated\error-context.md

    Error Context: test-results\users.full-Send-Message-to-User-→-verify-success-toast-authenticated\error-context.md

  137) [authenticated] › tests\users.full.spec.ts:296:1 › Force Logout User → verify sessions = 0 ──

    Error: page.evaluate: SecurityError: Failed to read the 'localStorage' property from 'Window': Access is denied for this document.
        at UtilityScript.evaluate (<anonymous>:305:16)
        at UtilityScript.<anonymous> (<anonymous>:1:44)
        at UtilityScript.evaluate (<anonymous>:305:16)
        at UtilityScript.<anonymous> (<anonymous>:1:44)
        at stashToken (C:\Users\Bilal\Desktop\mindnavy LMS\frontend\tests\users.full.spec.ts:19:29)
        at addUser (C:\Users\Bilal\Desktop\mindnavy LMS\frontend\tests\users.full.spec.ts:60:9)
        at C:\Users\Bilal\Desktop\mindnavy LMS\frontend\tests\users.full.spec.ts:299:9

    Error Context: test-results\users.full-Force-Logout-User-→-verify-sessions-0-authenticated\error-context.md

    Error Context: test-results\users.full-Force-Logout-User-→-verify-sessions-0-authenticated\error-context.md

  138) [authenticated] › tests\users.full.spec.ts:309:1 › Import Users CSV → verify users added ────

    Error: page.evaluate: SecurityError: Failed to read the 'localStorage' property from 'Window': Access is denied for this document.
        at UtilityScript.evaluate (<anonymous>:305:16)
        at UtilityScript.<anonymous> (<anonymous>:1:44)
        at UtilityScript.evaluate (<anonymous>:305:16)
        at UtilityScript.<anonymous> (<anonymous>:1:44)
        at stashToken (C:\Users\Bilal\Desktop\mindnavy LMS\frontend\tests\users.full.spec.ts:19:29)
        at C:\Users\Bilal\Desktop\mindnavy LMS\frontend\tests\users.full.spec.ts:310:9

    Error Context: test-results\users.full-Import-Users-CSV-→-verify-users-added-authenticated\error-context.md

    Error Context: test-results\users.full-Import-Users-CSV-→-verify-users-added-authenticated\error-context.md

  139) [authenticated] › tests\users.full.spec.ts:342:1 › Bulk Suspend → verify multiple users suspended 

    Error: page.evaluate: SecurityError: Failed to read the 'localStorage' property from 'Window': Access is denied for this document.
        at UtilityScript.evaluate (<anonymous>:305:16)
        at UtilityScript.<anonymous> (<anonymous>:1:44)
        at UtilityScript.evaluate (<anonymous>:305:16)
        at UtilityScript.<anonymous> (<anonymous>:1:44)
        at stashToken (C:\Users\Bilal\Desktop\mindnavy LMS\frontend\tests\users.full.spec.ts:19:29)
        at importUsersCsv (C:\Users\Bilal\Desktop\mindnavy LMS\frontend\tests\users.full.spec.ts:95:9)
        at C:\Users\Bilal\Desktop\mindnavy LMS\frontend\tests\users.full.spec.ts:350:9

    Error Context: test-results\users.full-Bulk-Suspend-→-verify-multiple-users-suspended-authenticated\error-context.md

    Error Context: test-results\users.full-Bulk-Suspend-→-verify-multiple-users-suspended-authenticated\error-context.md

  140) [authenticated] › tests\users.full.spec.ts:371:1 › Bulk Assign Role → verify multiple users updated 

    Error: page.evaluate: SecurityError: Failed to read the 'localStorage' property from 'Window': Access is denied for this document.
        at UtilityScript.evaluate (<anonymous>:305:16)
        at UtilityScript.<anonymous> (<anonymous>:1:44)
        at UtilityScript.evaluate (<anonymous>:305:16)
        at UtilityScript.<anonymous> (<anonymous>:1:44)
        at stashToken (C:\Users\Bilal\Desktop\mindnavy LMS\frontend\tests\users.full.spec.ts:19:29)
        at importUsersCsv (C:\Users\Bilal\Desktop\mindnavy LMS\frontend\tests\users.full.spec.ts:95:9)
        at C:\Users\Bilal\Desktop\mindnavy LMS\frontend\tests\users.full.spec.ts:379:9

    Error Context: test-results\users.full-Bulk-Assign-Role-→-verify-multiple-users-updated-authenticated\error-context.md

    Error Context: test-results\users.full-Bulk-Assign-Role-→-verify-multiple-users-updated-authenticated\error-context.md

  140 failed
    [authenticated] › tests\categories.full.spec.ts:100:1 › Categories: create root category via UI modal → appears in tree 
    [authenticated] › tests\categories.full.spec.ts:148:1 › Categories: rename category via Edit modal → updated in tree 
    [authenticated] › tests\categories.full.spec.ts:224:1 › Categories: delete blocked when has courses → shows exact backend message 
    [authenticated] › tests\categories.full.spec.ts:256:1 › Categories: CourseForm category picker shows categories by UUID, not free text 
    [authenticated] › tests\certificate-placeholders.full.spec.ts:155:1 › Template editor — unrecognized {{token}} warns immediately, valid chips never do 
    [authenticated] › tests\certificates.full.spec.ts:151:1 › Create template — layout saved, bad hex color rejected client-side 
    [authenticated] › tests\certificates.full.spec.ts:267:1 › Issue certificate — success case, appears in the list 
    [authenticated] › tests\certificates.full.spec.ts:293:1 › Issue with certificateEnabled=false — exact backend message + link to course settings 
    [authenticated] › tests\certificates.full.spec.ts:322:1 › Issue duplicate (course,user) pair — exact message + Reissue shortcut 
    [authenticated] › tests\certificates.full.spec.ts:361:1 › Revoke certificate — succeeds, Revoke action disabled once already revoked 
    [authenticated] › tests\certificates.full.spec.ts:392:1 › Reissue — confirm dialog states old QR/PDF stop working, new code differs from old 
    [authenticated] › tests\certificates.full.spec.ts:423:1 › PDF download — fetched with Bearer header (not a bare anchor), not a document navigation 
    [authenticated] › tests\certificates.full.spec.ts:443:1 › PDF download on a revoked certificate — handled as an error state, no broken download 
    [authenticated] › tests\certificates.full.spec.ts:498:3 › Public verify page (no auth) › valid code — success state with student/course/date 
    [authenticated] › tests\competencies.full.spec.ts:77:1 › Competencies page loads with header, stats cards and tabs 
    [authenticated] › tests\competencies.full.spec.ts:121:1 › Creating a framework and adding the competency as a required skill 
    [authenticated] › tests\competencies.full.spec.ts:249:1 › Import/Export tab: export downloads a CSV and import creates a competency 
    [authenticated] › tests\content-library.full.spec.ts:121:1 › Upload dialog has NO type picker — SCORM/QUIZ structurally cannot be offered for upload 
    [authenticated] › tests\course-approval.full.spec.ts:162:1 › Approval: Reject modal opens, validates required reason, counter 
    [authenticated] › tests\course-approval.full.spec.ts:194:1 › Approval: Reject submits reason → POST reject, toast, course removed from Pending 
    [authenticated] › tests\course-approval.full.spec.ts:223:1 › Approval: rejectionReason banner visible on Basic Info after reject 
    [authenticated] › tests\course-approval.full.spec.ts:329:1 › Approval: double-click prevention — Request Changes button disabled during request 
    [authenticated] › tests\course-basic-info.full.spec.ts:76:1 › Basic Info edit: "Next: Course Builder" sends PATCH then navigates (regression) 
    [authenticated] › tests\course-basic-info.full.spec.ts:131:1 › Basic Info edit: "Save Draft" button still saves and returns to list 
    [authenticated] › tests\course-builder.full.spec.ts:141:1 › Add section — title appears in the section list 
    [authenticated] › tests\course-builder.full.spec.ts:150:1 › Add text lesson — lesson appears under its section 
    [authenticated] › tests\course-builder.full.spec.ts:160:1 › Add valid video URL lesson — accepted and appears in list 
    [authenticated] › tests\course-builder.full.spec.ts:192:1 › Reject invalid video URL — shows inline error, no API call 
    [authenticated] › tests\course-builder.full.spec.ts:215:1 › Edit lesson prefill — form opens with existing values 
    [authenticated] › tests\course-builder.full.spec.ts:236:1 › Delete section confirm — dismiss keeps it, confirm removes it 
    [authenticated] › tests\course-builder.full.spec.ts:263:1 › Reorder sends ONE bulk PATCH and replaces state from response 
    [authenticated] › tests\course-preview.full.spec.ts:185:1 › Preview: Back navigates to Settings, Next navigates to Submit 
    [authenticated] › tests\course-preview.full.spec.ts:209:1 › Preview: empty sections → shows empty state, not a broken render 
    [authenticated] › tests\course-preview.full.spec.ts:235:1 › Preview: 404 course → shows error state with Retry button 
    [authenticated] › tests\course-settings.full.spec.ts:95:1 › Settings form: renders all sections and saves changed fields 
    [authenticated] › tests\course-settings.full.spec.ts:161:1 › Settings form: does not PATCH when no fields changed 
    [authenticated] › tests\course-settings.full.spec.ts:234:1 › Settings form: accessRules multi-selects save group and prerequisite course, reload restores selection 
    [authenticated] › tests\course-submit.full.spec.ts:137:1 › Submit: successfully submits a ready course → shows success + Pending 
    [authenticated] › tests\course-submit.full.spec.ts:161:1 › Submit: SUBMIT_CHECKS_FAILED → renders full errors[] list 
    [authenticated] › tests\course-submit.full.spec.ts:188:1 › Submit: non-Draft course shows status guard (no submit button) 
    [authenticated] › tests\course-submit.full.spec.ts:209:1 › Submit: "Save as Draft" navigates back to course list 
    [authenticated] › tests\course-submit.full.spec.ts:226:1 › Submit: wrong-state 400 → shows exact backend message inline (not errors[] list) 
    [authenticated] › tests\course-submit.full.spec.ts:259:1 › Submit: button is disabled during in-flight request (double-submit prevented) 
    [authenticated] › tests\course-submit.full.spec.ts:289:1 › Submit: courses list shows Pending badge after submit without hard reload (invalidation) 
    [authenticated] › tests\course-upload.full.spec.ts:110:1 › Size rejection — file > 5 MB blocked client-side, no API request 
    [authenticated] › tests\course-upload.full.spec.ts:160:1 › Progress bar renders during file transfer 
    [authenticated] › tests\course-upload.full.spec.ts:204:1 › Cancel mid-upload resets UI to idle drop zone 
    [authenticated] › tests\course-upload.full.spec.ts:246:1 › Replace thumbnail deletes old storage path 
    [authenticated] › tests\course-video-upload.full.spec.ts:186:1 › Edit mode TEXT→VIDEO_URL gates Upload File until type is saved, then unlocks 
    [authenticated] › tests\course-video-upload.full.spec.ts:255:1 › Create mode shows "save lesson first" — no upload available 
    [authenticated] › tests\course-video-upload.full.spec.ts:277:1 › Type rejection — non-video file blocked client-side, no sign request 
    [authenticated] › tests\course-video-upload.full.spec.ts:299:1 › Size rejection — file > 50 MB blocked client-side, no sign request 
    [authenticated] › tests\course-video-upload.full.spec.ts:323:1 › Successful video upload — sign → PUT → confirm → done state visible 
    [authenticated] › tests\course-video-upload.full.spec.ts:344:1 › Progress bar renders during video transfer 
    [authenticated] › tests\course-video-upload.full.spec.ts:383:1 › Cancel mid-upload resets UI to drop zone 
    [authenticated] › tests\courses-invalidation.full.spec.ts:75:1 › Archive a Published course → Dashboard Courses KPI decrements without hard reload 
    [authenticated] › tests\courses-tab.full.spec.ts:181:1 › Edit prefill — form opens with the course's existing title 
    [authenticated] › tests\courses-tab.full.spec.ts:248:1 › Guide "Create New Course" button opens the create form on the Courses tab 
    [authenticated] › tests\courses-tab.full.spec.ts:267:1 › Overview header "Create Course" button opens the create form on the Courses tab 
    [authenticated] › tests\courses-tab.full.spec.ts:380:1 › View modal: backdrop click closes ─────
    [authenticated] › tests\courses-tab.full.spec.ts:393:1 › View modal: 404 response shows error message and Retry 
    [authenticated] › tests\courses-tab.full.spec.ts:410:1 › Restore: archived course moves to Draft tab after restore 
    [authenticated] › tests\dashboard-kpis.full.spec.ts:15:1 › Dashboard shows all 9 KPI card labels 
    [authenticated] › tests\dashboard.full.spec.ts:72:1 › Live Sessions widget shows counts matching the real LiveSession rows (not app-login sessions) 
    [authenticated] › tests\dashboard.full.spec.ts:124:1 › Pending Approvals badge count matches items list exactly (no total/empty-list contradiction) 
    [authenticated] › tests\enrollments.full.spec.ts:79:1 › Enroll flow — dialog validates, submits, appears with NOT_STARTED / 0% progress 
    [authenticated] › tests\enrollments.full.spec.ts:113:1 › Already enrolled — real backend 400 shown next to the submit button, not a toast 
    [authenticated] › tests\enrollments.full.spec.ts:143:1 › Course full — exact "Course is full" backend message shown next to submit (* mock) 
    [authenticated] › tests\enrollments.full.spec.ts:168:1 › Status change — PATCH sends {status} ONLY, progress never in the request body 
    [authenticated] › tests\enrollments.full.spec.ts:207:1 › Unenroll — DELETE fires, confirm dialog stays neutral (never mentions certificates) 
    [authenticated] › tests\finance.full.spec.ts:72:1 › Finance page loads with header, KPI cards, and all tabs 
    [authenticated] › tests\finance.full.spec.ts:100:1 › Create Coupon creates a coupon and it appears in the Coupons tab 
    [authenticated] › tests\finance.full.spec.ts:149:1 › Generate Invoice creates an invoice with a correct sequential number 
    [authenticated] › tests\groups.full.spec.ts:97:3 › Group CRUD › Create Group → verify appears in table 
    [authenticated] › tests\groups.full.spec.ts:141:3 › Group Members › Add Members to Group → verify member count increases 
    [authenticated] › tests\groups.full.spec.ts:190:1 › Search Groups → verify filtered results ────
    [authenticated] › tests\instructor-applications.full.spec.ts:192:1 › Request changes: modal appears, change request is required, and the status updates 
    [authenticated] › tests\instructor-panel-analytics.full.spec.ts:97:1 › Panel shows real stats — Courses, Students, and "—" for Rating/Revenue 
    [authenticated] › tests\instructor-panel-analytics.full.spec.ts:127:1 › Approving a pending course removes it from the panel queue without a reload 
    [authenticated] › tests\instructor-phase-b.full.spec.ts:89:1 › Courses tab loads the instructor's courses 
    [authenticated] › tests\instructor-phase-b.full.spec.ts:105:1 › Approving a pending course changes its status to Published 
    [authenticated] › tests\instructor-phase-cd.full.spec.ts:69:1 › Reviews tab loads and shows the empty state 
    [authenticated] › tests\instructor-phase-cd.full.spec.ts:84:1 › Uploading a certification then verifying it shows VERIFIED 
    [authenticated] › tests\instructor-stats-cards.full.spec.ts:97:1 › Suspending an instructor updates the Suspended Instructors card without a hard reload 
    [authenticated] › tests\instructors.full.spec.ts:109:1 › Suspend action opens the reason modal, submits, and the status badge updates 
    [authenticated] › tests\integrations.full.spec.ts:40:1 › Integrations page loads with header, stats cards and tabs 
    [authenticated] › tests\integrations.full.spec.ts:53:1 › Dashboard shows Zoom as CONNECTED ─────
    [authenticated] › tests\learners.full.spec.ts:185:1 › Panel deep-link (?learner=<id>) opens the side panel directly 
    [authenticated] › tests\learners.full.spec.ts:191:1 › Enrolling a learner in a course makes it appear in the Courses tab 
    [authenticated] › tests\learners.full.spec.ts:239:1 › Bulk Enroll (More Actions) enrolls multiple learners in one course 
    [authenticated] › tests\learners.full.spec.ts:281:1 › Suspending a learner updates the status badge and suspension history 
    [authenticated] › tests\learning-paths.full.spec.ts:112:1 › Create path — form opens, validates, submits, appears in list 
    [authenticated] › tests\learning-paths.full.spec.ts:149:1 › Edit path — title, description, sequential changed and persisted 
    [authenticated] › tests\learning-paths.full.spec.ts:207:1 › Delete path — confirm dialog required, path removed from list 
    [authenticated] › tests\learning-paths.full.spec.ts:241:1 › Add COURSE item — appears fully resolved without a page refetch 
    [authenticated] › tests\learning-paths.full.spec.ts:331:1 › Reject duplicate item — exact backend message shown inline 
    [authenticated] › tests\learning-paths.full.spec.ts:470:1 › missing:true item renders as "unavailable" without crashing (* mock) 
    [authenticated] › tests\learning-paths.full.spec.ts:515:1 › Archived course item shows Archived badge — distinct from missing 
    [authenticated] › tests\live-sessions.full.spec.ts:105:1 › Schedule session — past start time blocked client-side, no POST fired 
    [authenticated] › tests\live-sessions.full.spec.ts:132:1 › Schedule session — real backend responds; 503 (Zoom unconfigured) rendered verbatim if that is the current state 
    [authenticated] › tests\live-sessions.full.spec.ts:164:1 › Unknown instructor — exact backend message shown inline, not a toast (* mock) 
    [authenticated] › tests\live-sessions.full.spec.ts:195:1 › startUrl exposed ONLY via "Start (host)" — Join uses joinUrl, startUrl never leaks elsewhere (* mock) 
    [authenticated] › tests\live-sessions.full.spec.ts:215:1 › Status badge is a pure render of the server value — no status control in the UI (* mock) 
    [authenticated] › tests\live-sessions.full.spec.ts:226:1 › Edit: nothing changed → no PATCH sent (empty patch is a backend 400) (* mock) 
    [authenticated] › tests\live-sessions.full.spec.ts:244:1 › Cancel — confirm dialog explicitly mentions Zoom meeting deletion, DELETE fires (* mock) 
    [authenticated] › tests\lm-overview.full.spec.ts:95:1 › Courses table paginates through real data 
    [authenticated] › tests\lm-overview.full.spec.ts:134:1 › Courses table instructor filter passes the instructor id back to the API 
    [authenticated] › tests\notifications.full.spec.ts:113:1 › Create Announcement sends to a scoped custom audience and appears in the list 
    [authenticated] › tests\notifications.full.spec.ts:177:1 › Send Notification to a real user appears in Delivery Logs 
    [authenticated] › tests\organization.full.spec.ts:70:3 › Branches › Delete Branch → verify removed 
    [authenticated] › tests\organization.full.spec.ts:99:3 › Departments › Edit Department → verify changes saved 
    [authenticated] › tests\organization.full.spec.ts:138:3 › Teams › Add Team → verify appears in table 
    [authenticated] › tests\quizzes.full.spec.ts:116:1 › Create quiz without a course — form opens, validates, submits, appears in list 
    [authenticated] › tests\quizzes.full.spec.ts:152:1 › Create quiz attached to a course — courseId carried through 
    [authenticated] › tests\quizzes.full.spec.ts:179:1 › Edit quiz — passingGrade updates, attempts/timeLimit clear to unlimited/none (null) 
    [authenticated] › tests\quizzes.full.spec.ts:236:1 › Delete quiz — confirm dialog required, permanently removes quiz and its questions 
    [authenticated] › tests\quizzes.full.spec.ts:521:1 › Multi-Select: no correct checkboxes selected → visible error, no POST, dialog stays open 
    [authenticated] › tests\reports-schedule.full.spec.ts:43:1 › Scheduled Reports: full lifecycle — create, pause, resume, edit, delete 
    [authenticated] › tests\reports.full.spec.ts:14:1 › Reports & Analytics page loads with header, 13 tabs, and 10 KPI cards 
    [authenticated] › tests\reports.full.spec.ts:157:1 › Export Center JSON format downloads the flat {type,columns,rows} shape 
    [authenticated] › tests\reports.full.spec.ts:174:1 › remaining tabs (Course Analytics, Learning Progress, Assessments, Certificates, Attendance, Engagement, Compliance, Custom Reports) render without error 
    [authenticated] › tests\role-templates.full.spec.ts:67:1 › Expand a template card → its permissions load 
    [authenticated] › tests\roles.full.spec.ts:67:3 › Role CRUD › Delete Role without users → verify removed 
    [authenticated] › tests\stats-consistency.full.spec.ts:169:1 › Pending Verification is consistent between Users page and its own tab 
    [authenticated] › tests\system-settings.full.spec.ts:60:1 › System Settings page loads with header and all tabs render 
    [authenticated] › tests\system-settings.full.spec.ts:78:1 › General tab: update Platform Name → saved → Config Logs shows the change 
    [authenticated] › tests\system-settings.full.spec.ts:138:1 › Email Config: Send Test Email returns a result without crashing 
    [authenticated] › tests\user-role-assignments.full.spec.ts:153:3 › Assignment CRUD › Create assignment → appears in table with correct role badge 
    [authenticated] › tests\user-role-assignments.full.spec.ts:196:1 › Temporary assignment → expiry date shown in table 
    [authenticated] › tests\users.full.spec.ts:132:3 › Add / Edit / Search / Filter › Add User → verify appears in table 
    [authenticated] › tests\users.full.spec.ts:184:1 › Suspend User → verify moves to Suspended tab 
    [authenticated] › tests\users.full.spec.ts:203:3 › Archive / Restore › Archive User → verify moves to Archived tab 
    [authenticated] › tests\users.full.spec.ts:226:1 › Approve Pending Verification → verify status changes 
    [authenticated] › tests\users.full.spec.ts:241:1 › Reject Pending Verification → verify status changes 
    [authenticated] › tests\users.full.spec.ts:252:1 › Assign Role to User → verify role updated ───
    [authenticated] › tests\users.full.spec.ts:283:1 › Send Message to User → verify success toast ─
    [authenticated] › tests\users.full.spec.ts:296:1 › Force Logout User → verify sessions = 0 ─────
    [authenticated] › tests\users.full.spec.ts:309:1 › Import Users CSV → verify users added ───────
    [authenticated] › tests\users.full.spec.ts:342:1 › Bulk Suspend → verify multiple users suspended 
    [authenticated] › tests\users.full.spec.ts:371:1 › Bulk Assign Role → verify multiple users updated 
  8 skipped
  13 did not run
  184 passed (46.5m)
